<html>
<body>
<pre>
<h1>礦ision Build Log</h1>
<h2>Tool Versions:</h2>
IDE-Version: μVision V5.26.2.0
Copyright (C) 2018 ARM Ltd and ARM Germany GmbH. All rights reserved.
License Information: L LTC, LTC, LIC=MGX8T-RBPQ9-LUD4M-XRVLD-36TJF-BCQI8
 
Tool Versions:
Toolchain:       MDK-ARM Professional  Version: 5.26.2.0
Toolchain Path:  E:\ZYAPP\Keil_v5\ARM\ARMCC\Bin
C Compiler:      Armcc.exe V5.06 update 6 (build 750)
Assembler:       Armasm.exe V5.06 update 6 (build 750)
Linker/Locator:  ArmLink.exe V5.06 update 6 (build 750)
Library Manager: ArmAr.exe V5.06 update 6 (build 750)
Hex Converter:   FromElf.exe V5.06 update 6 (build 750)
CPU DLL:         SARMCM3.DLL V5.26.2.0
Dialog DLL:      DCM.DLL V1.17.2.0
Target DLL:      STLink\ST-LINKIII-KEIL_SWO.dll V3.0.5.0
Dialog DLL:      TCM.DLL V1.36.1.0
 
<h2>Project:</h2>
F:\Project\STM32\STM32_CERS\YSF4_HAL-074. USB-读写U盘\MDK-ARM\YS-F4Pro.uvprojx
Project File Date:  02/01/2021

<h2>Output:</h2>
*** Using Compiler 'V5.06 update 6 (build 750)', folder: 'E:\ZYAPP\Keil_v5\ARM\ARMCC\Bin'
Build target 'YS-F4Pro'
compiling main.c...
../Src/main.c(219): warning:  #167-D: argument of type "BYTE *" is incompatible with parameter of type "char *restrict"
        sprintf(WriteBuffer_test, "%d", counts);
../Src/main.c(224): warning:  #167-D: argument of type "BYTE *" is incompatible with parameter of type "char *restrict"
        sprintf(WriteBuffer_test, "%d", 0000);
../Src/main.c(239): warning:  #167-D: argument of type "BYTE *" is incompatible with parameter of type "char *restrict"
        sprintf(WriteBuffer_test, "\r\n"); 
../Src/main.c(248): warning:  #167-D: argument of type "BYTE *" is incompatible with parameter of type "char *restrict"
        sprintf(WriteBuffer_dir,"%s","文件夹测试文件夹");
../Src/main.c(249): warning:  #167-D: argument of type "BYTE *" is incompatible with parameter of type "const TCHAR *"
        f_res=f_mkdir(WriteBuffer_dir);
../Src/main.c(256): warning:  #167-D: argument of type "BYTE *" is incompatible with parameter of type "char *restrict"
        sprintf( WriteBuffer_csv,"/%s/%s.csv",WriteBuffer_dir,"文件夹测试文件");
../Src/main.c(258): warning:  #167-D: argument of type "BYTE *" is incompatible with parameter of type "const TCHAR *"
        f_res =f_open(&file, WriteBuffer_csv,FA_CREATE_ALWAYS | FA_WRITE );
../Src/main.c(261): warning:  #167-D: argument of type "BYTE *" is incompatible with parameter of type "char *restrict"
        sprintf(WriteBuffer_test, "%d,", counts);
../Src/main.c(266): warning:  #167-D: argument of type "BYTE *" is incompatible with parameter of type "char *restrict"
        sprintf(WriteBuffer_test, "%d", 0000);
../Src/main.c(271): warning:  #167-D: argument of type "BYTE *" is incompatible with parameter of type "char *restrict"
        sprintf(WriteBuffer_test, "%d,", counts);
../Src/main.c(126): warning:  #177-D: variable "total"  was declared but never referenced
    uint32_t total,free;
../Src/main.c(126): warning:  #177-D: variable "free"  was declared but never referenced
    uint32_t total,free;
../Src/main.c(127): warning:  #177-D: variable "res"  was declared but never referenced
  	uint8_t res=0,counts=0;
../Src/main.c(385): warning:  #177-D: function "read_write_flie"  was declared but never referenced
  static void read_write_flie(void)
../Src/main.c(447): warning:  #177-D: function "write_flie"  was declared but never referenced
  static void write_flie(void)
../Src/main.c: 15 warnings, 0 errors
linking...
Program Size: Code=31024 RO-data=175836 RW-data=328 ZI-data=10632  
FromELF: creating hex file...
"YS-F4Pro\YS-F4Pro.axf" - 0 Error(s), 15 Warning(s).

<h2>Software Packages used:</h2>

Package Vendor: Keil
                http://www.keil.com/pack/Keil.STM32F4xx_DFP.2.13.0.pack
                Keil.STM32F4xx_DFP.2.13.0
                STMicroelectronics STM32F4 Series Device Support, Drivers and Examples

<h2>Collection of Component include folders:</h2>
  .\RTE\_YS-F4Pro
  E:\ZYAPP\Keil_v5\ARM\PACK\Keil\STM32F4xx_DFP\2.13.0\Drivers\CMSIS\Device\ST\STM32F4xx\Include

<h2>Collection of Component Files used:</h2>
Build Time Elapsed:  00:00:05
</pre>
</body>
</html>
