Component: ARM Compiler 5.06 update 6 (build 750) Tool: armlink [4d35ed]

==============================================================================

Section Cross References

    startup_stm32f407xx.o(RESET) refers to startup_stm32f407xx.o(STACK) for __initial_sp
    startup_stm32f407xx.o(RESET) refers to startup_stm32f407xx.o(.text) for Reset_Handler
    startup_stm32f407xx.o(RESET) refers to stm32f4xx_it.o(i.NMI_Handler) for NMI_Handler
    startup_stm32f407xx.o(RESET) refers to stm32f4xx_it.o(i.HardFault_Handler) for HardFault_Handler
    startup_stm32f407xx.o(RESET) refers to stm32f4xx_it.o(i.MemManage_Handler) for MemManage_Handler
    startup_stm32f407xx.o(RESET) refers to stm32f4xx_it.o(i.BusFault_Handler) for BusFault_Handler
    startup_stm32f407xx.o(RESET) refers to stm32f4xx_it.o(i.UsageFault_Handler) for UsageFault_Handler
    startup_stm32f407xx.o(RESET) refers to stm32f4xx_it.o(i.SVC_Handler) for SVC_Handler
    startup_stm32f407xx.o(RESET) refers to stm32f4xx_it.o(i.DebugMon_Handler) for DebugMon_Handler
    startup_stm32f407xx.o(RESET) refers to stm32f4xx_it.o(i.PendSV_Handler) for PendSV_Handler
    startup_stm32f407xx.o(RESET) refers to stm32f4xx_it.o(i.SysTick_Handler) for SysTick_Handler
    startup_stm32f407xx.o(RESET) refers to stm32f4xx_it.o(i.RCC_IRQHandler) for RCC_IRQHandler
    startup_stm32f407xx.o(RESET) refers to stm32f4xx_it.o(i.OTG_FS_IRQHandler) for OTG_FS_IRQHandler
    startup_stm32f407xx.o(.text) refers to system_stm32f4xx.o(i.SystemInit) for SystemInit
    startup_stm32f407xx.o(.text) refers to entry.o(.ARM.Collect$$$$00000000) for __main
    main.o(i.SystemClock_Config) refers to stm32f4xx_hal_rcc.o(i.HAL_RCC_OscConfig) for HAL_RCC_OscConfig
    main.o(i.SystemClock_Config) refers to stm32f4xx_hal_rcc.o(i.HAL_RCC_ClockConfig) for HAL_RCC_ClockConfig
    main.o(i.SystemClock_Config) refers to stm32f4xx_hal_rcc.o(i.HAL_RCC_EnableCSS) for HAL_RCC_EnableCSS
    main.o(i.SystemClock_Config) refers to stm32f4xx_hal_rcc.o(i.HAL_RCC_GetHCLKFreq) for HAL_RCC_GetHCLKFreq
    main.o(i.SystemClock_Config) refers to stm32f4xx_hal_cortex.o(i.HAL_SYSTICK_Config) for HAL_SYSTICK_Config
    main.o(i.SystemClock_Config) refers to stm32f4xx_hal_cortex.o(i.HAL_SYSTICK_CLKSourceConfig) for HAL_SYSTICK_CLKSourceConfig
    main.o(i.SystemClock_Config) refers to stm32f4xx_hal_cortex.o(i.HAL_NVIC_SetPriority) for HAL_NVIC_SetPriority
    main.o(i.USBH_UserProcess) refers to main.o(.data) for .data
    main.o(i.exf_getfree) refers to ff.o(i.f_getfree) for f_getfree
    main.o(i.main) refers to stm32f4xx_hal.o(i.HAL_Init) for HAL_Init
    main.o(i.main) refers to main.o(i.SystemClock_Config) for SystemClock_Config
    main.o(i.main) refers to bsp_led.o(i.LED_GPIO_Init) for LED_GPIO_Init
    main.o(i.main) refers to bsp_key.o(i.KEY_GPIO_Init) for KEY_GPIO_Init
    main.o(i.main) refers to bsp_debug_usart.o(i.MX_DEBUG_USART_Init) for MX_DEBUG_USART_Init
    main.o(i.main) refers to printf5.o(i.__0printf$5) for __2printf
    main.o(i.main) refers to ff_gen_drv.o(i.FATFS_LinkDriver) for FATFS_LinkDriver
    main.o(i.main) refers to usbh_core.o(i.USBH_Init) for USBH_Init
    main.o(i.main) refers to usbh_core.o(i.USBH_RegisterClass) for USBH_RegisterClass
    main.o(i.main) refers to usbh_core.o(i.USBH_Start) for USBH_Start
    main.o(i.main) refers to ff.o(i.f_mount) for f_mount
    main.o(i.main) refers to ff.o(i.f_open) for f_open
    main.o(i.main) refers to usbh_core.o(i.USBH_Process) for USBH_Process
    main.o(i.main) refers to stm32f4xx_hal.o(i.HAL_Delay) for HAL_Delay
    main.o(i.main) refers to stm32f4xx_hal_gpio.o(i.HAL_GPIO_TogglePin) for HAL_GPIO_TogglePin
    main.o(i.main) refers to bsp_key.o(i.KEY1_StateRead) for KEY1_StateRead
    main.o(i.main) refers to bsp_key.o(i.KEY2_StateRead) for KEY2_StateRead
    main.o(i.main) refers to bsp_key.o(i.KEY3_StateRead) for KEY3_StateRead
    main.o(i.main) refers to bsp_key.o(i.KEY4_StateRead) for KEY4_StateRead
    main.o(i.main) refers to bsp_key.o(i.KEY5_StateRead) for KEY5_StateRead
    main.o(i.main) refers to stm32f4xx_hal_gpio.o(i.HAL_GPIO_WritePin) for HAL_GPIO_WritePin
    main.o(i.main) refers to main.o(i.printf_fatfs_error) for printf_fatfs_error
    main.o(i.main) refers to main.o(i.scan_files) for scan_files
    main.o(i.main) refers to printf5.o(i.__0sprintf$5) for __2sprintf
    main.o(i.main) refers to ff.o(i.f_write) for f_write
    main.o(i.main) refers to ff.o(i.f_sync) for f_sync
    main.o(i.main) refers to ff.o(i.f_mkdir) for f_mkdir
    main.o(i.main) refers to main.o(.data) for .data
    main.o(i.main) refers to usbh_diskio.o(.constdata) for USBH_Driver
    main.o(i.main) refers to main.o(i.USBH_UserProcess) for USBH_UserProcess
    main.o(i.main) refers to main.o(.bss) for .bss
    main.o(i.main) refers to usbh_msc.o(.data) for USBH_msc
    main.o(i.printf_fatfs_error) refers to printf5.o(i.__0printf$5) for __2printf
    main.o(i.scan_files) refers to ff.o(i.f_opendir) for f_opendir
[...]
    i.USBH_MSC_SOFProcess                    0x08003df0   Section        0  usbh_msc.o(i.USBH_MSC_SOFProcess)
    USBH_MSC_SOFProcess                      0x08003df1   Thumb Code     4  usbh_msc.o(i.USBH_MSC_SOFProcess)
    i.USBH_MSC_UnitIsReady                   0x08003df4   Section        0  usbh_msc.o(i.USBH_MSC_UnitIsReady)
    i.USBH_MSC_Write                         0x08003e1e   Section        0  usbh_msc.o(i.USBH_MSC_Write)
    i.USBH_OpenPipe                          0x08003eb8   Section        0  usbh_pipes.o(i.USBH_OpenPipe)
    i.USBH_ParseCfgDesc                      0x08003ed6   Section        0  usbh_ctlreq.o(i.USBH_ParseCfgDesc)
    USBH_ParseCfgDesc                        0x08003ed7   Thumb Code   178  usbh_ctlreq.o(i.USBH_ParseCfgDesc)
    i.USBH_ParseDevDesc                      0x08003f88   Section        0  usbh_ctlreq.o(i.USBH_ParseDevDesc)
    USBH_ParseDevDesc                        0x08003f89   Thumb Code    88  usbh_ctlreq.o(i.USBH_ParseDevDesc)
    i.USBH_ParseEPDesc                       0x08003fe0   Section        0  usbh_ctlreq.o(i.USBH_ParseEPDesc)
    USBH_ParseEPDesc                         0x08003fe1   Thumb Code    32  usbh_ctlreq.o(i.USBH_ParseEPDesc)
    i.USBH_ParseInterfaceDesc                0x08004000   Section        0  usbh_ctlreq.o(i.USBH_ParseInterfaceDesc)
    USBH_ParseInterfaceDesc                  0x08004001   Thumb Code    38  usbh_ctlreq.o(i.USBH_ParseInterfaceDesc)
    i.USBH_ParseStringDesc                   0x08004026   Section        0  usbh_ctlreq.o(i.USBH_ParseStringDesc)
    USBH_ParseStringDesc                     0x08004027   Thumb Code    52  usbh_ctlreq.o(i.USBH_ParseStringDesc)
    i.USBH_Process                           0x0800405c   Section        0  usbh_core.o(i.USBH_Process)
    i.USBH_RegisterClass                     0x0800438c   Section        0  usbh_core.o(i.USBH_RegisterClass)
    i.USBH_SelectInterface                   0x08004414   Section        0  usbh_core.o(i.USBH_SelectInterface)
    i.USBH_SetAddress                        0x08004508   Section        0  usbh_ctlreq.o(i.USBH_SetAddress)
    i.USBH_SetCfg                            0x08004524   Section        0  usbh_ctlreq.o(i.USBH_SetCfg)
    i.USBH_Start                             0x08004540   Section        0  usbh_core.o(i.USBH_Start)
    i.USBH_UserProcess                       0x08004558   Section        0  main.o(i.USBH_UserProcess)
    USBH_UserProcess                         0x08004559   Thumb Code    30  main.o(i.USBH_UserProcess)
    i.USBH_initialize                        0x0800457c   Section        0  usbh_diskio.o(i.USBH_initialize)
    i.USBH_ioctl                             0x08004580   Section        0  usbh_diskio.o(i.USBH_ioctl)
    i.USBH_read                              0x080045f0   Section        0  usbh_diskio.o(i.USBH_read)
    i.USBH_status                            0x080046b8   Section        0  usbh_diskio.o(i.USBH_status)
    i.USBH_write                             0x080046d0   Section        0  usbh_diskio.o(i.USBH_write)
    i.USB_CoreInit                           0x080047d0   Section        0  stm32f4xx_ll_usb.o(i.USB_CoreInit)
    i.USB_CoreReset                          0x08004844   Section        0  stm32f4xx_ll_usb.o(i.USB_CoreReset)
    USB_CoreReset                            0x08004845   Thumb Code    54  stm32f4xx_ll_usb.o(i.USB_CoreReset)
    i.USB_DisableGlobalInt                   0x08004880   Section        0  stm32f4xx_ll_usb.o(i.USB_DisableGlobalInt)
    i.USB_DoPing                             0x0800488c   Section        0  stm32f4xx_ll_usb.o(i.USB_DoPing)
    i.USB_DriveVbus                          0x080048d4   Section        0  stm32f4xx_ll_usb.o(i.USB_DriveVbus)
    i.USB_EnableGlobalInt                    0x08004914   Section        0  stm32f4xx_ll_usb.o(i.USB_EnableGlobalInt)
    i.USB_FlushRxFifo                        0x08004920   Section        0  stm32f4xx_ll_usb.o(i.USB_FlushRxFifo)
    i.USB_FlushTxFifo                        0x08004944   Section        0  stm32f4xx_ll_usb.o(i.USB_FlushTxFifo)
    i.USB_GetCurrentFrame                    0x0800496c   Section        0  stm32f4xx_ll_usb.o(i.USB_GetCurrentFrame)
    i.USB_GetHostSpeed                       0x08004974   Section        0  stm32f4xx_ll_usb.o(i.USB_GetHostSpeed)
    i.USB_GetMode                            0x08004986   Section        0  stm32f4xx_ll_usb.o(i.USB_GetMode)
    i.USB_HC_Halt                            0x0800498e   Section        0  stm32f4xx_ll_usb.o(i.USB_HC_Halt)
    i.USB_HC_Init                            0x08004ae2   Section        0  stm32f4xx_ll_usb.o(i.USB_HC_Init)
    i.USB_HC_ReadInterrupt                   0x08004be0   Section        0  stm32f4xx_ll_usb.o(i.USB_HC_ReadInterrupt)
    i.USB_HC_StartXfer                       0x08004bec   Section        0  stm32f4xx_ll_usb.o(i.USB_HC_StartXfer)
    i.USB_HostInit                           0x08004d84   Section        0  stm32f4xx_ll_usb.o(i.USB_HostInit)
    i.USB_InitFSLSPClkSel                    0x08004e64   Section        0  stm32f4xx_ll_usb.o(i.USB_InitFSLSPClkSel)
    i.USB_ReadInterrupts                     0x08004e9e   Section        0  stm32f4xx_ll_usb.o(i.USB_ReadInterrupts)
    i.USB_ReadPacket                         0x08004ea6   Section        0  stm32f4xx_ll_usb.o(i.USB_ReadPacket)
    i.USB_ResetPort                          0x08004eca   Section        0  stm32f4xx_ll_usb.o(i.USB_ResetPort)
    i.USB_SetCurrentMode                     0x08004efa   Section        0  stm32f4xx_ll_usb.o(i.USB_SetCurrentMode)
    i.USB_StopHost                           0x08004f28   Section        0  stm32f4xx_ll_usb.o(i.USB_StopHost)
    i.USB_WritePacket                        0x08004fd2   Section        0  stm32f4xx_ll_usb.o(i.USB_WritePacket)
    i.UsageFault_Handler                     0x08005002   Section        0  stm32f4xx_it.o(i.UsageFault_Handler)
    i.__0printf$5                            0x08005004   Section        0  printf5.o(i.__0printf$5)
    i.__0sprintf$5                           0x08005024   Section        0  printf5.o(i.__0sprintf$5)
    i.__scatterload_copy                     0x0800504c   Section       14  handlers.o(i.__scatterload_copy)
    i.__scatterload_null                     0x0800505a   Section        2  handlers.o(i.__scatterload_null)
    i.__scatterload_zeroinit                 0x0800505c   Section       14  handlers.o(i.__scatterload_zeroinit)
    i._printf_core                           0x0800506c   Section        0  printf5.o(i._printf_core)
    _printf_core                             0x0800506d   Thumb Code   658  printf5.o(i._printf_core)
    i._sputc                                 0x0800532c   Section        0  printf5.o(i._sputc)
    _sputc                                   0x0800532d   Thumb Code    10  printf5.o(i._sputc)
    i.check_fs                               0x08005338   Section        0  ff.o(i.check_fs)
    check_fs                                 0x08005339   Thumb Code   138  ff.o(i.check_fs)
    i.chk_chr                                0x080053c8   Section        0  ff.o(i.chk_chr)
    chk_chr                                  0x080053c9   Thumb Code    16  ff.o(i.chk_chr)
    i.chk_lock                               0x080053d8   Section        0  ff.o(i.chk_lock)
    chk_lock                                 0x080053d9   Thumb Code   120  ff.o(i.chk_lock)
    i.clear_lock                             0x08005454   Section        0  ff.o(i.clear_lock)
    clear_lock                               0x08005455   Thumb Code    34  ff.o(i.clear_lock)
    i.clmt_clust                             0x0800547c   Section        0  ff.o(i.clmt_clust)
    clmt_clust                               0x0800547d   Thumb Code    46  ff.o(i.clmt_clust)
    i.clust2sect                             0x080054aa   Section        0  ff.o(i.clust2sect)
    i.cmp_lfn                                0x080054c8   Section        0  ff.o(i.cmp_lfn)
    cmp_lfn                                  0x080054c9   Thumb Code   132  ff.o(i.cmp_lfn)
    i.create_chain                           0x08005550   Section        0  ff.o(i.create_chain)
    create_chain                             0x08005551   Thumb Code   198  ff.o(i.create_chain)
    i.create_name                            0x08005618   Section        0  ff.o(i.create_name)
    create_name                              0x08005619   Thumb Code   664  ff.o(i.create_name)
    i.dir_alloc                              0x080058c4   Section        0  ff.o(i.dir_alloc)
    dir_alloc                                0x080058c5   Thumb Code    74  ff.o(i.dir_alloc)
    i.dir_find                               0x0800590e   Section        0  ff.o(i.dir_find)
    dir_find                                 0x0800590f   Thumb Code   218  ff.o(i.dir_find)
    i.dir_next                               0x080059e8   Section        0  ff.o(i.dir_next)
    dir_next                                 0x080059e9   Thumb Code   354  ff.o(i.dir_next)
    i.dir_read                               0x08005b4a   Section        0  ff.o(i.dir_read)
    dir_read                                 0x08005b4b   Thumb Code   204  ff.o(i.dir_read)
    i.dir_register                           0x08005c18   Section        0  ff.o(i.dir_register)
    dir_register                             0x08005c19   Thumb Code   330  ff.o(i.dir_register)
    i.dir_sdi                                0x08005d68   Section        0  ff.o(i.dir_sdi)
    dir_sdi                                  0x08005d69   Thumb Code   174  ff.o(i.dir_sdi)
    i.disk_initialize                        0x08005e18   Section        0  diskio.o(i.disk_initialize)
    i.disk_ioctl                             0x08005e44   Section        0  diskio.o(i.disk_ioctl)
    i.disk_read                              0x08005e60   Section        0  diskio.o(i.disk_read)
    i.disk_status                            0x08005e80   Section        0  diskio.o(i.disk_status)
    i.disk_write                             0x08005e98   Section        0  diskio.o(i.disk_write)
    i.enq_lock                               0x08005eb8   Section        0  ff.o(i.enq_lock)
    enq_lock                                 0x08005eb9   Thumb Code    36  ff.o(i.enq_lock)
    i.f_mkdir                                0x08005ee0   Section        0  ff.o(i.f_mkdir)
    i.f_mount                                0x08006080   Section        0  ff.o(i.f_mount)
    i.f_open                                 0x080060e8   Section        0  ff.o(i.f_open)
    i.f_opendir                              0x080062c6   Section        0  ff.o(i.f_opendir)
    i.f_readdir                              0x0800636c   Section        0  ff.o(i.f_readdir)
    i.f_sync                                 0x080063d4   Section        0  ff.o(i.f_sync)
    i.f_write                                0x0800649c   Section        0  ff.o(i.f_write)
    i.ff_convert                             0x080066b4   Section        0  diskio.o(i.ff_convert)
    i.ff_wtoupper                            0x08006714   Section        0  diskio.o(i.ff_wtoupper)
    i.find_volume                            0x08006740   Section        0  ff.o(i.find_volume)
    find_volume                              0x08006741   Thumb Code   890  ff.o(i.find_volume)
    i.fit_lfn                                0x08006acc   Section        0  ff.o(i.fit_lfn)
    fit_lfn                                  0x08006acd   Thumb Code   110  ff.o(i.fit_lfn)
    i.follow_path                            0x08006b40   Section        0  ff.o(i.follow_path)
    follow_path                              0x08006b41   Thumb Code   170  ff.o(i.follow_path)
    i.fputc                                  0x08006bec   Section        0  bsp_debug_usart.o(i.fputc)
    i.free                                   0x08006c08   Section        0  malloc.o(i.free)
    i.gen_numname                            0x08006c58   Section        0  ff.o(i.gen_numname)
    gen_numname                              0x08006c59   Thumb Code   166  ff.o(i.gen_numname)
    i.get_fat                                0x08006cfe   Section        0  ff.o(i.get_fat)
    i.get_fattime                            0x08006dd4   Section        0  diskio.o(i.get_fattime)
    i.get_fileinfo                           0x08006dd8   Section        0  ff.o(i.get_fileinfo)
    get_fileinfo                             0x08006dd9   Thumb Code   242  ff.o(i.get_fileinfo)
    i.get_ldnumber                           0x08006eca   Section        0  ff.o(i.get_ldnumber)
    get_ldnumber                             0x08006ecb   Thumb Code    78  ff.o(i.get_ldnumber)
    i.inc_lock                               0x08006f18   Section        0  ff.o(i.inc_lock)
    inc_lock                                 0x08006f19   Thumb Code   174  ff.o(i.inc_lock)
    i.ld_clust                               0x08006fcc   Section        0  ff.o(i.ld_clust)
    ld_clust                                 0x08006fcd   Thumb Code    32  ff.o(i.ld_clust)
    i.main                                   0x08006fec   Section        0  main.o(i.main)
    i.malloc                                 0x08007380   Section        0  malloc.o(i.malloc)
    i.mem_cmp                                0x080073ec   Section        0  ff.o(i.mem_cmp)
    mem_cmp                                  0x080073ed   Thumb Code    24  ff.o(i.mem_cmp)
    i.mem_cpy                                0x08007404   Section        0  ff.o(i.mem_cpy)
    mem_cpy                                  0x08007405   Thumb Code    18  ff.o(i.mem_cpy)
    i.mem_set                                0x08007416   Section        0  ff.o(i.mem_set)
    mem_set                                  0x08007417   Thumb Code    16  ff.o(i.mem_set)
    i.move_window                            0x08007426   Section        0  ff.o(i.move_window)
    move_window                              0x08007427   Thumb Code    56  ff.o(i.move_window)
    i.pick_lfn                               0x08007460   Section        0  ff.o(i.pick_lfn)
    pick_lfn                                 0x08007461   Thumb Code   126  ff.o(i.pick_lfn)
    i.printf_fatfs_error                     0x080074e4   Section        0  main.o(i.printf_fatfs_error)
    printf_fatfs_error                       0x080074e5   Thumb Code   144  main.o(i.printf_fatfs_error)
    i.put_fat                                0x08007720   Section        0  ff.o(i.put_fat)
    i.remove_chain                           0x08007830   Section        0  ff.o(i.remove_chain)
    remove_chain                             0x08007831   Thumb Code   116  ff.o(i.remove_chain)
    i.scan_files                             0x080078a4   Section        0  main.o(i.scan_files)
    scan_files                               0x080078a5   Thumb Code   136  main.o(i.scan_files)
    i.st_clust                               0x0800793c   Section        0  ff.o(i.st_clust)
    st_clust                                 0x0800793d   Thumb Code    16  ff.o(i.st_clust)
    i.sum_sfn                                0x0800794c   Section        0  ff.o(i.sum_sfn)
    sum_sfn                                  0x0800794d   Thumb Code    26  ff.o(i.sum_sfn)
    i.sync_fs                                0x08007966   Section        0  ff.o(i.sync_fs)
    sync_fs                                  0x08007967   Thumb Code   186  ff.o(i.sync_fs)
    i.sync_window                            0x08007a20   Section        0  ff.o(i.sync_window)
    sync_window                              0x08007a21   Thumb Code   100  ff.o(i.sync_window)
    i.validate                               0x08007a84   Section        0  ff.o(i.validate)
    validate                                 0x08007a85   Thumb Code    52  ff.o(i.validate)
    .constdata                               0x08007ab8   Section       16  system_stm32f4xx.o(.constdata)
    .constdata                               0x08007ac8   Section        8  system_stm32f4xx.o(.constdata)
    .constdata                               0x08007ad0   Section    175304  diskio.o(.constdata)
    uni2oem                                  0x08007ad0   Data       87172  diskio.o(.constdata)
    oem2uni                                  0x0801cf54   Data       87172  diskio.o(.constdata)
    tbl_lower                                0x080323d8   Data         480  diskio.o(.constdata)
    tbl_upper                                0x080325b8   Data         480  diskio.o(.constdata)
    .constdata                               0x08032798   Section       58  ff.o(.constdata)
    LfnOfs                                   0x08032798   Data          13  ff.o(.constdata)
    vst                                      0x080327a6   Data          22  ff.o(.constdata)
    cst                                      0x080327bc   Data          22  ff.o(.constdata)
    .constdata                               0x080327d4   Section       20  usbh_diskio.o(.constdata)
    .conststring                             0x080327e8   Section        4  usbh_msc.o(.conststring)
    .data                                    0x20000000   Section      267  main.o(.data)
    .data                                    0x2000010c   Section        4  stm32f4xx_hal.o(.data)
    .data                                    0x20000110   Section        4  system_stm32f4xx.o(.data)
    .data                                    0x20000114   Section       32  usbh_msc.o(.data)
    .data                                    0x20000134   Section        8  ff.o(.data)
    Fsid                                     0x20000134   Data           2  ff.o(.data)
    FatFs                                    0x20000138   Data           4  ff.o(.data)
    .data                                    0x2000013c   Section        4  stdout.o(.data)
    .data                                    0x20000140   Section        4  mvars.o(.data)
    .data                                    0x20000144   Section        4  mvars.o(.data)
    .bss                                     0x20000148   Section     4748  main.o(.bss)
    lfn                                      0x20000148   Data         511  main.o(.bss)
    .bss                                     0x200013d4   Section      664  usbh_conf.o(.bss)
    .bss                                     0x2000166c   Section       64  bsp_debug_usart.o(.bss)
    .bss                                     0x200016ac   Section       24  ff.o(.bss)
    Files                                    0x200016ac   Data          24  ff.o(.bss)
    .bss                                     0x200016c4   Section       12  ff_gen_drv.o(.bss)
    .bss                                     0x200016d0   Section      512  usbh_diskio.o(.bss)
    scratch                                  0x200016d0   Data         512  usbh_diskio.o(.bss)
    HEAP                                     0x200018d0   Section      512  startup_stm32f407xx.o(HEAP)
    STACK                                    0x20001ad0   Section     4096  startup_stm32f407xx.o(STACK)

    Global Symbols

    Symbol Name                              Value     Ov Type        Size  Object(Section)

    BuildAttributes$$THM_ISAv4$E$P$D$K$B$S$7EM$VFPi3$EXTD16$VFPS$VFMA$PE$A:L22UL41UL21$X:L11$S22US41US21$IEEE1$IW$USESV6$~STKCKD$USESV7$~SHL$OTIME$ROPI$EBA8$MICROLIB$REQ8$PRES8$EABIv2 0x00000000   Number         0  anon$$obj.o ABSOLUTE
    __ARM_use_no_argv                        0x00000000   Number         0  main.o ABSOLUTE
    _printf_a                                0x00000000   Number         0  stubs.o ABSOLUTE
    _printf_c                                0x00000000   Number         0  stubs.o ABSOLUTE
    _printf_charcount                        0x00000000   Number         0  stubs.o ABSOLUTE
    _printf_d                                0x00000000   Number         0  stubs.o ABSOLUTE
    _printf_e                                0x00000000   Number         0  stubs.o ABSOLUTE
    _printf_f                                0x00000000   Number         0  stubs.o ABSOLUTE
    _printf_flags                            0x00000000   Number         0  stubs.o ABSOLUTE
    _printf_fp_dec                           0x00000000   Number         0  stubs.o ABSOLUTE
    _printf_fp_hex                           0x00000000   Number         0  stubs.o ABSOLUTE
    _printf_g                                0x00000000   Number         0  stubs.o ABSOLUTE
    _printf_i                                0x00000000   Number         0  stubs.o ABSOLUTE
    _printf_int_dec                          0x00000000   Number         0  stubs.o ABSOLUTE
    _printf_l                                0x00000000   Number         0  stubs.o ABSOLUTE
    _printf_lc                               0x00000000   Number         0  stubs.o ABSOLUTE
    _printf_ll                               0x00000000   Number         0  stubs.o ABSOLUTE
    _printf_lld                              0x00000000   Number         0  stubs.o ABSOLUTE
    _printf_lli                              0x00000000   Number         0  stubs.o ABSOLUTE
    _printf_llo                              0x00000000   Number         0  stubs.o ABSOLUTE
    _printf_llu                              0x00000000   Number         0  stubs.o ABSOLUTE
    _printf_llx                              0x00000000   Number         0  stubs.o ABSOLUTE
    _printf_longlong_dec                     0x00000000   Number         0  stubs.o ABSOLUTE
    _printf_longlong_hex                     0x00000000   Number         0  stubs.o ABSOLUTE
    _printf_longlong_oct                     0x00000000   Number         0  stubs.o ABSOLUTE
    _printf_ls                               0x00000000   Number         0  stubs.o ABSOLUTE
    _printf_mbtowc                           0x00000000   Number         0  stubs.o ABSOLUTE
    _printf_n                                0x00000000   Number         0  stubs.o ABSOLUTE
    _printf_o                                0x00000000   Number         0  stubs.o ABSOLUTE
    _printf_p                                0x00000000   Number         0  stubs.o ABSOLUTE
    _printf_percent                          0x00000000   Number         0  stubs.o ABSOLUTE
    _printf_pre_padding                      0x00000000   Number         0  stubs.o ABSOLUTE
    _printf_return_value                     0x00000000   Number         0  stubs.o ABSOLUTE
    _printf_s                                0x00000000   Number         0  stubs.o ABSOLUTE
    _printf_sizespec                         0x00000000   Number         0  stubs.o ABSOLUTE
    _printf_str                              0x00000000   Number         0  stubs.o ABSOLUTE
    _printf_truncate_signed                  0x00000000   Number         0  stubs.o ABSOLUTE
    _printf_truncate_unsigned                0x00000000   Number         0  stubs.o ABSOLUTE
    _printf_u                                0x00000000   Number         0  stubs.o ABSOLUTE
    _printf_wc                               0x00000000   Number         0  stubs.o ABSOLUTE
    _printf_wctomb                           0x00000000   Number         0  stubs.o ABSOLUTE
    _printf_widthprec                        0x00000000   Number         0  stubs.o ABSOLUTE
    _printf_x                                0x00000000   Number         0  stubs.o ABSOLUTE
    __cpp_initialize__aeabi_                  - Undefined Weak Reference
    __cxa_finalize                            - Undefined Weak Reference
    _clock_init                               - Undefined Weak Reference
    _microlib_exit                            - Undefined Weak Reference
    __Vectors_Size                           0x00000188   Number         0  startup_stm32f407xx.o ABSOLUTE
    __Vectors                                0x08000000   Data           4  startup_stm32f407xx.o(RESET)
    __Vectors_End                            0x08000188   Data           0  startup_stm32f407xx.o(RESET)
    __main                                   0x08000189   Thumb Code     0  entry.o(.ARM.Collect$$$$00000000)
    _main_stk                                0x08000189   Thumb Code     0  entry2.o(.ARM.Collect$$$$00000001)
    _main_scatterload                        0x0800018d   Thumb Code     0  entry5.o(.ARM.Collect$$$$00000004)
    __main_after_scatterload                 0x08000191   Thumb Code     0  entry5.o(.ARM.Collect$$$$00000004)
    _main_clock                              0x08000191   Thumb Code     0  entry7b.o(.ARM.Collect$$$$00000008)
    _main_cpp_init                           0x08000191   Thumb Code     0  entry8b.o(.ARM.Collect$$$$0000000A)
    _main_init                               0x08000191   Thumb Code     0  entry9a.o(.ARM.Collect$$$$0000000B)
    __rt_final_cpp                           0x08000199   Thumb Code     0  entry10a.o(.ARM.Collect$$$$0000000D)
    __rt_final_exit                          0x08000199   Thumb Code     0  entry11a.o(.ARM.Collect$$$$0000000F)
    Reset_Handler                            0x0800019d   Thumb Code     8  startup_stm32f407xx.o(.text)
    ADC_IRQHandler                           0x080001b7   Thumb Code     0  startup_stm32f407xx.o(.text)
    CAN1_RX0_IRQHandler                      0x080001b7   Thumb Code     0  startup_stm32f407xx.o(.text)
    CAN1_RX1_IRQHandler                      0x080001b7   Thumb Code     0  startup_stm32f407xx.o(.text)
    CAN1_SCE_IRQHandler                      0x080001b7   Thumb Code     0  startup_stm32f407xx.o(.text)
    CAN1_TX_IRQHandler                       0x080001b7   Thumb Code     0  startup_stm32f407xx.o(.text)
    CAN2_RX0_IRQHandler                      0x080001b7   Thumb Code     0  startup_stm32f407xx.o(.text)
    CAN2_RX1_IRQHandler                      0x080001b7   Thumb Code     0  startup_stm32f407xx.o(.text)
    CAN2_SCE_IRQHandler                      0x080001b7   Thumb Code     0  startup_stm32f407xx.o(.text)
    CAN2_TX_IRQHandler                       0x080001b7   Thumb Code     0  startup_stm32f407xx.o(.text)
    DCMI_IRQHandler                          0x080001b7   Thumb Code     0  startup_stm32f407xx.o(.text)
    DMA1_Stream0_IRQHandler                  0x080001b7   Thumb Code     0  startup_stm32f407xx.o(.text)
    DMA1_Stream1_IRQHandler                  0x080001b7   Thumb Code     0  startup_stm32f407xx.o(.text)
    DMA1_Stream2_IRQHandler                  0x080001b7   Thumb Code     0  startup_stm32f407xx.o(.text)
    DMA1_Stream3_IRQHandler                  0x080001b7   Thumb Code     0  startup_stm32f407xx.o(.text)
    DMA1_Stream4_IRQHandler                  0x080001b7   Thumb Code     0  startup_stm32f407xx.o(.text)
    DMA1_Stream5_IRQHandler                  0x080001b7   Thumb Code     0  startup_stm32f407xx.o(.text)
    DMA1_Stream6_IRQHandler                  0x080001b7   Thumb Code     0  startup_stm32f407xx.o(.text)
    DMA1_Stream7_IRQHandler                  0x080001b7   Thumb Code     0  startup_stm32f407xx.o(.text)
    DMA2_Stream0_IRQHandler                  0x080001b7   Thumb Code     0  startup_stm32f407xx.o(.text)
    DMA2_Stream1_IRQHandler                  0x080001b7   Thumb Code     0  startup_stm32f407xx.o(.text)
    DMA2_Stream2_IRQHandler                  0x080001b7   Thumb Code     0  startup_stm32f407xx.o(.text)
    DMA2_Stream3_IRQHandler                  0x080001b7   Thumb Code     0  startup_stm32f407xx.o(.text)
    DMA2_Stream4_IRQHandler                  0x080001b7   Thumb Code     0  startup_stm32f407xx.o(.text)
    DMA2_Stream5_IRQHandler                  0x080001b7   Thumb Code     0  startup_stm32f407xx.o(.text)
    DMA2_Stream6_IRQHandler                  0x080001b7   Thumb Code     0  startup_stm32f407xx.o(.text)
    DMA2_Stream7_IRQHandler                  0x080001b7   Thumb Code     0  startup_stm32f407xx.o(.text)
    ETH_IRQHandler                           0x080001b7   Thumb Code     0  startup_stm32f407xx.o(.text)
    ETH_WKUP_IRQHandler                      0x080001b7   Thumb Code     0  startup_stm32f407xx.o(.text)
    EXTI0_IRQHandler                         0x080001b7   Thumb Code     0  startup_stm32f407xx.o(.text)
    EXTI15_10_IRQHandler                     0x080001b7   Thumb Code     0  startup_stm32f407xx.o(.text)
    EXTI1_IRQHandler                         0x080001b7   Thumb Code     0  startup_stm32f407xx.o(.text)
    EXTI2_IRQHandler                         0x080001b7   Thumb Code     0  startup_stm32f407xx.o(.text)
    EXTI3_IRQHandler                         0x080001b7   Thumb Code     0  startup_stm32f407xx.o(.text)
    EXTI4_IRQHandler                         0x080001b7   Thumb Code     0  startup_stm32f407xx.o(.text)
    EXTI9_5_IRQHandler                       0x080001b7   Thumb Code     0  startup_stm32f407xx.o(.text)
    FLASH_IRQHandler                         0x080001b7   Thumb Code     0  startup_stm32f407xx.o(.text)
    FMC_IRQHandler                           0x080001b7   Thumb Code     0  startup_stm32f407xx.o(.text)
    FPU_IRQHandler                           0x080001b7   Thumb Code     0  startup_stm32f407xx.o(.text)
    HASH_RNG_IRQHandler                      0x080001b7   Thumb Code     0  startup_stm32f407xx.o(.text)
    I2C1_ER_IRQHandler                       0x080001b7   Thumb Code     0  startup_stm32f407xx.o(.text)
    I2C1_EV_IRQHandler                       0x080001b7   Thumb Code     0  startup_stm32f407xx.o(.text)
    I2C2_ER_IRQHandler                       0x080001b7   Thumb Code     0  startup_stm32f407xx.o(.text)
    I2C2_EV_IRQHandler                       0x080001b7   Thumb Code     0  startup_stm32f407xx.o(.text)
    I2C3_ER_IRQHandler                       0x080001b7   Thumb Code     0  startup_stm32f407xx.o(.text)
    I2C3_EV_IRQHandler                       0x080001b7   Thumb Code     0  startup_stm32f407xx.o(.text)
    OTG_FS_WKUP_IRQHandler                   0x080001b7   Thumb Code     0  startup_stm32f407xx.o(.text)
    OTG_HS_EP1_IN_IRQHandler                 0x080001b7   Thumb Code     0  startup_stm32f407xx.o(.text)
    OTG_HS_EP1_OUT_IRQHandler                0x080001b7   Thumb Code     0  startup_stm32f407xx.o(.text)
    OTG_HS_IRQHandler                        0x080001b7   Thumb Code     0  startup_stm32f407xx.o(.text)
    OTG_HS_WKUP_IRQHandler                   0x080001b7   Thumb Code     0  startup_stm32f407xx.o(.text)
    PVD_IRQHandler                           0x080001b7   Thumb Code     0  startup_stm32f407xx.o(.text)
    RTC_Alarm_IRQHandler                     0x080001b7   Thumb Code     0  startup_stm32f407xx.o(.text)
    RTC_WKUP_IRQHandler                      0x080001b7   Thumb Code     0  startup_stm32f407xx.o(.text)
    SDIO_IRQHandler                          0x080001b7   Thumb Code     0  startup_stm32f407xx.o(.text)
    SPI1_IRQHandler                          0x080001b7   Thumb Code     0  startup_stm32f407xx.o(.text)
    SPI2_IRQHandler                          0x080001b7   Thumb Code     0  startup_stm32f407xx.o(.text)
    SPI3_IRQHandler                          0x080001b7   Thumb Code     0  startup_stm32f407xx.o(.text)
    TAMP_STAMP_IRQHandler                    0x080001b7   Thumb Code     0  startup_stm32f407xx.o(.text)
    TIM1_BRK_TIM9_IRQHandler                 0x080001b7   Thumb Code     0  startup_stm32f407xx.o(.text)
    TIM1_CC_IRQHandler                       0x080001b7   Thumb Code     0  startup_stm32f407xx.o(.text)
    TIM1_TRG_COM_TIM11_IRQHandler            0x080001b7   Thumb Code     0  startup_stm32f407xx.o(.text)
    TIM1_UP_TIM10_IRQHandler                 0x080001b7   Thumb Code     0  startup_stm32f407xx.o(.text)
    TIM2_IRQHandler                          0x080001b7   Thumb Code     0  startup_stm32f407xx.o(.text)
    TIM3_IRQHandler                          0x080001b7   Thumb Code     0  startup_stm32f407xx.o(.text)
    TIM4_IRQHandler                          0x080001b7   Thumb Code     0  startup_stm32f407xx.o(.text)
    TIM5_IRQHandler                          0x080001b7   Thumb Code     0  startup_stm32f407xx.o(.text)
    TIM6_DAC_IRQHandler                      0x080001b7   Thumb Code     0  startup_stm32f407xx.o(.text)
    TIM7_IRQHandler                          0x080001b7   Thumb Code     0  startup_stm32f407xx.o(.text)
    TIM8_BRK_TIM12_IRQHandler                0x080001b7   Thumb Code     0  startup_stm32f407xx.o(.text)
    TIM8_CC_IRQHandler                       0x080001b7   Thumb Code     0  startup_stm32f407xx.o(.text)
    TIM8_TRG_COM_TIM14_IRQHandler            0x080001b7   Thumb Code     0  startup_stm32f407xx.o(.text)
    TIM8_UP_TIM13_IRQHandler                 0x080001b7   Thumb Code     0  startup_stm32f407xx.o(.text)
    UART4_IRQHandler                         0x080001b7   Thumb Code     0  startup_stm32f407xx.o(.text)
    UART5_IRQHandler                         0x080001b7   Thumb Code     0  startup_stm32f407xx.o(.text)
    USART1_IRQHandler                        0x080001b7   Thumb Code     0  startup_stm32f407xx.o(.text)
    USART2_IRQHandler                        0x080001b7   Thumb Code     0  startup_stm32f407xx.o(.text)
    USART3_IRQHandler                        0x080001b7   Thumb Code     0  startup_stm32f407xx.o(.text)
    USART6_IRQHandler                        0x080001b7   Thumb Code     0  startup_stm32f407xx.o(.text)
    WWDG_IRQHandler                          0x080001b7   Thumb Code     0  startup_stm32f407xx.o(.text)
    __aeabi_memcpy                           0x080001c1   Thumb Code    36  memcpya.o(.text)
    __aeabi_memcpy4                          0x080001c1   Thumb Code     0  memcpya.o(.text)
    __aeabi_memcpy8                          0x080001c1   Thumb Code     0  memcpya.o(.text)
    __aeabi_memset                           0x080001e5   Thumb Code    14  memseta.o(.text)
    __aeabi_memset4                          0x080001e5   Thumb Code     0  memseta.o(.text)
    __aeabi_memset8                          0x080001e5   Thumb Code     0  memseta.o(.text)
    __aeabi_memclr                           0x080001f3   Thumb Code     4  memseta.o(.text)
    __aeabi_memclr4                          0x080001f3   Thumb Code     0  memseta.o(.text)
    __aeabi_memclr8                          0x080001f3   Thumb Code     0  memseta.o(.text)
    _memset$wrapper                          0x080001f7   Thumb Code    18  memseta.o(.text)
    strlen                                   0x08000209   Thumb Code    14  strlen.o(.text)
    __aeabi_uldivmod                         0x08000217   Thumb Code    98  uldiv.o(.text)
    __scatterload                            0x08000279   Thumb Code    28  init.o(.text)
    __scatterload_rt2                        0x08000279   Thumb Code     0  init.o(.text)
    __aeabi_llsl                             0x0800029d   Thumb Code    30  llshl.o(.text)
    _ll_shift_l                              0x0800029d   Thumb Code     0  llshl.o(.text)
    __aeabi_llsr                             0x080002bb   Thumb Code    32  llushr.o(.text)
    _ll_ushift_r                             0x080002bb   Thumb Code     0  llushr.o(.text)
    __decompress                             0x080002db   Thumb Code     0  __dczerorl2.o(.text)
    __decompress1                            0x080002db   Thumb Code    86  __dczerorl2.o(.text)
    BusFault_Handler                         0x08000331   Thumb Code     2  stm32f4xx_it.o(i.BusFault_Handler)
    DebugMon_Handler                         0x08000375   Thumb Code     2  stm32f4xx_it.o(i.DebugMon_Handler)
    FATFS_LinkDriver                         0x08000377   Thumb Code     6  ff_gen_drv.o(i.FATFS_LinkDriver)
    FATFS_LinkDriverEx                       0x0800037d   Thumb Code    66  ff_gen_drv.o(i.FATFS_LinkDriverEx)
    HAL_Delay                                0x080003c5   Thumb Code    30  stm32f4xx_hal.o(i.HAL_Delay)
    HAL_GPIO_Init                            0x080003e5   Thumb Code   518  stm32f4xx_hal_gpio.o(i.HAL_GPIO_Init)
    HAL_GPIO_ReadPin                         0x08000601   Thumb Code    14  stm32f4xx_hal_gpio.o(i.HAL_GPIO_ReadPin)
    HAL_GPIO_TogglePin                       0x0800060f   Thumb Code     8  stm32f4xx_hal_gpio.o(i.HAL_GPIO_TogglePin)
    HAL_GPIO_WritePin                        0x08000617   Thumb Code    14  stm32f4xx_hal_gpio.o(i.HAL_GPIO_WritePin)
    HAL_GetTick                              0x08000625   Thumb Code     6  stm32f4xx_hal.o(i.HAL_GetTick)
    HAL_HCD_Connect_Callback                 0x08000631   Thumb Code     8  usbh_conf.o(i.HAL_HCD_Connect_Callback)
    HAL_HCD_Disconnect_Callback              0x08000639   Thumb Code     8  usbh_conf.o(i.HAL_HCD_Disconnect_Callback)
    HAL_HCD_GetCurrentFrame                  0x08000641   Thumb Code     6  stm32f4xx_hal_hcd.o(i.HAL_HCD_GetCurrentFrame)
    HAL_HCD_GetCurrentSpeed                  0x08000647   Thumb Code     6  stm32f4xx_hal_hcd.o(i.HAL_HCD_GetCurrentSpeed)
    HAL_HCD_HC_GetURBState                   0x0800064d   Thumb Code    14  stm32f4xx_hal_hcd.o(i.HAL_HCD_HC_GetURBState)
    HAL_HCD_HC_GetXferCount                  0x0800065b   Thumb Code    12  stm32f4xx_hal_hcd.o(i.HAL_HCD_HC_GetXferCount)
    HAL_HCD_HC_Halt                          0x08000667   Thumb Code    36  stm32f4xx_hal_hcd.o(i.HAL_HCD_HC_Halt)
    HAL_HCD_HC_Init                          0x0800068b   Thumb Code   102  stm32f4xx_hal_hcd.o(i.HAL_HCD_HC_Init)
    HAL_HCD_HC_NotifyURBChange_Callback      0x080006f1   Thumb Code     2  usbh_conf.o(i.HAL_HCD_HC_NotifyURBChange_Callback)
    HAL_HCD_HC_SubmitRequest                 0x080006f3   Thumb Code   244  stm32f4xx_hal_hcd.o(i.HAL_HCD_HC_SubmitRequest)
    HAL_HCD_IRQHandler                       0x080007e7   Thumb Code   326  stm32f4xx_hal_hcd.o(i.HAL_HCD_IRQHandler)
    HAL_HCD_Init                             0x0800092d   Thumb Code   150  stm32f4xx_hal_hcd.o(i.HAL_HCD_Init)
    HAL_HCD_MspInit                          0x080009c5   Thumb Code   106  usbh_conf.o(i.HAL_HCD_MspInit)
    HAL_HCD_ResetPort                        0x08000a41   Thumb Code     6  stm32f4xx_hal_hcd.o(i.HAL_HCD_ResetPort)
    HAL_HCD_SOF_Callback                     0x08000a47   Thumb Code     8  usbh_conf.o(i.HAL_HCD_SOF_Callback)
    HAL_HCD_Start                            0x08000a4f   Thumb Code    44  stm32f4xx_hal_hcd.o(i.HAL_HCD_Start)
    HAL_HCD_Stop                             0x08000a7b   Thumb Code    36  stm32f4xx_hal_hcd.o(i.HAL_HCD_Stop)
    HAL_IncTick                              0x08000aa1   Thumb Code    10  stm32f4xx_hal.o(i.HAL_IncTick)
    HAL_Init                                 0x08000ab1   Thumb Code    48  stm32f4xx_hal.o(i.HAL_Init)
    HAL_InitTick                             0x08000ae5   Thumb Code    34  stm32f4xx_hal.o(i.HAL_InitTick)
    HAL_MspInit                              0x08000b0d   Thumb Code   104  stm32f4xx_hal_msp.o(i.HAL_MspInit)
    HAL_NVIC_EnableIRQ                       0x08000b75   Thumb Code    24  stm32f4xx_hal_cortex.o(i.HAL_NVIC_EnableIRQ)
    HAL_NVIC_SetPriority                     0x08000b8d   Thumb Code    98  stm32f4xx_hal_cortex.o(i.HAL_NVIC_SetPriority)
    HAL_NVIC_SetPriorityGrouping             0x08000bf5   Thumb Code    30  stm32f4xx_hal_cortex.o(i.HAL_NVIC_SetPriorityGrouping)
    HAL_RCC_ClockConfig                      0x08000c19   Thumb Code   474  stm32f4xx_hal_rcc.o(i.HAL_RCC_ClockConfig)
    HAL_RCC_EnableCSS                        0x08000e09   Thumb Code     8  stm32f4xx_hal_rcc.o(i.HAL_RCC_EnableCSS)
    HAL_RCC_GetHCLKFreq                      0x08000e15   Thumb Code     6  stm32f4xx_hal_rcc.o(i.HAL_RCC_GetHCLKFreq)
    HAL_RCC_GetPCLK1Freq                     0x08000e21   Thumb Code    36  stm32f4xx_hal_rcc.o(i.HAL_RCC_GetPCLK1Freq)
    HAL_RCC_GetPCLK2Freq                     0x08000e4d   Thumb Code    36  stm32f4xx_hal_rcc.o(i.HAL_RCC_GetPCLK2Freq)
    HAL_RCC_GetSysClockFreq                  0x08000e79   Thumb Code   126  stm32f4xx_hal_rcc.o(i.HAL_RCC_GetSysClockFreq)
    HAL_RCC_OscConfig                        0x08000f05   Thumb Code  1058  stm32f4xx_hal_rcc.o(i.HAL_RCC_OscConfig)
    HAL_SYSTICK_CLKSourceConfig              0x08001345   Thumb Code    28  stm32f4xx_hal_cortex.o(i.HAL_SYSTICK_CLKSourceConfig)
    HAL_SYSTICK_Callback                     0x08001361   Thumb Code     2  stm32f4xx_hal_cortex.o(i.HAL_SYSTICK_Callback)
    HAL_SYSTICK_Config                       0x08001365   Thumb Code    36  stm32f4xx_hal_cortex.o(i.HAL_SYSTICK_Config)
    HAL_SYSTICK_IRQHandler                   0x0800138d   Thumb Code     8  stm32f4xx_hal_cortex.o(i.HAL_SYSTICK_IRQHandler)
    HAL_UART_Init                            0x08001395   Thumb Code   100  stm32f4xx_hal_uart.o(i.HAL_UART_Init)
    HAL_UART_MspInit                         0x080013f9   Thumb Code    80  bsp_debug_usart.o(i.HAL_UART_MspInit)
    HAL_UART_Transmit                        0x08001451   Thumb Code   220  stm32f4xx_hal_uart.o(i.HAL_UART_Transmit)
    HardFault_Handler                        0x08001af9   Thumb Code     2  stm32f4xx_it.o(i.HardFault_Handler)
    KEY1_StateRead                           0x08001afd   Thumb Code    50  bsp_key.o(i.KEY1_StateRead)
    KEY2_StateRead                           0x08001b35   Thumb Code    50  bsp_key.o(i.KEY2_StateRead)
    KEY3_StateRead                           0x08001b6d   Thumb Code    50  bsp_key.o(i.KEY3_StateRead)
    KEY4_StateRead                           0x08001ba5   Thumb Code    50  bsp_key.o(i.KEY4_StateRead)
    KEY5_StateRead                           0x08001bdd   Thumb Code    50  bsp_key.o(i.KEY5_StateRead)
    KEY_GPIO_Init                            0x08001c15   Thumb Code   174  bsp_key.o(i.KEY_GPIO_Init)
    LED_GPIO_Init                            0x08001ccd   Thumb Code   146  bsp_led.o(i.LED_GPIO_Init)
    MX_DEBUG_USART_Init                      0x08001d6d   Thumb Code    54  bsp_debug_usart.o(i.MX_DEBUG_USART_Init)
    MemManage_Handler                        0x08001db1   Thumb Code     2  stm32f4xx_it.o(i.MemManage_Handler)
    NMI_Handler                              0x08001db3   Thumb Code     2  stm32f4xx_it.o(i.NMI_Handler)
    OTG_FS_IRQHandler                        0x08001db5   Thumb Code     6  stm32f4xx_it.o(i.OTG_FS_IRQHandler)
    PendSV_Handler                           0x08001dc1   Thumb Code     2  stm32f4xx_it.o(i.PendSV_Handler)
    RCC_IRQHandler                           0x08001dc3   Thumb Code     2  stm32f4xx_it.o(i.RCC_IRQHandler)
    SVC_Handler                              0x08001dc5   Thumb Code     2  stm32f4xx_it.o(i.SVC_Handler)
    SysTick_Handler                          0x08001dc7   Thumb Code    14  stm32f4xx_it.o(i.SysTick_Handler)
    SystemClock_Config                       0x08001dd5   Thumb Code   146  main.o(i.SystemClock_Config)
    SystemInit                               0x08001e71   Thumb Code    64  system_stm32f4xx.o(i.SystemInit)
    USBH_AllocPipe                           0x08002285   Thumb Code    36  usbh_pipes.o(i.USBH_AllocPipe)
    USBH_BulkReceiveData                     0x080022a9   Thumb Code    38  usbh_ioreq.o(i.USBH_BulkReceiveData)
    USBH_BulkSendData                        0x080022cf   Thumb Code    48  usbh_ioreq.o(i.USBH_BulkSendData)
    USBH_ClosePipe                           0x080022ff   Thumb Code    10  usbh_pipes.o(i.USBH_ClosePipe)
    USBH_ClrFeature                          0x08002309   Thumb Code    30  usbh_ctlreq.o(i.USBH_ClrFeature)
    USBH_CtlReceiveData                      0x08002327   Thumb Code    38  usbh_ioreq.o(i.USBH_CtlReceiveData)
    USBH_CtlReq                              0x0800234d   Thumb Code    54  usbh_ctlreq.o(i.USBH_CtlReq)
    USBH_CtlSendData                         0x08002383   Thumb Code    48  usbh_ioreq.o(i.USBH_CtlSendData)
    USBH_CtlSendSetup                        0x080023b3   Thumb Code    36  usbh_ioreq.o(i.USBH_CtlSendSetup)
    USBH_Delay                               0x080023d7   Thumb Code     4  usbh_conf.o(i.USBH_Delay)
    USBH_FindInterface                       0x080023db   Thumb Code    82  usbh_core.o(i.USBH_FindInterface)
    USBH_FreePipe                            0x0800242d   Thumb Code    24  usbh_pipes.o(i.USBH_FreePipe)
    USBH_GetDescriptor                       0x08002445   Thumb Code    64  usbh_ctlreq.o(i.USBH_GetDescriptor)
    USBH_GetNextDesc                         0x080024a5   Thumb Code    14  usbh_ctlreq.o(i.USBH_GetNextDesc)
    USBH_Get_CfgDesc                         0x080024b3   Thumb Code    46  usbh_ctlreq.o(i.USBH_Get_CfgDesc)
    USBH_Get_DevDesc                         0x080024e1   Thumb Code    46  usbh_ctlreq.o(i.USBH_Get_DevDesc)
    USBH_Get_StringDesc                      0x0800250f   Thumb Code    46  usbh_ctlreq.o(i.USBH_Get_StringDesc)
    USBH_Init                                0x080029b9   Thumb Code    68  usbh_core.o(i.USBH_Init)
    USBH_LL_ClosePipe                        0x08002a1d   Thumb Code    44  usbh_conf.o(i.USBH_LL_ClosePipe)
    USBH_LL_Connect                          0x08002a49   Thumb Code    42  usbh_core.o(i.USBH_LL_Connect)
    USBH_LL_Disconnect                       0x08002a75   Thumb Code    70  usbh_core.o(i.USBH_LL_Disconnect)
    USBH_LL_DriverVBUS                       0x08002ad9   Thumb Code    16  usbh_conf.o(i.USBH_LL_DriverVBUS)
    USBH_LL_GetLastXferSize                  0x08002ae9   Thumb Code     8  usbh_conf.o(i.USBH_LL_GetLastXferSize)
    USBH_LL_GetSpeed                         0x08002af1   Thumb Code    34  usbh_conf.o(i.USBH_LL_GetSpeed)
    USBH_LL_GetToggle                        0x08002b13   Thumb Code    32  usbh_conf.o(i.USBH_LL_GetToggle)
    USBH_LL_GetURBState                      0x08002b33   Thumb Code     8  usbh_conf.o(i.USBH_LL_GetURBState)
    USBH_LL_IncTimer                         0x08002b3b   Thumb Code    14  usbh_core.o(i.USBH_LL_IncTimer)
    USBH_LL_Init                             0x08002b49   Thumb Code    68  usbh_conf.o(i.USBH_LL_Init)
    USBH_LL_OpenPipe                         0x08002b91   Thumb Code    66  usbh_conf.o(i.USBH_LL_OpenPipe)
    USBH_LL_ResetPort                        0x08002bd3   Thumb Code    44  usbh_conf.o(i.USBH_LL_ResetPort)
    USBH_LL_SetTimer                         0x08002bff   Thumb Code     6  usbh_core.o(i.USBH_LL_SetTimer)
    USBH_LL_SetToggle                        0x08002c05   Thumb Code    34  usbh_conf.o(i.USBH_LL_SetToggle)
    USBH_LL_Start                            0x08002c27   Thumb Code    44  usbh_conf.o(i.USBH_LL_Start)
    USBH_LL_Stop                             0x08002c53   Thumb Code    44  usbh_conf.o(i.USBH_LL_Stop)
    USBH_LL_SubmitURB                        0x08002c7f   Thumb Code    70  usbh_conf.o(i.USBH_LL_SubmitURB)
    USBH_MSC_BOT_Init                        0x08002ce9   Thumb Code    28  usbh_msc_bot.o(i.USBH_MSC_BOT_Init)
    USBH_MSC_BOT_Process                     0x08002d0d   Thumb Code   570  usbh_msc_bot.o(i.USBH_MSC_BOT_Process)
    USBH_MSC_BOT_REQ_GetMaxLUN               0x08002f47   Thumb Code    22  usbh_msc_bot.o(i.USBH_MSC_BOT_REQ_GetMaxLUN)
    USBH_MSC_BOT_REQ_Reset                   0x08002f5d   Thumb Code    24  usbh_msc_bot.o(i.USBH_MSC_BOT_REQ_Reset)
    USBH_MSC_GetLUNInfo                      0x08003065   Thumb Code   112  usbh_msc.o(i.USBH_MSC_GetLUNInfo)
    USBH_MSC_Read                            0x080039e5   Thumb Code   154  usbh_msc.o(i.USBH_MSC_Read)
    USBH_MSC_SCSI_Inquiry                    0x08003a7f   Thumb Code   210  usbh_msc_scsi.o(i.USBH_MSC_SCSI_Inquiry)
    USBH_MSC_SCSI_Read                       0x08003b51   Thumb Code   152  usbh_msc_scsi.o(i.USBH_MSC_SCSI_Read)
    USBH_MSC_SCSI_ReadCapacity               0x08003be9   Thumb Code   140  usbh_msc_scsi.o(i.USBH_MSC_SCSI_ReadCapacity)
    USBH_MSC_SCSI_RequestSense               0x08003c75   Thumb Code   152  usbh_msc_scsi.o(i.USBH_MSC_SCSI_RequestSense)
    USBH_MSC_SCSI_TestUnitReady              0x08003d0d   Thumb Code    78  usbh_msc_scsi.o(i.USBH_MSC_SCSI_TestUnitReady)
    USBH_MSC_SCSI_Write                      0x08003d5b   Thumb Code   150  usbh_msc_scsi.o(i.USBH_MSC_SCSI_Write)
    USBH_MSC_UnitIsReady                     0x08003df5   Thumb Code    42  usbh_msc.o(i.USBH_MSC_UnitIsReady)
    USBH_MSC_Write                           0x08003e1f   Thumb Code   154  usbh_msc.o(i.USBH_MSC_Write)
    USBH_OpenPipe                            0x08003eb9   Thumb Code    30  usbh_pipes.o(i.USBH_OpenPipe)
    USBH_Process                             0x0800405d   Thumb Code   546  usbh_core.o(i.USBH_Process)
    USBH_RegisterClass                       0x0800438d   Thumb Code    72  usbh_core.o(i.USBH_RegisterClass)
    USBH_SelectInterface                     0x08004415   Thumb Code   120  usbh_core.o(i.USBH_SelectInterface)
    USBH_SetAddress                          0x08004509   Thumb Code    28  usbh_ctlreq.o(i.USBH_SetAddress)
    USBH_SetCfg                              0x08004525   Thumb Code    28  usbh_ctlreq.o(i.USBH_SetCfg)
    USBH_Start                               0x08004541   Thumb Code    22  usbh_core.o(i.USBH_Start)
    USBH_initialize                          0x0800457d   Thumb Code     4  usbh_diskio.o(i.USBH_initialize)
    USBH_ioctl                               0x08004581   Thumb Code   106  usbh_diskio.o(i.USBH_ioctl)
    USBH_read                                0x080045f1   Thumb Code   156  usbh_diskio.o(i.USBH_read)
    USBH_status                              0x080046b9   Thumb Code    20  usbh_diskio.o(i.USBH_status)
    USBH_write                               0x080046d1   Thumb Code   178  usbh_diskio.o(i.USBH_write)
    USB_CoreInit                             0x080047d1   Thumb Code   114  stm32f4xx_ll_usb.o(i.USB_CoreInit)
    USB_DisableGlobalInt                     0x08004881   Thumb Code    12  stm32f4xx_ll_usb.o(i.USB_DisableGlobalInt)
    USB_DoPing                               0x0800488d   Thumb Code    66  stm32f4xx_ll_usb.o(i.USB_DoPing)
    USB_DriveVbus                            0x080048d5   Thumb Code    64  stm32f4xx_ll_usb.o(i.USB_DriveVbus)
    USB_EnableGlobalInt                      0x08004915   Thumb Code    12  stm32f4xx_ll_usb.o(i.USB_EnableGlobalInt)
    USB_FlushRxFifo                          0x08004921   Thumb Code    30  stm32f4xx_ll_usb.o(i.USB_FlushRxFifo)
    USB_FlushTxFifo                          0x08004945   Thumb Code    34  stm32f4xx_ll_usb.o(i.USB_FlushTxFifo)
    USB_GetCurrentFrame                      0x0800496d   Thumb Code     8  stm32f4xx_ll_usb.o(i.USB_GetCurrentFrame)
    USB_GetHostSpeed                         0x08004975   Thumb Code    18  stm32f4xx_ll_usb.o(i.USB_GetHostSpeed)
    USB_GetMode                              0x08004987   Thumb Code     8  stm32f4xx_ll_usb.o(i.USB_GetMode)
    USB_HC_Halt                              0x0800498f   Thumb Code   340  stm32f4xx_ll_usb.o(i.USB_HC_Halt)
    USB_HC_Init                              0x08004ae3   Thumb Code   254  stm32f4xx_ll_usb.o(i.USB_HC_Init)
    USB_HC_ReadInterrupt                     0x08004be1   Thumb Code    10  stm32f4xx_ll_usb.o(i.USB_HC_ReadInterrupt)
    USB_HC_StartXfer                         0x08004bed   Thumb Code   404  stm32f4xx_ll_usb.o(i.USB_HC_StartXfer)
    USB_HostInit                             0x08004d85   Thumb Code   204  stm32f4xx_ll_usb.o(i.USB_HostInit)
    USB_InitFSLSPClkSel                      0x08004e65   Thumb Code    58  stm32f4xx_ll_usb.o(i.USB_InitFSLSPClkSel)
    USB_ReadInterrupts                       0x08004e9f   Thumb Code     8  stm32f4xx_ll_usb.o(i.USB_ReadInterrupts)
    USB_ReadPacket                           0x08004ea7   Thumb Code    36  stm32f4xx_ll_usb.o(i.USB_ReadPacket)
    USB_ResetPort                            0x08004ecb   Thumb Code    48  stm32f4xx_ll_usb.o(i.USB_ResetPort)
    USB_SetCurrentMode                       0x08004efb   Thumb Code    46  stm32f4xx_ll_usb.o(i.USB_SetCurrentMode)
    USB_StopHost                             0x08004f29   Thumb Code   170  stm32f4xx_ll_usb.o(i.USB_StopHost)
    USB_WritePacket                          0x08004fd3   Thumb Code    48  stm32f4xx_ll_usb.o(i.USB_WritePacket)
    UsageFault_Handler                       0x08005003   Thumb Code     2  stm32f4xx_it.o(i.UsageFault_Handler)
    __0printf$5                              0x08005005   Thumb Code    22  printf5.o(i.__0printf$5)
    __1printf$5                              0x08005005   Thumb Code     0  printf5.o(i.__0printf$5)
    __2printf                                0x08005005   Thumb Code     0  printf5.o(i.__0printf$5)
    __0sprintf$5                             0x08005025   Thumb Code    34  printf5.o(i.__0sprintf$5)
    __1sprintf$5                             0x08005025   Thumb Code     0  printf5.o(i.__0sprintf$5)
    __2sprintf                               0x08005025   Thumb Code     0  printf5.o(i.__0sprintf$5)
    __scatterload_copy                       0x0800504d   Thumb Code    14  handlers.o(i.__scatterload_copy)
    __scatterload_null                       0x0800505b   Thumb Code     2  handlers.o(i.__scatterload_null)
    __scatterload_zeroinit                   0x0800505d   Thumb Code    14  handlers.o(i.__scatterload_zeroinit)
    clust2sect                               0x080054ab   Thumb Code    30  ff.o(i.clust2sect)
    disk_initialize                          0x08005e19   Thumb Code    38  diskio.o(i.disk_initialize)
    disk_ioctl                               0x08005e45   Thumb Code    22  diskio.o(i.disk_ioctl)
    disk_read                                0x08005e61   Thumb Code    28  diskio.o(i.disk_read)
    disk_status                              0x08005e81   Thumb Code    18  diskio.o(i.disk_status)
    disk_write                               0x08005e99   Thumb Code    28  diskio.o(i.disk_write)
    f_mkdir                                  0x08005ee1   Thumb Code   416  ff.o(i.f_mkdir)
    f_mount                                  0x08006081   Thumb Code    98  ff.o(i.f_mount)
    f_open                                   0x080060e9   Thumb Code   478  ff.o(i.f_open)
    f_opendir                                0x080062c7   Thumb Code   166  ff.o(i.f_opendir)
    f_readdir                                0x0800636d   Thumb Code   104  ff.o(i.f_readdir)
    f_sync                                   0x080063d5   Thumb Code   200  ff.o(i.f_sync)
    f_write                                  0x0800649d   Thumb Code   536  ff.o(i.f_write)
    ff_convert                               0x080066b5   Thumb Code    88  diskio.o(i.ff_convert)
    ff_wtoupper                              0x08006715   Thumb Code    34  diskio.o(i.ff_wtoupper)
    fputc                                    0x08006bed   Thumb Code    22  bsp_debug_usart.o(i.fputc)
    free                                     0x08006c09   Thumb Code    76  malloc.o(i.free)
    get_fat                                  0x08006cff   Thumb Code   214  ff.o(i.get_fat)
    get_fattime                              0x08006dd5   Thumb Code     4  diskio.o(i.get_fattime)
    main                                     0x08006fed   Thumb Code   578  main.o(i.main)
    malloc                                   0x08007381   Thumb Code    92  malloc.o(i.malloc)
    put_fat                                  0x08007721   Thumb Code   272  ff.o(i.put_fat)
    AHBPrescTable                            0x08007ab8   Data          16  system_stm32f4xx.o(.constdata)
    APBPrescTable                            0x08007ac8   Data           8  system_stm32f4xx.o(.constdata)
    USBH_Driver                              0x080327d4   Data          20  usbh_diskio.o(.constdata)
    Region$$Table$$Base                      0x080327ec   Number         0  anon$$obj.o(Region$$Table)
    Region$$Table$$Limit                     0x0803280c   Number         0  anon$$obj.o(Region$$Table)
    Appli_state                              0x20000000   Data           1  main.o(.data)
    key1_temp                                0x20000001   Data           1  main.o(.data)
    f_res                                    0x20000002   Data           1  main.o(.data)
    USBDISKPath                              0x20000003   Data           4  main.o(.data)
    fnum                                     0x20000008   Data           4  main.o(.data)
    scan_path                                0x2000000c   Data         255  main.o(.data)
    uwTick                                   0x2000010c   Data           4  stm32f4xx_hal.o(.data)
    SystemCoreClock                          0x20000110   Data           4  system_stm32f4xx.o(.data)
    USBH_msc                                 0x20000114   Data          32  usbh_msc.o(.data)
    __stdout                                 0x2000013c   Data           4  stdout.o(.data)
    __microlib_freelist                      0x20000140   Data           4  mvars.o(.data)
    __microlib_freelist_initialised          0x20000144   Data           4  mvars.o(.data)
    hUSBHost                                 0x20000348   Data         968  main.o(.bss)
    fs                                       0x20000710   Data         564  main.o(.bss)
    file                                     0x20000944   Data         556  main.o(.bss)
    WriteBuffer_test                         0x20000b70   Data         100  main.o(.bss)
    WriteBuffer_dir                          0x20000bd4   Data        1024  main.o(.bss)
    WriteBuffer_csv                          0x20000fd4   Data        1024  main.o(.bss)
    hhcd_USB_OTG_FS                          0x200013d4   Data         664  usbh_conf.o(.bss)
    husart_debug                             0x2000166c   Data          64  bsp_debug_usart.o(.bss)
    disk                                     0x200016c4   Data          12  ff_gen_drv.o(.bss)
    __heap_base                              0x200018d0   Data           0  startup_stm32f407xx.o(HEAP)
    __heap_limit                             0x20001ad0   Data           0  startup_stm32f407xx.o(HEAP)
    __initial_sp                             0x20002ad0   Data           0  startup_stm32f407xx.o(STACK)



==============================================================================

Memory Map of the image

  Image Entry point : 0x08000189

  Load Region LR_IROM1 (Base: 0x08000000, Size: 0x00032954, Max: 0x00100000, ABSOLUTE, COMPRESSED[0x00032834])

    Execution Region ER_IROM1 (Exec base: 0x08000000, Load base: 0x08000000, Size: 0x0003280c, Max: 0x00100000, ABSOLUTE)

    Exec Addr    Load Addr    Size         Type   Attr      Idx    E Section Name        Object

    0x08000000   0x08000000   0x00000188   Data   RO            3    RESET               startup_stm32f407xx.o
    0x08000188   0x08000188   0x00000000   Code   RO        10304  * .ARM.Collect$$$$00000000  mc_w.l(entry.o)
    0x08000188   0x08000188   0x00000004   Code   RO        10604    .ARM.Collect$$$$00000001  mc_w.l(entry2.o)
    0x0800018c   0x0800018c   0x00000004   Code   RO        10607    .ARM.Collect$$$$00000004  mc_w.l(entry5.o)
    0x08000190   0x08000190   0x00000000   Code   RO        10609    .ARM.Collect$$$$00000008  mc_w.l(entry7b.o)
    0x08000190   0x08000190   0x00000000   Code   RO        10611    .ARM.Collect$$$$0000000A  mc_w.l(entry8b.o)
    0x08000190   0x08000190   0x00000008   Code   RO        10612    .ARM.Collect$$$$0000000B  mc_w.l(entry9a.o)
    0x08000198   0x08000198   0x00000000   Code   RO        10614    .ARM.Collect$$$$0000000D  mc_w.l(entry10a.o)
    0x08000198   0x08000198   0x00000000   Code   RO        10616    .ARM.Collect$$$$0000000F  mc_w.l(entry11a.o)
    0x08000198   0x08000198   0x00000004   Code   RO        10605    .ARM.Collect$$$$00002712  mc_w.l(entry2.o)
    0x0800019c   0x0800019c   0x00000024   Code   RO            4    .text               startup_stm32f407xx.o
    0x080001c0   0x080001c0   0x00000024   Code   RO        10307    .text               mc_w.l(memcpya.o)
    0x080001e4   0x080001e4   0x00000024   Code   RO        10309    .text               mc_w.l(memseta.o)
    0x08000208   0x08000208   0x0000000e   Code   RO        10311    .text               mc_w.l(strlen.o)
    0x08000216   0x08000216   0x00000062   Code   RO        10621    .text               mc_w.l(uldiv.o)
    0x08000278   0x08000278   0x00000024   Code   RO        10636    .text               mc_w.l(init.o)
    0x0800029c   0x0800029c   0x0000001e   Code   RO        10638    .text               mc_w.l(llshl.o)
    0x080002ba   0x080002ba   0x00000020   Code   RO        10640    .text               mc_w.l(llushr.o)
    0x080002da   0x080002da   0x00000056   Code   RO        10654    .text               mc_w.l(__dczerorl2.o)
    0x08000330   0x08000330   0x00000002   Code   RO          396    i.BusFault_Handler  stm32f4xx_it.o
    0x08000332   0x08000332   0x00000042   Code   RO         9192    i.DeInitStateMachine  usbh_core.o
    0x08000374   0x08000374   0x00000002   Code   RO          397    i.DebugMon_Handler  stm32f4xx_it.o
    0x08000376   0x08000376   0x00000006   Code   RO        10194    i.FATFS_LinkDriver  ff_gen_drv.o
    0x0800037c   0x0800037c   0x00000048   Code   RO        10195    i.FATFS_LinkDriverEx  ff_gen_drv.o
    0x080003c4   0x080003c4   0x0000001e   Code   RO         1462    i.HAL_Delay         stm32f4xx_hal.o
    0x080003e2   0x080003e2   0x00000002   PAD
    0x080003e4   0x080003e4   0x0000021c   Code   RO          831    i.HAL_GPIO_Init     stm32f4xx_hal_gpio.o
    0x08000600   0x08000600   0x0000000e   Code   RO          833    i.HAL_GPIO_ReadPin  stm32f4xx_hal_gpio.o
    0x0800060e   0x0800060e   0x00000008   Code   RO          834    i.HAL_GPIO_TogglePin  stm32f4xx_hal_gpio.o
    0x08000616   0x08000616   0x0000000e   Code   RO          835    i.HAL_GPIO_WritePin  stm32f4xx_hal_gpio.o
    0x08000624   0x08000624   0x0000000c   Code   RO         1468    i.HAL_GetTick       stm32f4xx_hal.o
    0x08000630   0x08000630   0x00000008   Code   RO          484    i.HAL_HCD_Connect_Callback  usbh_conf.o
    0x08000638   0x08000638   0x00000008   Code   RO          485    i.HAL_HCD_Disconnect_Callback  usbh_conf.o
    0x08000640   0x08000640   0x00000006   Code   RO         4146    i.HAL_HCD_GetCurrentFrame  stm32f4xx_hal_hcd.o
    0x08000646   0x08000646   0x00000006   Code   RO         4147    i.HAL_HCD_GetCurrentSpeed  stm32f4xx_hal_hcd.o
    0x0800064c   0x0800064c   0x0000000e   Code   RO         4150    i.HAL_HCD_HC_GetURBState  stm32f4xx_hal_hcd.o
    0x0800065a   0x0800065a   0x0000000c   Code   RO         4151    i.HAL_HCD_HC_GetXferCount  stm32f4xx_hal_hcd.o
    0x08000666   0x08000666   0x00000024   Code   RO         4152    i.HAL_HCD_HC_Halt   stm32f4xx_hal_hcd.o
    0x0800068a   0x0800068a   0x00000066   Code   RO         4153    i.HAL_HCD_HC_Init   stm32f4xx_hal_hcd.o
    0x080006f0   0x080006f0   0x00000002   Code   RO          486    i.HAL_HCD_HC_NotifyURBChange_Callback  usbh_conf.o
    0x080006f2   0x080006f2   0x000000f4   Code   RO         4155    i.HAL_HCD_HC_SubmitRequest  stm32f4xx_hal_hcd.o
    0x080007e6   0x080007e6   0x00000146   Code   RO         4156    i.HAL_HCD_IRQHandler  stm32f4xx_hal_hcd.o
    0x0800092c   0x0800092c   0x00000096   Code   RO         4157    i.HAL_HCD_Init      stm32f4xx_hal_hcd.o
    0x080009c2   0x080009c2   0x00000002   PAD
    0x080009c4   0x080009c4   0x0000007c   Code   RO          488    i.HAL_HCD_MspInit   usbh_conf.o
    0x08000a40   0x08000a40   0x00000006   Code   RO         4160    i.HAL_HCD_ResetPort  stm32f4xx_hal_hcd.o
    0x08000a46   0x08000a46   0x00000008   Code   RO          489    i.HAL_HCD_SOF_Callback  usbh_conf.o
    0x08000a4e   0x08000a4e   0x0000002c   Code   RO         4162    i.HAL_HCD_Start     stm32f4xx_hal_hcd.o
    0x08000a7a   0x08000a7a   0x00000024   Code   RO         4163    i.HAL_HCD_Stop      stm32f4xx_hal_hcd.o
    0x08000a9e   0x08000a9e   0x00000002   PAD
    0x08000aa0   0x08000aa0   0x00000010   Code   RO         1470    i.HAL_IncTick       stm32f4xx_hal.o
    0x08000ab0   0x08000ab0   0x00000034   Code   RO         1471    i.HAL_Init          stm32f4xx_hal.o
    0x08000ae4   0x08000ae4   0x00000028   Code   RO         1472    i.HAL_InitTick      stm32f4xx_hal.o
    0x08000b0c   0x08000b0c   0x00000068   Code   RO          372    i.HAL_MspInit       stm32f4xx_hal_msp.o
    0x08000b74   0x08000b74   0x00000018   Code   RO          899    i.HAL_NVIC_EnableIRQ  stm32f4xx_hal_cortex.o
    0x08000b8c   0x08000b8c   0x00000068   Code   RO          905    i.HAL_NVIC_SetPriority  stm32f4xx_hal_cortex.o
    0x08000bf4   0x08000bf4   0x00000024   Code   RO          906    i.HAL_NVIC_SetPriorityGrouping  stm32f4xx_hal_cortex.o
    0x08000c18   0x08000c18   0x000001f0   Code   RO         1249    i.HAL_RCC_ClockConfig  stm32f4xx_hal_rcc.o
    0x08000e08   0x08000e08   0x0000000c   Code   RO         1252    i.HAL_RCC_EnableCSS  stm32f4xx_hal_rcc.o
    0x08000e14   0x08000e14   0x0000000c   Code   RO         1254    i.HAL_RCC_GetHCLKFreq  stm32f4xx_hal_rcc.o
    0x08000e20   0x08000e20   0x0000002c   Code   RO         1256    i.HAL_RCC_GetPCLK1Freq  stm32f4xx_hal_rcc.o
    0x08000e4c   0x08000e4c   0x0000002c   Code   RO         1257    i.HAL_RCC_GetPCLK2Freq  stm32f4xx_hal_rcc.o
    0x08000e78   0x08000e78   0x0000008c   Code   RO         1258    i.HAL_RCC_GetSysClockFreq  stm32f4xx_hal_rcc.o
    0x08000f04   0x08000f04   0x00000440   Code   RO         1261    i.HAL_RCC_OscConfig  stm32f4xx_hal_rcc.o
    0x08001344   0x08001344   0x0000001c   Code   RO          908    i.HAL_SYSTICK_CLKSourceConfig  stm32f4xx_hal_cortex.o
    0x08001360   0x08001360   0x00000002   Code   RO          909    i.HAL_SYSTICK_Callback  stm32f4xx_hal_cortex.o
    0x08001362   0x08001362   0x00000002   PAD
    0x08001364   0x08001364   0x00000028   Code   RO          910    i.HAL_SYSTICK_Config  stm32f4xx_hal_cortex.o
    0x0800138c   0x0800138c   0x00000008   Code   RO          911    i.HAL_SYSTICK_IRQHandler  stm32f4xx_hal_cortex.o
    0x08001394   0x08001394   0x00000064   Code   RO         2609    i.HAL_UART_Init     stm32f4xx_hal_uart.o
    0x080013f8   0x080013f8   0x00000058   Code   RO         8929    i.HAL_UART_MspInit  bsp_debug_usart.o
    0x08001450   0x08001450   0x000000dc   Code   RO         2617    i.HAL_UART_Transmit  stm32f4xx_hal_uart.o
    0x0800152c   0x0800152c   0x0000024e   Code   RO         4164    i.HCD_HC_IN_IRQHandler  stm32f4xx_hal_hcd.o
    0x0800177a   0x0800177a   0x00000242   Code   RO         4165    i.HCD_HC_OUT_IRQHandler  stm32f4xx_hal_hcd.o
    0x080019bc   0x080019bc   0x000000c8   Code   RO         4166    i.HCD_Port_IRQHandler  stm32f4xx_hal_hcd.o
    0x08001a84   0x08001a84   0x00000074   Code   RO         4167    i.HCD_RXQLVL_IRQHandler  stm32f4xx_hal_hcd.o
    0x08001af8   0x08001af8   0x00000002   Code   RO          398    i.HardFault_Handler  stm32f4xx_it.o
    0x08001afa   0x08001afa   0x00000002   PAD
    0x08001afc   0x08001afc   0x00000038   Code   RO         9138    i.KEY1_StateRead    bsp_key.o
    0x08001b34   0x08001b34   0x00000038   Code   RO         9139    i.KEY2_StateRead    bsp_key.o
    0x08001b6c   0x08001b6c   0x00000038   Code   RO         9140    i.KEY3_StateRead    bsp_key.o
    0x08001ba4   0x08001ba4   0x00000038   Code   RO         9141    i.KEY4_StateRead    bsp_key.o
    0x08001bdc   0x08001bdc   0x00000038   Code   RO         9142    i.KEY5_StateRead    bsp_key.o
    0x08001c14   0x08001c14   0x000000b8   Code   RO         9143    i.KEY_GPIO_Init     bsp_key.o
    0x08001ccc   0x08001ccc   0x000000a0   Code   RO         9108    i.LED_GPIO_Init     bsp_led.o
    0x08001d6c   0x08001d6c   0x00000044   Code   RO         8930    i.MX_DEBUG_USART_Init  bsp_debug_usart.o
    0x08001db0   0x08001db0   0x00000002   Code   RO          399    i.MemManage_Handler  stm32f4xx_it.o
    0x08001db2   0x08001db2   0x00000002   Code   RO          400    i.NMI_Handler       stm32f4xx_it.o
    0x08001db4   0x08001db4   0x0000000c   Code   RO          401    i.OTG_FS_IRQHandler  stm32f4xx_it.o
    0x08001dc0   0x08001dc0   0x00000002   Code   RO          402    i.PendSV_Handler    stm32f4xx_it.o
    0x08001dc2   0x08001dc2   0x00000002   Code   RO          403    i.RCC_IRQHandler    stm32f4xx_it.o
    0x08001dc4   0x08001dc4   0x00000002   Code   RO          404    i.SVC_Handler       stm32f4xx_it.o
    0x08001dc6   0x08001dc6   0x0000000e   Code   RO          405    i.SysTick_Handler   stm32f4xx_it.o
    0x08001dd4   0x08001dd4   0x0000009c   Code   RO           13    i.SystemClock_Config  main.o
    0x08001e70   0x08001e70   0x00000058   Code   RO         8891    i.SystemInit        system_stm32f4xx.o
    0x08001ec8   0x08001ec8   0x00000344   Code   RO         2636    i.UART_SetConfig    stm32f4xx_hal_uart.o
    0x0800220c   0x0800220c   0x00000078   Code   RO         2638    i.UART_WaitOnFlagUntilTimeout  stm32f4xx_hal_uart.o
    0x08002284   0x08002284   0x00000024   Code   RO         9495    i.USBH_AllocPipe    usbh_pipes.o
    0x080022a8   0x080022a8   0x00000026   Code   RO         9423    i.USBH_BulkReceiveData  usbh_ioreq.o
    0x080022ce   0x080022ce   0x00000030   Code   RO         9424    i.USBH_BulkSendData  usbh_ioreq.o
    0x080022fe   0x080022fe   0x0000000a   Code   RO         9496    i.USBH_ClosePipe    usbh_pipes.o
    0x08002308   0x08002308   0x0000001e   Code   RO         9315    i.USBH_ClrFeature   usbh_ctlreq.o
    0x08002326   0x08002326   0x00000026   Code   RO         9425    i.USBH_CtlReceiveData  usbh_ioreq.o
    0x0800234c   0x0800234c   0x00000036   Code   RO         9316    i.USBH_CtlReq       usbh_ctlreq.o
    0x08002382   0x08002382   0x00000030   Code   RO         9426    i.USBH_CtlSendData  usbh_ioreq.o
    0x080023b2   0x080023b2   0x00000024   Code   RO         9427    i.USBH_CtlSendSetup  usbh_ioreq.o
    0x080023d6   0x080023d6   0x00000004   Code   RO          490    i.USBH_Delay        usbh_conf.o
    0x080023da   0x080023da   0x00000052   Code   RO         9194    i.USBH_FindInterface  usbh_core.o
    0x0800242c   0x0800242c   0x00000018   Code   RO         9497    i.USBH_FreePipe     usbh_pipes.o
    0x08002444   0x08002444   0x00000040   Code   RO         9317    i.USBH_GetDescriptor  usbh_ctlreq.o
    0x08002484   0x08002484   0x00000020   Code   RO         9498    i.USBH_GetFreePipe  usbh_pipes.o
    0x080024a4   0x080024a4   0x0000000e   Code   RO         9318    i.USBH_GetNextDesc  usbh_ctlreq.o
    0x080024b2   0x080024b2   0x0000002e   Code   RO         9319    i.USBH_Get_CfgDesc  usbh_ctlreq.o
    0x080024e0   0x080024e0   0x0000002e   Code   RO         9320    i.USBH_Get_DevDesc  usbh_ctlreq.o
    0x0800250e   0x0800250e   0x0000002e   Code   RO         9321    i.USBH_Get_StringDesc  usbh_ctlreq.o
    0x0800253c   0x0800253c   0x000001e8   Code   RO         9322    i.USBH_HandleControl  usbh_ctlreq.o
    0x08002724   0x08002724   0x00000280   Code   RO         9197    i.USBH_HandleEnum   usbh_core.o
    0x080029a4   0x080029a4   0x00000014   Code   RO         9198    i.USBH_HandleSof    usbh_core.o
    0x080029b8   0x080029b8   0x00000064   Code   RO         9199    i.USBH_Init         usbh_core.o
    0x08002a1c   0x08002a1c   0x0000002c   Code   RO          491    i.USBH_LL_ClosePipe  usbh_conf.o
    0x08002a48   0x08002a48   0x0000002a   Code   RO         9200    i.USBH_LL_Connect   usbh_core.o
    0x08002a72   0x08002a72   0x00000002   PAD
    0x08002a74   0x08002a74   0x00000064   Code   RO         9201    i.USBH_LL_Disconnect  usbh_core.o
    0x08002ad8   0x08002ad8   0x00000010   Code   RO          493    i.USBH_LL_DriverVBUS  usbh_conf.o
    0x08002ae8   0x08002ae8   0x00000008   Code   RO          494    i.USBH_LL_GetLastXferSize  usbh_conf.o
    0x08002af0   0x08002af0   0x00000022   Code   RO          495    i.USBH_LL_GetSpeed  usbh_conf.o
    0x08002b12   0x08002b12   0x00000020   Code   RO          496    i.USBH_LL_GetToggle  usbh_conf.o
    0x08002b32   0x08002b32   0x00000008   Code   RO          497    i.USBH_LL_GetURBState  usbh_conf.o
    0x08002b3a   0x08002b3a   0x0000000e   Code   RO         9202    i.USBH_LL_IncTimer  usbh_core.o
    0x08002b48   0x08002b48   0x00000048   Code   RO          498    i.USBH_LL_Init      usbh_conf.o
    0x08002b90   0x08002b90   0x00000042   Code   RO          499    i.USBH_LL_OpenPipe  usbh_conf.o
    0x08002bd2   0x08002bd2   0x0000002c   Code   RO          500    i.USBH_LL_ResetPort  usbh_conf.o
    0x08002bfe   0x08002bfe   0x00000006   Code   RO         9203    i.USBH_LL_SetTimer  usbh_core.o
    0x08002c04   0x08002c04   0x00000022   Code   RO          501    i.USBH_LL_SetToggle  usbh_conf.o
    0x08002c26   0x08002c26   0x0000002c   Code   RO          502    i.USBH_LL_Start     usbh_conf.o
    0x08002c52   0x08002c52   0x0000002c   Code   RO          503    i.USBH_LL_Stop      usbh_conf.o
    0x08002c7e   0x08002c7e   0x00000046   Code   RO          504    i.USBH_LL_SubmitURB  usbh_conf.o
    0x08002cc4   0x08002cc4   0x00000024   Code   RO         9633    i.USBH_MSC_BOT_Abort  usbh_msc_bot.o
    0x08002ce8   0x08002ce8   0x00000024   Code   RO         9634    i.USBH_MSC_BOT_Init  usbh_msc_bot.o
    0x08002d0c   0x08002d0c   0x0000023a   Code   RO         9635    i.USBH_MSC_BOT_Process  usbh_msc_bot.o
    0x08002f46   0x08002f46   0x00000016   Code   RO         9636    i.USBH_MSC_BOT_REQ_GetMaxLUN  usbh_msc_bot.o
    0x08002f5c   0x08002f5c   0x00000018   Code   RO         9637    i.USBH_MSC_BOT_REQ_Reset  usbh_msc_bot.o
    0x08002f74   0x08002f74   0x000000a4   Code   RO         9542    i.USBH_MSC_ClassRequest  usbh_msc.o
    0x08003018   0x08003018   0x0000004c   Code   RO         9638    i.USBH_MSC_DecodeCSW  usbh_msc_bot.o
    0x08003064   0x08003064   0x00000070   Code   RO         9543    i.USBH_MSC_GetLUNInfo  usbh_msc.o
    0x080030d4   0x080030d4   0x0000004c   Code   RO         9545    i.USBH_MSC_InterfaceDeInit  usbh_msc.o
    0x08003120   0x08003120   0x00000154   Code   RO         9546    i.USBH_MSC_InterfaceInit  usbh_msc.o
    0x08003274   0x08003274   0x000005fa   Code   RO         9548    i.USBH_MSC_Process  usbh_msc.o
    0x0800386e   0x0800386e   0x00000002   PAD
    0x08003870   0x08003870   0x00000174   Code   RO         9549    i.USBH_MSC_RdWrProcess  usbh_msc.o
    0x080039e4   0x080039e4   0x0000009a   Code   RO         9550    i.USBH_MSC_Read     usbh_msc.o
    0x08003a7e   0x08003a7e   0x000000d2   Code   RO         9685    i.USBH_MSC_SCSI_Inquiry  usbh_msc_scsi.o
    0x08003b50   0x08003b50   0x00000098   Code   RO         9686    i.USBH_MSC_SCSI_Read  usbh_msc_scsi.o
    0x08003be8   0x08003be8   0x0000008c   Code   RO         9687    i.USBH_MSC_SCSI_ReadCapacity  usbh_msc_scsi.o
    0x08003c74   0x08003c74   0x00000098   Code   RO         9688    i.USBH_MSC_SCSI_RequestSense  usbh_msc_scsi.o
    0x08003d0c   0x08003d0c   0x0000004e   Code   RO         9689    i.USBH_MSC_SCSI_TestUnitReady  usbh_msc_scsi.o
    0x08003d5a   0x08003d5a   0x00000096   Code   RO         9690    i.USBH_MSC_SCSI_Write  usbh_msc_scsi.o
    0x08003df0   0x08003df0   0x00000004   Code   RO         9551    i.USBH_MSC_SOFProcess  usbh_msc.o
    0x08003df4   0x08003df4   0x0000002a   Code   RO         9552    i.USBH_MSC_UnitIsReady  usbh_msc.o
    0x08003e1e   0x08003e1e   0x0000009a   Code   RO         9553    i.USBH_MSC_Write    usbh_msc.o
    0x08003eb8   0x08003eb8   0x0000001e   Code   RO         9499    i.USBH_OpenPipe     usbh_pipes.o
    0x08003ed6   0x08003ed6   0x000000b2   Code   RO         9323    i.USBH_ParseCfgDesc  usbh_ctlreq.o
    0x08003f88   0x08003f88   0x00000058   Code   RO         9324    i.USBH_ParseDevDesc  usbh_ctlreq.o
    0x08003fe0   0x08003fe0   0x00000020   Code   RO         9325    i.USBH_ParseEPDesc  usbh_ctlreq.o
    0x08004000   0x08004000   0x00000026   Code   RO         9326    i.USBH_ParseInterfaceDesc  usbh_ctlreq.o
    0x08004026   0x08004026   0x00000034   Code   RO         9327    i.USBH_ParseStringDesc  usbh_ctlreq.o
    0x0800405a   0x0800405a   0x00000002   PAD
    0x0800405c   0x0800405c   0x00000330   Code   RO         9204    i.USBH_Process      usbh_core.o
    0x0800438c   0x0800438c   0x00000088   Code   RO         9206    i.USBH_RegisterClass  usbh_core.o
    0x08004414   0x08004414   0x000000f4   Code   RO         9207    i.USBH_SelectInterface  usbh_core.o
    0x08004508   0x08004508   0x0000001c   Code   RO         9328    i.USBH_SetAddress   usbh_ctlreq.o
    0x08004524   0x08004524   0x0000001c   Code   RO         9329    i.USBH_SetCfg       usbh_ctlreq.o
    0x08004540   0x08004540   0x00000016   Code   RO         9208    i.USBH_Start        usbh_core.o
    0x08004556   0x08004556   0x00000002   PAD
    0x08004558   0x08004558   0x00000024   Code   RO           14    i.USBH_UserProcess  main.o
    0x0800457c   0x0800457c   0x00000004   Code   RO        10244    i.USBH_initialize   usbh_diskio.o
    0x08004580   0x08004580   0x00000070   Code   RO        10245    i.USBH_ioctl        usbh_diskio.o
    0x080045f0   0x080045f0   0x000000c8   Code   RO        10246    i.USBH_read         usbh_diskio.o
    0x080046b8   0x080046b8   0x00000018   Code   RO        10247    i.USBH_status       usbh_diskio.o
    0x080046d0   0x080046d0   0x00000100   Code   RO        10248    i.USBH_write        usbh_diskio.o
    0x080047d0   0x080047d0   0x00000072   Code   RO         8526    i.USB_CoreInit      stm32f4xx_ll_usb.o
    0x08004842   0x08004842   0x00000002   PAD
    0x08004844   0x08004844   0x0000003c   Code   RO         8527    i.USB_CoreReset     stm32f4xx_ll_usb.o
    0x08004880   0x08004880   0x0000000c   Code   RO         8533    i.USB_DisableGlobalInt  stm32f4xx_ll_usb.o
    0x0800488c   0x0800488c   0x00000048   Code   RO         8534    i.USB_DoPing        stm32f4xx_ll_usb.o
    0x080048d4   0x080048d4   0x00000040   Code   RO         8535    i.USB_DriveVbus     stm32f4xx_ll_usb.o
    0x08004914   0x08004914   0x0000000c   Code   RO         8541    i.USB_EnableGlobalInt  stm32f4xx_ll_usb.o
    0x08004920   0x08004920   0x00000024   Code   RO         8542    i.USB_FlushRxFifo   stm32f4xx_ll_usb.o
    0x08004944   0x08004944   0x00000028   Code   RO         8543    i.USB_FlushTxFifo   stm32f4xx_ll_usb.o
    0x0800496c   0x0800496c   0x00000008   Code   RO         8544    i.USB_GetCurrentFrame  stm32f4xx_ll_usb.o
    0x08004974   0x08004974   0x00000012   Code   RO         8546    i.USB_GetHostSpeed  stm32f4xx_ll_usb.o
    0x08004986   0x08004986   0x00000008   Code   RO         8547    i.USB_GetMode       stm32f4xx_ll_usb.o
    0x0800498e   0x0800498e   0x00000154   Code   RO         8548    i.USB_HC_Halt       stm32f4xx_ll_usb.o
    0x08004ae2   0x08004ae2   0x000000fe   Code   RO         8549    i.USB_HC_Init       stm32f4xx_ll_usb.o
    0x08004be0   0x08004be0   0x0000000a   Code   RO         8550    i.USB_HC_ReadInterrupt  stm32f4xx_ll_usb.o
    0x08004bea   0x08004bea   0x00000002   PAD
    0x08004bec   0x08004bec   0x00000198   Code   RO         8551    i.USB_HC_StartXfer  stm32f4xx_ll_usb.o
    0x08004d84   0x08004d84   0x000000e0   Code   RO         8552    i.USB_HostInit      stm32f4xx_ll_usb.o
    0x08004e64   0x08004e64   0x0000003a   Code   RO         8553    i.USB_InitFSLSPClkSel  stm32f4xx_ll_usb.o
    0x08004e9e   0x08004e9e   0x00000008   Code   RO         8558    i.USB_ReadInterrupts  stm32f4xx_ll_usb.o
    0x08004ea6   0x08004ea6   0x00000024   Code   RO         8559    i.USB_ReadPacket    stm32f4xx_ll_usb.o
    0x08004eca   0x08004eca   0x00000030   Code   RO         8560    i.USB_ResetPort     stm32f4xx_ll_usb.o
    0x08004efa   0x08004efa   0x0000002e   Code   RO         8561    i.USB_SetCurrentMode  stm32f4xx_ll_usb.o
    0x08004f28   0x08004f28   0x000000aa   Code   RO         8565    i.USB_StopHost      stm32f4xx_ll_usb.o
    0x08004fd2   0x08004fd2   0x00000030   Code   RO         8566    i.USB_WritePacket   stm32f4xx_ll_usb.o
    0x08005002   0x08005002   0x00000002   Code   RO          406    i.UsageFault_Handler  stm32f4xx_it.o
    0x08005004   0x08005004   0x00000020   Code   RO        10448    i.__0printf$5       mc_w.l(printf5.o)
    0x08005024   0x08005024   0x00000028   Code   RO        10450    i.__0sprintf$5      mc_w.l(printf5.o)
    0x0800504c   0x0800504c   0x0000000e   Code   RO        10648    i.__scatterload_copy  mc_w.l(handlers.o)
    0x0800505a   0x0800505a   0x00000002   Code   RO        10649    i.__scatterload_null  mc_w.l(handlers.o)
    0x0800505c   0x0800505c   0x0000000e   Code   RO        10650    i.__scatterload_zeroinit  mc_w.l(handlers.o)
    0x0800506a   0x0800506a   0x00000002   PAD
    0x0800506c   0x0800506c   0x000002c0   Code   RO        10455    i._printf_core      mc_w.l(printf5.o)
    0x0800532c   0x0800532c   0x0000000a   Code   RO        10457    i._sputc            mc_w.l(printf5.o)
    0x08005336   0x08005336   0x00000002   PAD
    0x08005338   0x08005338   0x00000090   Code   RO         9811    i.check_fs          ff.o
    0x080053c8   0x080053c8   0x00000010   Code   RO         9812    i.chk_chr           ff.o
    0x080053d8   0x080053d8   0x0000007c   Code   RO         9813    i.chk_lock          ff.o
    0x08005454   0x08005454   0x00000028   Code   RO         9814    i.clear_lock        ff.o
    0x0800547c   0x0800547c   0x0000002e   Code   RO         9815    i.clmt_clust        ff.o
    0x080054aa   0x080054aa   0x0000001e   Code   RO         9816    i.clust2sect        ff.o
    0x080054c8   0x080054c8   0x00000088   Code   RO         9817    i.cmp_lfn           ff.o
    0x08005550   0x08005550   0x000000c6   Code   RO         9818    i.create_chain      ff.o
    0x08005616   0x08005616   0x00000002   PAD
    0x08005618   0x08005618   0x000002ac   Code   RO         9819    i.create_name       ff.o
    0x080058c4   0x080058c4   0x0000004a   Code   RO         9821    i.dir_alloc         ff.o
    0x0800590e   0x0800590e   0x000000da   Code   RO         9822    i.dir_find          ff.o
    0x080059e8   0x080059e8   0x00000162   Code   RO         9823    i.dir_next          ff.o
    0x08005b4a   0x08005b4a   0x000000cc   Code   RO         9824    i.dir_read          ff.o
    0x08005c16   0x08005c16   0x00000002   PAD
    0x08005c18   0x08005c18   0x00000150   Code   RO         9825    i.dir_register      ff.o
    0x08005d68   0x08005d68   0x000000ae   Code   RO         9827    i.dir_sdi           ff.o
    0x08005e16   0x08005e16   0x00000002   PAD
    0x08005e18   0x08005e18   0x0000002c   Code   RO         9739    i.disk_initialize   diskio.o
    0x08005e44   0x08005e44   0x0000001c   Code   RO         9740    i.disk_ioctl        diskio.o
    0x08005e60   0x08005e60   0x00000020   Code   RO         9741    i.disk_read         diskio.o
    0x08005e80   0x08005e80   0x00000018   Code   RO         9742    i.disk_status       diskio.o
    0x08005e98   0x08005e98   0x00000020   Code   RO         9743    i.disk_write        diskio.o
    0x08005eb8   0x08005eb8   0x00000028   Code   RO         9828    i.enq_lock          ff.o
    0x08005ee0   0x08005ee0   0x000001a0   Code   RO         9837    i.f_mkdir           ff.o
    0x08006080   0x08006080   0x00000068   Code   RO         9839    i.f_mount           ff.o
    0x080060e8   0x080060e8   0x000001de   Code   RO         9840    i.f_open            ff.o
    0x080062c6   0x080062c6   0x000000a6   Code   RO         9841    i.f_opendir         ff.o
    0x0800636c   0x0800636c   0x00000068   Code   RO         9846    i.f_readdir         ff.o
    0x080063d4   0x080063d4   0x000000c8   Code   RO         9849    i.f_sync            ff.o
    0x0800649c   0x0800649c   0x00000218   Code   RO         9853    i.f_write           ff.o
    0x080066b4   0x080066b4   0x00000060   Code   RO         9744    i.ff_convert        diskio.o
    0x08006714   0x08006714   0x0000002c   Code   RO         9745    i.ff_wtoupper       diskio.o
    0x08006740   0x08006740   0x0000038c   Code   RO         9854    i.find_volume       ff.o
    0x08006acc   0x08006acc   0x00000074   Code   RO         9855    i.fit_lfn           ff.o
    0x08006b40   0x08006b40   0x000000aa   Code   RO         9856    i.follow_path       ff.o
    0x08006bea   0x08006bea   0x00000002   PAD
    0x08006bec   0x08006bec   0x0000001c   Code   RO         8932    i.fputc             bsp_debug_usart.o
    0x08006c08   0x08006c08   0x00000050   Code   RO        10576    i.free              mc_w.l(malloc.o)
    0x08006c58   0x08006c58   0x000000a6   Code   RO         9857    i.gen_numname       ff.o
    0x08006cfe   0x08006cfe   0x000000d6   Code   RO         9858    i.get_fat           ff.o
    0x08006dd4   0x08006dd4   0x00000004   Code   RO         9746    i.get_fattime       diskio.o
    0x08006dd8   0x08006dd8   0x000000f2   Code   RO         9859    i.get_fileinfo      ff.o
    0x08006eca   0x08006eca   0x0000004e   Code   RO         9860    i.get_ldnumber      ff.o
    0x08006f18   0x08006f18   0x000000b4   Code   RO         9861    i.inc_lock          ff.o
    0x08006fcc   0x08006fcc   0x00000020   Code   RO         9862    i.ld_clust          ff.o
    0x08006fec   0x08006fec   0x00000394   Code   RO           16    i.main              main.o
    0x08007380   0x08007380   0x0000006c   Code   RO        10577    i.malloc            mc_w.l(malloc.o)
    0x080073ec   0x080073ec   0x00000018   Code   RO         9863    i.mem_cmp           ff.o
    0x08007404   0x08007404   0x00000012   Code   RO         9864    i.mem_cpy           ff.o
    0x08007416   0x08007416   0x00000010   Code   RO         9865    i.mem_set           ff.o
    0x08007426   0x08007426   0x00000038   Code   RO         9866    i.move_window       ff.o
    0x0800745e   0x0800745e   0x00000002   PAD
    0x08007460   0x08007460   0x00000084   Code   RO         9867    i.pick_lfn          ff.o
    0x080074e4   0x080074e4   0x0000023c   Code   RO           17    i.printf_fatfs_error  main.o
    0x08007720   0x08007720   0x00000110   Code   RO         9868    i.put_fat           ff.o
    0x08007830   0x08007830   0x00000074   Code   RO         9870    i.remove_chain      ff.o
    0x080078a4   0x080078a4   0x00000098   Code   RO           18    i.scan_files        main.o
    0x0800793c   0x0800793c   0x00000010   Code   RO         9871    i.st_clust          ff.o
    0x0800794c   0x0800794c   0x0000001a   Code   RO         9872    i.sum_sfn           ff.o
    0x08007966   0x08007966   0x000000ba   Code   RO         9873    i.sync_fs           ff.o
    0x08007a20   0x08007a20   0x00000064   Code   RO         9874    i.sync_window       ff.o
    0x08007a84   0x08007a84   0x00000034   Code   RO         9875    i.validate          ff.o
    0x08007ab8   0x08007ab8   0x00000010   Data   RO         8892    .constdata          system_stm32f4xx.o
    0x08007ac8   0x08007ac8   0x00000008   Data   RO         8893    .constdata          system_stm32f4xx.o
    0x08007ad0   0x08007ad0   0x0002acc8   Data   RO         9747    .constdata          diskio.o
    0x08032798   0x08032798   0x0000003a   Data   RO         9877    .constdata          ff.o
    0x080327d2   0x080327d2   0x00000002   PAD
    0x080327d4   0x080327d4   0x00000014   Data   RO        10250    .constdata          usbh_diskio.o
    0x080327e8   0x080327e8   0x00000004   Data   RO         9554    .conststring        usbh_msc.o
    0x080327ec   0x080327ec   0x00000020   Data   RO        10646    Region$$Table       anon$$obj.o


    Execution Region RW_IRAM1 (Exec base: 0x20000000, Load base: 0x0803280c, Size: 0x00002ad0, Max: 0x00020000, ABSOLUTE, COMPRESSED[0x00000028])

    Exec Addr    Load Addr    Size         Type   Attr      Idx    E Section Name        Object

    0x20000000   COMPRESSED   0x0000010b   Data   RW           23    .data               main.o
    0x2000010b   COMPRESSED   0x00000001   PAD
    0x2000010c   COMPRESSED   0x00000004   Data   RW         1477    .data               stm32f4xx_hal.o
    0x20000110   COMPRESSED   0x00000004   Data   RW         8894    .data               system_stm32f4xx.o
    0x20000114   COMPRESSED   0x00000020   Data   RW         9555    .data               usbh_msc.o
    0x20000134   COMPRESSED   0x00000008   Data   RW         9878    .data               ff.o
    0x2000013c   COMPRESSED   0x00000004   Data   RW        10618    .data               mc_w.l(stdout.o)
    0x20000140   COMPRESSED   0x00000004   Data   RW        10623    .data               mc_w.l(mvars.o)
    0x20000144   COMPRESSED   0x00000004   Data   RW        10624    .data               mc_w.l(mvars.o)
    0x20000148        -       0x0000128c   Zero   RW           20    .bss                main.o
    0x200013d4        -       0x00000298   Zero   RW          505    .bss                usbh_conf.o
    0x2000166c        -       0x00000040   Zero   RW         8933    .bss                bsp_debug_usart.o
    0x200016ac        -       0x00000018   Zero   RW         9876    .bss                ff.o
    0x200016c4        -       0x0000000c   Zero   RW        10198    .bss                ff_gen_drv.o
    0x200016d0        -       0x00000200   Zero   RW        10249    .bss                usbh_diskio.o
    0x200018d0        -       0x00000200   Zero   RW            2    HEAP                startup_stm32f407xx.o
    0x20001ad0        -       0x00001000   Zero   RW            1    STACK               startup_stm32f407xx.o


==============================================================================

Image component sizes


      Code (inc. data)   RO Data    RW Data    ZI Data      Debug   Object Name

       184         28          0          0         64       2492   bsp_debug_usart.o
       464         40          0          0          0       4077   bsp_key.o
       160         14          0          0          0       1016   bsp_led.o
       304         44     175304          0          0       6438   diskio.o
      7942         92         58          8         24      47922   ff.o
        78          6          0          0         12       1643   ff_gen_drv.o
      1832        818          0        267       4748     679921   main.o
        36          8        392          0       4608        852   startup_stm32f407xx.o
       150         22          0          4          0       4559   stm32f4xx_hal.o
       242         16          0          0          0      32013   stm32f4xx_hal_cortex.o
       576         22          0          0          0       3936   stm32f4xx_hal_gpio.o
      2466          6          0          0          0      14045   stm32f4xx_hal_hcd.o
       104          0          0          0          0        550   stm32f4xx_hal_msp.o
      1836         92          0          0          0       7132   stm32f4xx_hal_rcc.o
      1276         14          0          0          0       4092   stm32f4xx_hal_uart.o
        44          6          0          0          0       5255   stm32f4xx_it.o
      2094         48          0          0          0      17571   stm32f4xx_ll_usb.o
        88         24         24          4          0       1219   system_stm32f4xx.o
       670         22          0          0        664      12928   usbh_conf.o
      2288        704          0          0          0      10634   usbh_core.o
      1232         42          0          0          0      12224   usbh_ctlreq.o
       596        132         20          0        512       5207   usbh_diskio.o
       208          0          0          0          0       4532   usbh_ioreq.o
      2948        438          4         32          0      11445   usbh_msc.o
       764         26          0          0          0       5665   usbh_msc_bot.o
       882          0          0          0          0       6383   usbh_msc_scsi.o
       132          0          0          0          0       4042   usbh_pipes.o

    ----------------------------------------------------------------------
     29628       2664     175836        316      10632     907793   Object Totals
         0          0         32          0          0          0   (incl. Generated)
        32          0          2          1          0          0   (incl. Padding)

    ----------------------------------------------------------------------

      Code (inc. data)   RO Data    RW Data    ZI Data      Debug   Library Member Name

        86          0          0          0          0          0   __dczerorl2.o
         0          0          0          0          0          0   entry.o
         0          0          0          0          0          0   entry10a.o
         0          0          0          0          0          0   entry11a.o
         8          4          0          0          0          0   entry2.o
         4          0          0          0          0          0   entry5.o
         0          0          0          0          0          0   entry7b.o
         0          0          0          0          0          0   entry8b.o
         8          4          0          0          0          0   entry9a.o
        30          0          0          0          0          0   handlers.o
        36          8          0          0          0         68   init.o
        30          0          0          0          0         68   llshl.o
        32          0          0          0          0         68   llushr.o
       188         20          0          0          0        160   malloc.o
        36          0          0          0          0         68   memcpya.o
        36          0          0          0          0        108   memseta.o
         0          0          0          8          0          0   mvars.o
       786         62          0          0          0        336   printf5.o
         0          0          0          4          0          0   stdout.o
        14          0          0          0          0         68   strlen.o
        98          0          0          0          0         92   uldiv.o

    ----------------------------------------------------------------------
      1396         98          0         12          0       1036   Library Totals
         4          0          0          0          0          0   (incl. Padding)

    ----------------------------------------------------------------------

      Code (inc. data)   RO Data    RW Data    ZI Data      Debug   Library Name

      1392         98          0         12          0       1036   mc_w.l

    ----------------------------------------------------------------------
      1396         98          0         12          0       1036   Library Totals

    ----------------------------------------------------------------------

==============================================================================


      Code (inc. data)   RO Data    RW Data    ZI Data      Debug   

     31024       2762     175836        328      10632     886045   Grand Totals
     31024       2762     175836         40      10632     886045   ELF Image Totals (compressed)
     31024       2762     175836         40          0          0   ROM Totals

==============================================================================

    Total RO  Size (Code + RO Data)               206860 ( 202.01kB)
    Total RW  Size (RW Data + ZI Data)             10960 (  10.70kB)
    Total ROM Size (Code + RO Data + RW Data)     206900 ( 202.05kB)

==============================================================================

