<html>
<body>
<pre>
<h1>�Vision Build Log</h1>
<h2>Tool Versions:</h2>
IDE-Version: ��Vision V5.26.2.0
Copyright (C) 2018 ARM Ltd and ARM Germany GmbH. All rights reserved.
License Information: L LTC, LTC, LIC=MGX8T-RBPQ9-LUD4M-XRVLD-36TJF-BCQI8
 
Tool Versions:
Toolchain:       MDK-ARM Professional  Version: 5.26.2.0
Toolchain Path:  E:\ZYAPP\Keil_v5\ARM\ARMCC\Bin
C Compiler:      Armcc.exe V5.06 update 6 (build 750)
Assembler:       Armasm.exe V5.06 update 6 (build 750)
Linker/Locator:  ArmLink.exe V5.06 update 6 (build 750)
Library Manager: ArmAr.exe V5.06 update 6 (build 750)
Hex Converter:   FromElf.exe V5.06 update 6 (build 750)
CPU DLL:         SARMCM3.DLL V5.26.2.0
Dialog DLL:      DCM.DLL V1.17.2.0
Target DLL:      STLink\ST-LINKIII-KEIL_SWO.dll V3.0.5.0
Dialog DLL:      TCM.DLL V1.36.1.0
 
<h2>Project:</h2>
F:\Project\STM32\STM32_CERS\CERS_CS\MDK-ARM\YS-F4Pro.uvprojx
Project File Date:  10/16/2020

<h2>Output:</h2>
*** Using Compiler 'V5.06 update 6 (build 750)', folder: 'E:\ZYAPP\Keil_v5\ARM\ARMCC\Bin'
Build target 'YS-F4Pro'
compiling main.c...
../Src/main.c(118): warning:  #870-D: invalid multibyte character sequence
    printf("--> 编码器接�?4倍频,上下边沿都计�?<-- \n");
../Src/main.c(118): warning:  #870-D: invalid multibyte character sequence
    printf("--> 编码器接�?4倍频,上下边沿都计�?<-- \n");
../Src/main.c(146): warning:  #870-D: invalid multibyte character sequence
        printf("重量�?%d->%.2f\n",weight_count,weight);
../Src/main.c(173): warning:  #870-D: invalid multibyte character sequence
        printf("行程�?%.3f r \n",(float)((float)CaptureNumber/ENCODER_RESOLUTION));
../Src/main.c(175): warning:  #870-D: invalid multibyte character sequence
        printf("速度�?%.3f r/s \n",(float)((float)Speed/ENCODER_RESOLUTION *10));
../Src/main.c: 5 warnings, 0 errors
linking...
Program Size: Code=14020 RO-data=448 RW-data=44 ZI-data=4372  
"YS-F4Pro\YS-F4Pro.axf" - 0 Error(s), 5 Warning(s).

<h2>Software Packages used:</h2>

Package Vendor: Keil
                http://www.keil.com/pack/Keil.STM32F4xx_DFP.2.13.0.pack
                Keil.STM32F4xx_DFP.2.13.0
                STMicroelectronics STM32F4 Series Device Support, Drivers and Examples

<h2>Collection of Component include folders:</h2>
  .\RTE\_YS-F4Pro
  E:\ZYAPP\Keil_v5\ARM\PACK\Keil\STM32F4xx_DFP\2.13.0\Drivers\CMSIS\Device\ST\STM32F4xx\Include

<h2>Collection of Component Files used:</h2>
Build Time Elapsed:  00:00:04
</pre>
</body>
</html>
