<html>
<body>
<pre>
<h1>礦ision Build Log</h1>
<h2>Tool Versions:</h2>
IDE-Version: μVision V5.26.2.0
Copyright (C) 2018 ARM Ltd and ARM Germany GmbH. All rights reserved.
License Information: L LTC, LTC, LIC=MGX8T-RBPQ9-LUD4M-XRVLD-36TJF-BCQI8
 
Tool Versions:
Toolchain:       MDK-ARM Professional  Version: 5.26.2.0
Toolchain Path:  E:\ZYAPP\Keil_v5\ARM\ARMCC\Bin
C Compiler:      Armcc.exe V5.06 update 6 (build 750)
Assembler:       Armasm.exe V5.06 update 6 (build 750)
Linker/Locator:  ArmLink.exe V5.06 update 6 (build 750)
Library Manager: ArmAr.exe V5.06 update 6 (build 750)
Hex Converter:   FromElf.exe V5.06 update 6 (build 750)
CPU DLL:         SARMCM3.DLL V5.26.2.0
Dialog DLL:      DCM.DLL V1.17.2.0
Target DLL:      STLink\ST-LINKIII-KEIL_SWO.dll V3.0.5.0
Dialog DLL:      TCM.DLL V1.36.1.0
 
<h2>Project:</h2>
F:\Project\STM32\STM32_CERS\CERS0204\MDK-ARM\YS-F4Pro.uvprojx
Project File Date:  02/01/2021

<h2>Output:</h2>
*** Using Compiler 'V5.06 update 6 (build 750)', folder: 'E:\ZYAPP\Keil_v5\ARM\ARMCC\Bin'
Build target 'YS-F4Pro'
compiling main.c...
../Src/main.c(1278): warning:  #167-D: argument of type "BYTE *" is incompatible with parameter of type "char *restrict"
            sprintf(WriteBuffer_dir,"%s",HMI_str);
../Src/main.c(1279): warning:  #167-D: argument of type "BYTE *" is incompatible with parameter of type "char *restrict"
            sprintf(WriteBuffer_name,"%s",HMI_str);
../Src/main.c(1284): warning:  #167-D: argument of type "BYTE *" is incompatible with parameter of type "char *restrict"
            sprintf(WriteBuffer_dir,"%s_%s",WriteBuffer_dir,HMI_str);
../Src/main.c(1285): warning:  #167-D: argument of type "BYTE *" is incompatible with parameter of type "char *restrict"
            sprintf(WriteBuffer_number,"%s",HMI_str);
../Src/main.c(1290): warning:  #167-D: argument of type "BYTE *" is incompatible with parameter of type "char *restrict"
            sprintf(WriteBuffer_high,"%s",HMI_str);
../Src/main.c(1295): warning:  #167-D: argument of type "BYTE *" is incompatible with parameter of type "char *restrict"
            sprintf(WriteBuffer_weight,"%s",HMI_str);
../Src/main.c(1300): warning:  #167-D: argument of type "BYTE *" is incompatible with parameter of type "char *restrict"
            sprintf(WriteBuffer_age,"%s",HMI_str);
../Src/main.c(1305): warning:  #167-D: argument of type "BYTE *" is incompatible with parameter of type "char *restrict"
            sprintf(WriteBuffer_male,"%s",HMI_str);
../Src/main.c(1310): warning:  #167-D: argument of type "BYTE *" is incompatible with parameter of type "char *restrict"
            sprintf(WriteBuffer_sick,"%s",HMI_str);
../Src/main.c(1317): warning:  #167-D: argument of type "BYTE *" is incompatible with parameter of type "const TCHAR *"
            f_res=f_mkdir(WriteBuffer_dir);
../Src/main.c(1320): warning:  #167-D: argument of type "BYTE *" is incompatible with parameter of type "char *restrict"
            sprintf( WriteBuffer_csv,"/%s/%s.csv",WriteBuffer_dir,"用户档案信息");
../Src/main.c(1321): warning:  #167-D: argument of type "BYTE *" is incompatible with parameter of type "const TCHAR *"
            f_res =f_open(&file, WriteBuffer_csv,FA_CREATE_ALWAYS | FA_WRITE );
../Src/main.c(1324): warning:  #167-D: argument of type "BYTE *" is incompatible with parameter of type "char *restrict"
            sprintf(WriteBuffer_title, "%s\r\n", "姓名,实验编号,身高,体重,年龄,性别,有无患病史");
../Src/main.c(1330): warning:  #167-D: argument of type "BYTE *" is incompatible with parameter of type "char *restrict"
            sprintf(WriteBuffer_test, "%s,%s,%s,%s,%s,%s,%s\r\n", WriteBuffer_name,WriteBuffer_number,WriteBuffer_high,WriteBuffer_weight,WriteBuffer_age,WriteBuffer_male,WriteBuffer_sick);
../Src/main.c(244): warning:  #177-D: variable "weight_first"  was declared but never referenced
    int32_t weight_first;
../Src/main.c(250): warning:  #177-D: variable "HMI_string_temp"  was declared but never referenced
    char* HMI_string_temp=NULL;
../Src/main.c(253): warning:  #177-D: variable "counts"  was declared but never referenced
  	uint8_t res=0,counts=0;
../Src/main.c(1414): warning:  #120-D: return value type does not match the function type
  	return HMI_str;
../Src/main.c(1599): warning:  #167-D: argument of type "BYTE *" is incompatible with parameter of type "char *restrict"
    sprintf(WriteBuffer_test, "%d", date);
../Src/main.c(1602): warning:  #167-D: argument of type "BYTE *" is incompatible with parameter of type "char *restrict"
    sprintf(WriteBuffer_test, "%d", 0x0000);
../Src/main.c(1604): warning:  #940-D: missing return statement at end of non-void function "write_file" 
  }
../Src/main.c(1708): warning:  #1-D: last line of file ends without a newline
  /*****END OF FILE****/
../Src/main.c(172): warning:  #177-D: function "read_write_flie"  was declared but never referenced
  static void read_write_flie(void);
../Src/main.c: 23 warnings, 0 errors
linking...
Program Size: Code=52104 RO-data=175980 RW-data=512 ZI-data=11888  
FromELF: creating hex file...
"YS-F4Pro\YS-F4Pro.axf" - 0 Error(s), 23 Warning(s).

<h2>Software Packages used:</h2>

Package Vendor: Keil
                http://www.keil.com/pack/Keil.STM32F4xx_DFP.2.13.0.pack
                Keil.STM32F4xx_DFP.2.13.0
                STMicroelectronics STM32F4 Series Device Support, Drivers and Examples

<h2>Collection of Component include folders:</h2>
  .\RTE\_YS-F4Pro
  E:\ZYAPP\Keil_v5\ARM\PACK\Keil\STM32F4xx_DFP\2.13.0\Drivers\CMSIS\Device\ST\STM32F4xx\Include

<h2>Collection of Component Files used:</h2>
Build Time Elapsed:  00:00:07
</pre>
</body>
</html>
