Component: ARM Compiler 5.06 update 6 (build 750) Tool: armlink [4d35ed]

==============================================================================

Section Cross References

    startup_stm32f407xx.o(RESET) refers to startup_stm32f407xx.o(STACK) for __initial_sp
    startup_stm32f407xx.o(RESET) refers to startup_stm32f407xx.o(.text) for Reset_Handler
    startup_stm32f407xx.o(RESET) refers to stm32f4xx_it.o(i.NMI_Handler) for NMI_Handler
    startup_stm32f407xx.o(RESET) refers to stm32f4xx_it.o(i.HardFault_Handler) for HardFault_Handler
    startup_stm32f407xx.o(RESET) refers to stm32f4xx_it.o(i.MemManage_Handler) for MemManage_Handler
    startup_stm32f407xx.o(RESET) refers to stm32f4xx_it.o(i.BusFault_Handler) for BusFault_Handler
    startup_stm32f407xx.o(RESET) refers to stm32f4xx_it.o(i.UsageFault_Handler) for UsageFault_Handler
    startup_stm32f407xx.o(RESET) refers to stm32f4xx_it.o(i.SVC_Handler) for SVC_Handler
    startup_stm32f407xx.o(RESET) refers to stm32f4xx_it.o(i.DebugMon_Handler) for DebugMon_Handler
    startup_stm32f407xx.o(RESET) refers to stm32f4xx_it.o(i.PendSV_Handler) for PendSV_Handler
    startup_stm32f407xx.o(RESET) refers to stm32f4xx_it.o(i.SysTick_Handler) for SysTick_Handler
    startup_stm32f407xx.o(RESET) refers to stm32f4xx_it.o(i.RCC_IRQHandler) for RCC_IRQHandler
    startup_stm32f407xx.o(RESET) refers to stm32f4xx_it.o(i.TIM2_IRQHandler) for TIM2_IRQHandler
    startup_stm32f407xx.o(RESET) refers to stm32f4xx_it.o(i.TIM3_IRQHandler) for TIM3_IRQHandler
    startup_stm32f407xx.o(RESET) refers to main.o(i.USART2_IRQHandler) for USART2_IRQHandler
    startup_stm32f407xx.o(RESET) refers to stm32f4xx_it.o(i.OTG_FS_IRQHandler) for OTG_FS_IRQHandler
    startup_stm32f407xx.o(.text) refers to system_stm32f4xx.o(i.SystemInit) for SystemInit
    startup_stm32f407xx.o(.text) refers to entry.o(.ARM.Collect$$$$00000000) for __main
    main.o(i.ENCODER_read_channelx) refers to main.o(.data) for .data
    main.o(i.ENCODER_read_channelx) refers to bsp_encoder.o(.bss) for xhtimx_Encoder
    main.o(i.ENCODER_read_channelx) refers to bsp_encoder.o(.data) for YOverflowCount
    main.o(i.HMI_USARTx_GetString) refers to main.o(.data) for .data
    main.o(i.HMI_USARTx_GetString) refers to main.o(.bss) for .bss
    main.o(i.HMI_string_setting) refers to f2d.o(.text) for __aeabi_f2d
    main.o(i.HMI_string_setting) refers to printfa.o(i.__0sprintf) for __2sprintf
    main.o(i.HMI_string_setting) refers to strlen.o(.text) for strlen
    main.o(i.HMI_string_setting) refers to bsp_usartx_hmi.o(.bss) for husartx_HMI
    main.o(i.HMI_value_setting) refers to printfa.o(i.__0sprintf) for __2sprintf
    main.o(i.HMI_value_setting) refers to strlen.o(.text) for strlen
    main.o(i.HMI_value_setting) refers to bsp_usartx_hmi.o(.bss) for husartx_HMI
    main.o(i.SystemClock_Config) refers to stm32f4xx_hal_rcc.o(i.HAL_RCC_OscConfig) for HAL_RCC_OscConfig
    main.o(i.SystemClock_Config) refers to stm32f4xx_hal_rcc.o(i.HAL_RCC_ClockConfig) for HAL_RCC_ClockConfig
    main.o(i.SystemClock_Config) refers to stm32f4xx_hal_rcc.o(i.HAL_RCC_EnableCSS) for HAL_RCC_EnableCSS
    main.o(i.SystemClock_Config) refers to stm32f4xx_hal_rcc.o(i.HAL_RCC_GetHCLKFreq) for HAL_RCC_GetHCLKFreq
    main.o(i.SystemClock_Config) refers to stm32f4xx_hal_cortex.o(i.HAL_SYSTICK_Config) for HAL_SYSTICK_Config
    main.o(i.SystemClock_Config) refers to stm32f4xx_hal_cortex.o(i.HAL_SYSTICK_CLKSourceConfig) for HAL_SYSTICK_CLKSourceConfig
    main.o(i.SystemClock_Config) refers to stm32f4xx_hal_cortex.o(i.HAL_NVIC_SetPriority) for HAL_NVIC_SetPriority
    main.o(i.USART2_IRQHandler) refers to bsp_usartx_hmi.o(.bss) for husartx_HMI
    main.o(i.USART2_IRQHandler) refers to main.o(.bss) for .bss
    main.o(i.USART2_IRQHandler) refers to main.o(.data) for .data
    main.o(i.USBH_UserProcess) refers to main.o(.data) for .data
    main.o(i.exf_getfree) refers to ff.o(i.f_getfree) for f_getfree
    main.o(i.main) refers to stm32f4xx_hal.o(i.HAL_Init) for HAL_Init
    main.o(i.main) refers to main.o(i.SystemClock_Config) for SystemClock_Config
    main.o(i.main) refers to bsp_usartx.o(i.MX_USARTx_Init) for MX_USARTx_Init
    main.o(i.main) refers to bsp_usartx_hmi.o(i.HMI_USARTx_Init) for HMI_USARTx_Init
    main.o(i.main) refers to bsp_spiflash.o(i.MX_SPIFlash_Init) for MX_SPIFlash_Init
    main.o(i.main) refers to bsp_key.o(i.KEY_GPIO_Init) for KEY_GPIO_Init
    main.o(i.main) refers to ff_gen_drv.o(i.FATFS_LinkDriver) for FATFS_LinkDriver
    main.o(i.main) refers to usbh_core.o(i.USBH_Init) for USBH_Init
    main.o(i.main) refers to printfa.o(i.__0printf) for __2printf
    main.o(i.main) refers to usbh_core.o(i.USBH_RegisterClass) for USBH_RegisterClass
    main.o(i.main) refers to usbh_core.o(i.USBH_Start) for USBH_Start
    main.o(i.main) refers to bsp_spiflash.o(i.SPI_FLASH_ReadDeviceID) for SPI_FLASH_ReadDeviceID
    main.o(i.main) refers to stm32f4xx_hal.o(i.HAL_Delay) for HAL_Delay
[...]
    ETH_WKUP_IRQHandler                      0x080001b7   Thumb Code     0  startup_stm32f407xx.o(.text)
    EXTI0_IRQHandler                         0x080001b7   Thumb Code     0  startup_stm32f407xx.o(.text)
    EXTI15_10_IRQHandler                     0x080001b7   Thumb Code     0  startup_stm32f407xx.o(.text)
    EXTI1_IRQHandler                         0x080001b7   Thumb Code     0  startup_stm32f407xx.o(.text)
    EXTI2_IRQHandler                         0x080001b7   Thumb Code     0  startup_stm32f407xx.o(.text)
    EXTI3_IRQHandler                         0x080001b7   Thumb Code     0  startup_stm32f407xx.o(.text)
    EXTI4_IRQHandler                         0x080001b7   Thumb Code     0  startup_stm32f407xx.o(.text)
    EXTI9_5_IRQHandler                       0x080001b7   Thumb Code     0  startup_stm32f407xx.o(.text)
    FLASH_IRQHandler                         0x080001b7   Thumb Code     0  startup_stm32f407xx.o(.text)
    FMC_IRQHandler                           0x080001b7   Thumb Code     0  startup_stm32f407xx.o(.text)
    FPU_IRQHandler                           0x080001b7   Thumb Code     0  startup_stm32f407xx.o(.text)
    HASH_RNG_IRQHandler                      0x080001b7   Thumb Code     0  startup_stm32f407xx.o(.text)
    I2C1_ER_IRQHandler                       0x080001b7   Thumb Code     0  startup_stm32f407xx.o(.text)
    I2C1_EV_IRQHandler                       0x080001b7   Thumb Code     0  startup_stm32f407xx.o(.text)
    I2C2_ER_IRQHandler                       0x080001b7   Thumb Code     0  startup_stm32f407xx.o(.text)
    I2C2_EV_IRQHandler                       0x080001b7   Thumb Code     0  startup_stm32f407xx.o(.text)
    I2C3_ER_IRQHandler                       0x080001b7   Thumb Code     0  startup_stm32f407xx.o(.text)
    I2C3_EV_IRQHandler                       0x080001b7   Thumb Code     0  startup_stm32f407xx.o(.text)
    OTG_FS_WKUP_IRQHandler                   0x080001b7   Thumb Code     0  startup_stm32f407xx.o(.text)
    OTG_HS_EP1_IN_IRQHandler                 0x080001b7   Thumb Code     0  startup_stm32f407xx.o(.text)
    OTG_HS_EP1_OUT_IRQHandler                0x080001b7   Thumb Code     0  startup_stm32f407xx.o(.text)
    OTG_HS_IRQHandler                        0x080001b7   Thumb Code     0  startup_stm32f407xx.o(.text)
    OTG_HS_WKUP_IRQHandler                   0x080001b7   Thumb Code     0  startup_stm32f407xx.o(.text)
    PVD_IRQHandler                           0x080001b7   Thumb Code     0  startup_stm32f407xx.o(.text)
    RTC_Alarm_IRQHandler                     0x080001b7   Thumb Code     0  startup_stm32f407xx.o(.text)
    RTC_WKUP_IRQHandler                      0x080001b7   Thumb Code     0  startup_stm32f407xx.o(.text)
    SDIO_IRQHandler                          0x080001b7   Thumb Code     0  startup_stm32f407xx.o(.text)
    SPI1_IRQHandler                          0x080001b7   Thumb Code     0  startup_stm32f407xx.o(.text)
    SPI2_IRQHandler                          0x080001b7   Thumb Code     0  startup_stm32f407xx.o(.text)
    SPI3_IRQHandler                          0x080001b7   Thumb Code     0  startup_stm32f407xx.o(.text)
    TAMP_STAMP_IRQHandler                    0x080001b7   Thumb Code     0  startup_stm32f407xx.o(.text)
    TIM1_BRK_TIM9_IRQHandler                 0x080001b7   Thumb Code     0  startup_stm32f407xx.o(.text)
    TIM1_CC_IRQHandler                       0x080001b7   Thumb Code     0  startup_stm32f407xx.o(.text)
    TIM1_TRG_COM_TIM11_IRQHandler            0x080001b7   Thumb Code     0  startup_stm32f407xx.o(.text)
    TIM1_UP_TIM10_IRQHandler                 0x080001b7   Thumb Code     0  startup_stm32f407xx.o(.text)
    TIM4_IRQHandler                          0x080001b7   Thumb Code     0  startup_stm32f407xx.o(.text)
    TIM5_IRQHandler                          0x080001b7   Thumb Code     0  startup_stm32f407xx.o(.text)
    TIM6_DAC_IRQHandler                      0x080001b7   Thumb Code     0  startup_stm32f407xx.o(.text)
    TIM7_IRQHandler                          0x080001b7   Thumb Code     0  startup_stm32f407xx.o(.text)
    TIM8_BRK_TIM12_IRQHandler                0x080001b7   Thumb Code     0  startup_stm32f407xx.o(.text)
    TIM8_CC_IRQHandler                       0x080001b7   Thumb Code     0  startup_stm32f407xx.o(.text)
    TIM8_TRG_COM_TIM14_IRQHandler            0x080001b7   Thumb Code     0  startup_stm32f407xx.o(.text)
    TIM8_UP_TIM13_IRQHandler                 0x080001b7   Thumb Code     0  startup_stm32f407xx.o(.text)
    UART4_IRQHandler                         0x080001b7   Thumb Code     0  startup_stm32f407xx.o(.text)
    UART5_IRQHandler                         0x080001b7   Thumb Code     0  startup_stm32f407xx.o(.text)
    USART1_IRQHandler                        0x080001b7   Thumb Code     0  startup_stm32f407xx.o(.text)
    USART3_IRQHandler                        0x080001b7   Thumb Code     0  startup_stm32f407xx.o(.text)
    USART6_IRQHandler                        0x080001b7   Thumb Code     0  startup_stm32f407xx.o(.text)
    WWDG_IRQHandler                          0x080001b7   Thumb Code     0  startup_stm32f407xx.o(.text)
    __aeabi_ldivmod                          0x080001c1   Thumb Code    98  ldiv.o(.text)
    __aeabi_memcpy                           0x08000223   Thumb Code    36  memcpya.o(.text)
    __aeabi_memcpy4                          0x08000223   Thumb Code     0  memcpya.o(.text)
    __aeabi_memcpy8                          0x08000223   Thumb Code     0  memcpya.o(.text)
    __aeabi_memset                           0x08000247   Thumb Code    14  memseta.o(.text)
    __aeabi_memset4                          0x08000247   Thumb Code     0  memseta.o(.text)
    __aeabi_memset8                          0x08000247   Thumb Code     0  memseta.o(.text)
    __aeabi_memclr                           0x08000255   Thumb Code     4  memseta.o(.text)
    __aeabi_memclr4                          0x08000255   Thumb Code     0  memseta.o(.text)
    __aeabi_memclr8                          0x08000255   Thumb Code     0  memseta.o(.text)
    _memset$wrapper                          0x08000259   Thumb Code    18  memseta.o(.text)
    strlen                                   0x0800026b   Thumb Code    14  strlen.o(.text)
    __aeabi_dadd                             0x08000279   Thumb Code   322  dadd.o(.text)
    __aeabi_dsub                             0x080003bb   Thumb Code     6  dadd.o(.text)
    __aeabi_drsub                            0x080003c1   Thumb Code     6  dadd.o(.text)
    __aeabi_ddiv                             0x080003c7   Thumb Code   222  ddiv.o(.text)
    __aeabi_i2d                              0x080004a5   Thumb Code    34  dflti.o(.text)
    __aeabi_d2iz                             0x080004c7   Thumb Code    62  dfixi.o(.text)
    __aeabi_uidiv                            0x08000505   Thumb Code     0  uidiv.o(.text)
    __aeabi_uidivmod                         0x08000505   Thumb Code    44  uidiv.o(.text)
    __aeabi_uldivmod                         0x08000531   Thumb Code    98  uldiv.o(.text)
    __aeabi_llsl                             0x08000593   Thumb Code    30  llshl.o(.text)
    _ll_shift_l                              0x08000593   Thumb Code     0  llshl.o(.text)
    __aeabi_llsr                             0x080005b1   Thumb Code    32  llushr.o(.text)
    _ll_ushift_r                             0x080005b1   Thumb Code     0  llushr.o(.text)
    __aeabi_lasr                             0x080005d1   Thumb Code    36  llsshr.o(.text)
    _ll_sshift_r                             0x080005d1   Thumb Code     0  llsshr.o(.text)
    __I$use$fp                               0x080005f5   Thumb Code     0  iusefp.o(.text)
    _double_round                            0x080005f5   Thumb Code    30  depilogue.o(.text)
    _double_epilogue                         0x08000613   Thumb Code   156  depilogue.o(.text)
    __aeabi_dmul                             0x080006af   Thumb Code   228  dmul.o(.text)
    __ARM_scalbn                             0x08000793   Thumb Code    46  dscalb.o(.text)
    scalbn                                   0x08000793   Thumb Code     0  dscalb.o(.text)
    _dsqrt                                   0x080007c1   Thumb Code   162  dsqrt.o(.text)
    __aeabi_d2ulz                            0x08000863   Thumb Code    48  dfixul.o(.text)
    __aeabi_cdrcmple                         0x08000895   Thumb Code    48  cdrcmple.o(.text)
    __scatterload                            0x080008c5   Thumb Code    28  init.o(.text)
    __scatterload_rt2                        0x080008c5   Thumb Code     0  init.o(.text)
    __decompress                             0x080008e9   Thumb Code     0  __dczerorl.o(.text)
    __decompress0                            0x080008e9   Thumb Code    58  __dczerorl.o(.text)
    AD7190_Calibrate                         0x08000923   Thumb Code    46  bsp_spiweight.o(i.AD7190_Calibrate)
    AD7190_ChannelSelect                     0x08000951   Thumb Code    38  bsp_spiweight.o(i.AD7190_ChannelSelect)
    AD7190_GetRegisterValue                  0x08000979   Thumb Code    80  bsp_spiweight.o(i.AD7190_GetRegisterValue)
    AD7190_Init                              0x080009cd   Thumb Code    40  bsp_spiweight.o(i.AD7190_Init)
    AD7190_RangeSetup                        0x080009f5   Thumb Code    44  bsp_spiweight.o(i.AD7190_RangeSetup)
    AD7190_Reset                             0x08000a21   Thumb Code    54  bsp_spiweight.o(i.AD7190_Reset)
    AD7190_SetRegisterValue                  0x08000a5d   Thumb Code    64  bsp_spiweight.o(i.AD7190_SetRegisterValue)
    AD7190_WaitRdyGoLow                      0x08000aa1   Thumb Code    18  bsp_spiweight.o(i.AD7190_WaitRdyGoLow)
    BusFault_Handler                         0x08000abd   Thumb Code     2  stm32f4xx_it.o(i.BusFault_Handler)
    DebugMon_Handler                         0x08000b01   Thumb Code     2  stm32f4xx_it.o(i.DebugMon_Handler)
    ENCODER_read_channelx                    0x08000b05   Thumb Code    74  main.o(i.ENCODER_read_channelx)
    FATFS_LinkDriver                         0x08000b61   Thumb Code     6  ff_gen_drv.o(i.FATFS_LinkDriver)
    FATFS_LinkDriverEx                       0x08000b69   Thumb Code    66  ff_gen_drv.o(i.FATFS_LinkDriverEx)
    HAL_Delay                                0x08000bb1   Thumb Code    30  stm32f4xx_hal.o(i.HAL_Delay)
    HAL_GPIO_Init                            0x08000bd1   Thumb Code   518  stm32f4xx_hal_gpio.o(i.HAL_GPIO_Init)
    HAL_GPIO_ReadPin                         0x08000ded   Thumb Code    14  stm32f4xx_hal_gpio.o(i.HAL_GPIO_ReadPin)
    HAL_GPIO_WritePin                        0x08000dfb   Thumb Code    14  stm32f4xx_hal_gpio.o(i.HAL_GPIO_WritePin)
    HAL_GetTick                              0x08000e09   Thumb Code     6  stm32f4xx_hal.o(i.HAL_GetTick)
    HAL_HCD_Connect_Callback                 0x08000e15   Thumb Code     8  usbh_conf.o(i.HAL_HCD_Connect_Callback)
    HAL_HCD_Disconnect_Callback              0x08000e1d   Thumb Code     8  usbh_conf.o(i.HAL_HCD_Disconnect_Callback)
    HAL_HCD_GetCurrentFrame                  0x08000e25   Thumb Code     6  stm32f4xx_hal_hcd.o(i.HAL_HCD_GetCurrentFrame)
    HAL_HCD_GetCurrentSpeed                  0x08000e2b   Thumb Code     6  stm32f4xx_hal_hcd.o(i.HAL_HCD_GetCurrentSpeed)
    HAL_HCD_HC_GetURBState                   0x08000e31   Thumb Code    14  stm32f4xx_hal_hcd.o(i.HAL_HCD_HC_GetURBState)
    HAL_HCD_HC_GetXferCount                  0x08000e3f   Thumb Code    12  stm32f4xx_hal_hcd.o(i.HAL_HCD_HC_GetXferCount)
    HAL_HCD_HC_Halt                          0x08000e4b   Thumb Code    36  stm32f4xx_hal_hcd.o(i.HAL_HCD_HC_Halt)
    HAL_HCD_HC_Init                          0x08000e6f   Thumb Code   102  stm32f4xx_hal_hcd.o(i.HAL_HCD_HC_Init)
    HAL_HCD_HC_NotifyURBChange_Callback      0x08000ed5   Thumb Code     2  usbh_conf.o(i.HAL_HCD_HC_NotifyURBChange_Callback)
    HAL_HCD_HC_SubmitRequest                 0x08000ed7   Thumb Code   244  stm32f4xx_hal_hcd.o(i.HAL_HCD_HC_SubmitRequest)
    HAL_HCD_IRQHandler                       0x08000fcb   Thumb Code   326  stm32f4xx_hal_hcd.o(i.HAL_HCD_IRQHandler)
    HAL_HCD_Init                             0x08001111   Thumb Code   150  stm32f4xx_hal_hcd.o(i.HAL_HCD_Init)
    HAL_HCD_MspInit                          0x080011a9   Thumb Code   106  usbh_conf.o(i.HAL_HCD_MspInit)
    HAL_HCD_ResetPort                        0x08001225   Thumb Code     6  stm32f4xx_hal_hcd.o(i.HAL_HCD_ResetPort)
    HAL_HCD_SOF_Callback                     0x0800122b   Thumb Code     8  usbh_conf.o(i.HAL_HCD_SOF_Callback)
    HAL_HCD_Start                            0x08001233   Thumb Code    44  stm32f4xx_hal_hcd.o(i.HAL_HCD_Start)
    HAL_HCD_Stop                             0x0800125f   Thumb Code    36  stm32f4xx_hal_hcd.o(i.HAL_HCD_Stop)
    HAL_IncTick                              0x08001285   Thumb Code    10  stm32f4xx_hal.o(i.HAL_IncTick)
    HAL_Init                                 0x08001295   Thumb Code    48  stm32f4xx_hal.o(i.HAL_Init)
    HAL_InitTick                             0x080012c9   Thumb Code    34  stm32f4xx_hal.o(i.HAL_InitTick)
    HAL_MspInit                              0x080012f1   Thumb Code   104  stm32f4xx_hal_msp.o(i.HAL_MspInit)
    HAL_NVIC_EnableIRQ                       0x08001359   Thumb Code    24  stm32f4xx_hal_cortex.o(i.HAL_NVIC_EnableIRQ)
    HAL_NVIC_SetPriority                     0x08001371   Thumb Code    98  stm32f4xx_hal_cortex.o(i.HAL_NVIC_SetPriority)
    HAL_NVIC_SetPriorityGrouping             0x080013d9   Thumb Code    30  stm32f4xx_hal_cortex.o(i.HAL_NVIC_SetPriorityGrouping)
    HAL_RCC_CSSCallback                      0x080013fd   Thumb Code     2  stm32f4xx_hal_rcc.o(i.HAL_RCC_CSSCallback)
    HAL_RCC_ClockConfig                      0x08001401   Thumb Code   474  stm32f4xx_hal_rcc.o(i.HAL_RCC_ClockConfig)
    HAL_RCC_EnableCSS                        0x080015f1   Thumb Code     8  stm32f4xx_hal_rcc.o(i.HAL_RCC_EnableCSS)
    HAL_RCC_GetHCLKFreq                      0x080015fd   Thumb Code     6  stm32f4xx_hal_rcc.o(i.HAL_RCC_GetHCLKFreq)
    HAL_RCC_GetPCLK1Freq                     0x08001609   Thumb Code    36  stm32f4xx_hal_rcc.o(i.HAL_RCC_GetPCLK1Freq)
    HAL_RCC_GetPCLK2Freq                     0x08001635   Thumb Code    36  stm32f4xx_hal_rcc.o(i.HAL_RCC_GetPCLK2Freq)
    HAL_RCC_GetSysClockFreq                  0x08001661   Thumb Code   126  stm32f4xx_hal_rcc.o(i.HAL_RCC_GetSysClockFreq)
    HAL_RCC_NMI_IRQHandler                   0x080016ed   Thumb Code    24  stm32f4xx_hal_rcc.o(i.HAL_RCC_NMI_IRQHandler)
    HAL_RCC_OscConfig                        0x0800170d   Thumb Code  1058  stm32f4xx_hal_rcc.o(i.HAL_RCC_OscConfig)
    HAL_SPI_Init                             0x08001b4d   Thumb Code   130  stm32f4xx_hal_spi.o(i.HAL_SPI_Init)
    HAL_SPI_MspInit                          0x08001bd1   Thumb Code   142  bsp_spiflash.o(i.HAL_SPI_MspInit)
    HAL_SPI_Receive                          0x08001c71   Thumb Code   358  stm32f4xx_hal_spi.o(i.HAL_SPI_Receive)
    HAL_SPI_Transmit                         0x08001dd7   Thumb Code   398  stm32f4xx_hal_spi.o(i.HAL_SPI_Transmit)
    HAL_SPI_TransmitReceive                  0x08001f65   Thumb Code   490  stm32f4xx_hal_spi.o(i.HAL_SPI_TransmitReceive)
    HAL_SYSTICK_CLKSourceConfig              0x0800214f   Thumb Code    28  stm32f4xx_hal_cortex.o(i.HAL_SYSTICK_CLKSourceConfig)
    HAL_SYSTICK_Callback                     0x0800216b   Thumb Code     2  stm32f4xx_hal_cortex.o(i.HAL_SYSTICK_Callback)
    HAL_SYSTICK_Config                       0x0800216d   Thumb Code    36  stm32f4xx_hal_cortex.o(i.HAL_SYSTICK_Config)
    HAL_SYSTICK_IRQHandler                   0x08002195   Thumb Code     8  stm32f4xx_hal_cortex.o(i.HAL_SYSTICK_IRQHandler)
    HAL_TIMEx_BreakCallback                  0x0800219d   Thumb Code     2  stm32f4xx_hal_tim_ex.o(i.HAL_TIMEx_BreakCallback)
    HAL_TIMEx_CommutationCallback            0x0800219f   Thumb Code     2  stm32f4xx_hal_tim_ex.o(i.HAL_TIMEx_CommutationCallback)
    HAL_TIM_Encoder_Init                     0x080021a1   Thumb Code   186  stm32f4xx_hal_tim.o(i.HAL_TIM_Encoder_Init)
    HAL_TIM_Encoder_MspInit                  0x0800225d   Thumb Code   174  bsp_encoder.o(i.HAL_TIM_Encoder_MspInit)
    HAL_TIM_Encoder_Start                    0x0800231d   Thumb Code    66  stm32f4xx_hal_tim.o(i.HAL_TIM_Encoder_Start)
    HAL_TIM_IC_CaptureCallback               0x0800235f   Thumb Code     2  stm32f4xx_hal_tim.o(i.HAL_TIM_IC_CaptureCallback)
    HAL_TIM_IRQHandler                       0x08002361   Thumb Code   372  stm32f4xx_hal_tim.o(i.HAL_TIM_IRQHandler)
    HAL_TIM_OC_DelayElapsedCallback          0x080024d5   Thumb Code     2  stm32f4xx_hal_tim.o(i.HAL_TIM_OC_DelayElapsedCallback)
    HAL_TIM_PWM_PulseFinishedCallback        0x080024d7   Thumb Code     2  stm32f4xx_hal_tim.o(i.HAL_TIM_PWM_PulseFinishedCallback)
    HAL_TIM_PeriodElapsedCallback            0x080024d9   Thumb Code    54  bsp_encoder.o(i.HAL_TIM_PeriodElapsedCallback)
    HAL_TIM_TriggerCallback                  0x0800251d   Thumb Code     2  stm32f4xx_hal_tim.o(i.HAL_TIM_TriggerCallback)
    HAL_UART_Init                            0x0800251f   Thumb Code   100  stm32f4xx_hal_uart.o(i.HAL_UART_Init)
    HAL_UART_MspInit                         0x08002585   Thumb Code    60  bsp_usartx.o(i.HAL_UART_MspInit)
    HAL_UART_Transmit                        0x080025cd   Thumb Code   220  stm32f4xx_hal_uart.o(i.HAL_UART_Transmit)
    HMI_GPIO_Init                            0x08002c75   Thumb Code    88  bsp_usartx_hmi.o(i.HMI_GPIO_Init)
    HMI_USARTx_GetString                     0x08002cd9   Thumb Code    44  main.o(i.HMI_USARTx_GetString)
    HMI_USARTx_Init                          0x08002d11   Thumb Code    76  bsp_usartx_hmi.o(i.HMI_USARTx_Init)
    HMI_value_setting                        0x08002d65   Thumb Code   136  main.o(i.HMI_value_setting)
    HardFault_Handler                        0x08002dfd   Thumb Code     2  stm32f4xx_it.o(i.HardFault_Handler)
    KEY1_StateRead                           0x08002e01   Thumb Code    50  bsp_key.o(i.KEY1_StateRead)
    KEY2_StateRead                           0x08002e39   Thumb Code    50  bsp_key.o(i.KEY2_StateRead)
    KEY_GPIO_Init                            0x08002e71   Thumb Code   174  bsp_key.o(i.KEY_GPIO_Init)
    MX_SPIFlash_Init                         0x08002f41   Thumb Code    48  bsp_spiflash.o(i.MX_SPIFlash_Init)
    MX_USARTx_Init                           0x08002f79   Thumb Code    60  bsp_usartx.o(i.MX_USARTx_Init)
    MX_WEIGHT_SPI_Init                       0x08002fc1   Thumb Code   220  bsp_spiweight.o(i.MX_WEIGHT_SPI_Init)
    MemManage_Handler                        0x080030bd   Thumb Code     2  stm32f4xx_it.o(i.MemManage_Handler)
    NMI_Handler                              0x080030bf   Thumb Code     4  stm32f4xx_it.o(i.NMI_Handler)
    OTG_FS_IRQHandler                        0x080030c5   Thumb Code     6  stm32f4xx_it.o(i.OTG_FS_IRQHandler)
    PendSV_Handler                           0x080030d1   Thumb Code     2  stm32f4xx_it.o(i.PendSV_Handler)
    RCC_IRQHandler                           0x080030d3   Thumb Code     2  stm32f4xx_it.o(i.RCC_IRQHandler)
    SPI_FLASH_BufferRead                     0x080030f9   Thumb Code    86  bsp_spiflash.o(i.SPI_FLASH_BufferRead)
    SPI_FLASH_BufferWrite                    0x08003155   Thumb Code   226  bsp_spiflash.o(i.SPI_FLASH_BufferWrite)
    SPI_FLASH_PageWrite                      0x08003239   Thumb Code   100  bsp_spiflash.o(i.SPI_FLASH_PageWrite)
    SPI_FLASH_ReadDeviceID                   0x080032a1   Thumb Code    60  bsp_spiflash.o(i.SPI_FLASH_ReadDeviceID)
    SPI_FLASH_ReadID                         0x080032e1   Thumb Code    68  bsp_spiflash.o(i.SPI_FLASH_ReadID)
    SPI_FLASH_SectorErase                    0x08003329   Thumb Code    70  bsp_spiflash.o(i.SPI_FLASH_SectorErase)
    SPI_FLASH_SendByte                       0x08003375   Thumb Code    38  bsp_spiflash.o(i.SPI_FLASH_SendByte)
    SPI_FLASH_WaitForWriteEnd                0x080033a1   Thumb Code    46  bsp_spiflash.o(i.SPI_FLASH_WaitForWriteEnd)
    SPI_FLASH_WriteEnable                    0x080033d5   Thumb Code    34  bsp_spiflash.o(i.SPI_FLASH_WriteEnable)
    SVC_Handler                              0x080034a7   Thumb Code     2  stm32f4xx_it.o(i.SVC_Handler)
    SysTick_Handler                          0x080034a9   Thumb Code    14  stm32f4xx_it.o(i.SysTick_Handler)
    SystemClock_Config                       0x080034b9   Thumb Code   146  main.o(i.SystemClock_Config)
    SystemInit                               0x08003555   Thumb Code    64  system_stm32f4xx.o(i.SystemInit)
    TIM2_IRQHandler                          0x080035ad   Thumb Code     6  stm32f4xx_it.o(i.TIM2_IRQHandler)
    TIM3_IRQHandler                          0x080035b9   Thumb Code     6  stm32f4xx_it.o(i.TIM3_IRQHandler)
    TIM_Base_SetConfig                       0x080035c5   Thumb Code   178  stm32f4xx_hal_tim.o(i.TIM_Base_SetConfig)
    TIM_CCxChannelCmd                        0x0800368d   Thumb Code    26  stm32f4xx_hal_tim.o(i.TIM_CCxChannelCmd)
    USART2_IRQHandler                        0x08003a65   Thumb Code   204  main.o(i.USART2_IRQHandler)
    USBH_AllocPipe                           0x08003b45   Thumb Code    36  usbh_pipes.o(i.USBH_AllocPipe)
    USBH_BulkReceiveData                     0x08003b69   Thumb Code    38  usbh_ioreq.o(i.USBH_BulkReceiveData)
    USBH_BulkSendData                        0x08003b8f   Thumb Code    48  usbh_ioreq.o(i.USBH_BulkSendData)
    USBH_ClosePipe                           0x08003bbf   Thumb Code    10  usbh_pipes.o(i.USBH_ClosePipe)
    USBH_ClrFeature                          0x08003bc9   Thumb Code    30  usbh_ctlreq.o(i.USBH_ClrFeature)
    USBH_CtlReceiveData                      0x08003be7   Thumb Code    38  usbh_ioreq.o(i.USBH_CtlReceiveData)
    USBH_CtlReq                              0x08003c0d   Thumb Code    54  usbh_ctlreq.o(i.USBH_CtlReq)
    USBH_CtlSendData                         0x08003c43   Thumb Code    48  usbh_ioreq.o(i.USBH_CtlSendData)
    USBH_CtlSendSetup                        0x08003c73   Thumb Code    36  usbh_ioreq.o(i.USBH_CtlSendSetup)
    USBH_Delay                               0x08003c97   Thumb Code     4  usbh_conf.o(i.USBH_Delay)
    USBH_FindInterface                       0x08003c9b   Thumb Code    82  usbh_core.o(i.USBH_FindInterface)
    USBH_FreePipe                            0x08003ced   Thumb Code    24  usbh_pipes.o(i.USBH_FreePipe)
    USBH_GetDescriptor                       0x08003d05   Thumb Code    64  usbh_ctlreq.o(i.USBH_GetDescriptor)
    USBH_GetNextDesc                         0x08003d65   Thumb Code    14  usbh_ctlreq.o(i.USBH_GetNextDesc)
    USBH_Get_CfgDesc                         0x08003d73   Thumb Code    46  usbh_ctlreq.o(i.USBH_Get_CfgDesc)
    USBH_Get_DevDesc                         0x08003da1   Thumb Code    46  usbh_ctlreq.o(i.USBH_Get_DevDesc)
    USBH_Get_StringDesc                      0x08003dcf   Thumb Code    46  usbh_ctlreq.o(i.USBH_Get_StringDesc)
    USBH_Init                                0x08004279   Thumb Code    68  usbh_core.o(i.USBH_Init)
    USBH_LL_ClosePipe                        0x080042dd   Thumb Code    44  usbh_conf.o(i.USBH_LL_ClosePipe)
    USBH_LL_Connect                          0x08004309   Thumb Code    42  usbh_core.o(i.USBH_LL_Connect)
    USBH_LL_Disconnect                       0x08004335   Thumb Code    70  usbh_core.o(i.USBH_LL_Disconnect)
    USBH_LL_DriverVBUS                       0x08004399   Thumb Code    16  usbh_conf.o(i.USBH_LL_DriverVBUS)
    USBH_LL_GetLastXferSize                  0x080043a9   Thumb Code     8  usbh_conf.o(i.USBH_LL_GetLastXferSize)
    USBH_LL_GetSpeed                         0x080043b1   Thumb Code    34  usbh_conf.o(i.USBH_LL_GetSpeed)
    USBH_LL_GetToggle                        0x080043d3   Thumb Code    32  usbh_conf.o(i.USBH_LL_GetToggle)
    USBH_LL_GetURBState                      0x080043f3   Thumb Code     8  usbh_conf.o(i.USBH_LL_GetURBState)
    USBH_LL_IncTimer                         0x080043fb   Thumb Code    14  usbh_core.o(i.USBH_LL_IncTimer)
    USBH_LL_Init                             0x08004409   Thumb Code    68  usbh_conf.o(i.USBH_LL_Init)
    USBH_LL_OpenPipe                         0x08004451   Thumb Code    66  usbh_conf.o(i.USBH_LL_OpenPipe)
    USBH_LL_ResetPort                        0x08004493   Thumb Code    44  usbh_conf.o(i.USBH_LL_ResetPort)
    USBH_LL_SetTimer                         0x080044bf   Thumb Code     6  usbh_core.o(i.USBH_LL_SetTimer)
    USBH_LL_SetToggle                        0x080044c5   Thumb Code    34  usbh_conf.o(i.USBH_LL_SetToggle)
    USBH_LL_Start                            0x080044e7   Thumb Code    44  usbh_conf.o(i.USBH_LL_Start)
    USBH_LL_Stop                             0x08004513   Thumb Code    44  usbh_conf.o(i.USBH_LL_Stop)
    USBH_LL_SubmitURB                        0x0800453f   Thumb Code    70  usbh_conf.o(i.USBH_LL_SubmitURB)
    USBH_MSC_BOT_Init                        0x080045a9   Thumb Code    28  usbh_msc_bot.o(i.USBH_MSC_BOT_Init)
    USBH_MSC_BOT_Process                     0x080045cd   Thumb Code   570  usbh_msc_bot.o(i.USBH_MSC_BOT_Process)
    USBH_MSC_BOT_REQ_GetMaxLUN               0x08004807   Thumb Code    22  usbh_msc_bot.o(i.USBH_MSC_BOT_REQ_GetMaxLUN)
    USBH_MSC_BOT_REQ_Reset                   0x0800481d   Thumb Code    24  usbh_msc_bot.o(i.USBH_MSC_BOT_REQ_Reset)
    USBH_MSC_GetLUNInfo                      0x08004925   Thumb Code   112  usbh_msc.o(i.USBH_MSC_GetLUNInfo)
    USBH_MSC_Read                            0x080052a5   Thumb Code   154  usbh_msc.o(i.USBH_MSC_Read)
    USBH_MSC_SCSI_Inquiry                    0x0800533f   Thumb Code   210  usbh_msc_scsi.o(i.USBH_MSC_SCSI_Inquiry)
    USBH_MSC_SCSI_Read                       0x08005411   Thumb Code   152  usbh_msc_scsi.o(i.USBH_MSC_SCSI_Read)
    USBH_MSC_SCSI_ReadCapacity               0x080054a9   Thumb Code   140  usbh_msc_scsi.o(i.USBH_MSC_SCSI_ReadCapacity)
    USBH_MSC_SCSI_RequestSense               0x08005535   Thumb Code   152  usbh_msc_scsi.o(i.USBH_MSC_SCSI_RequestSense)
    USBH_MSC_SCSI_TestUnitReady              0x080055cd   Thumb Code    78  usbh_msc_scsi.o(i.USBH_MSC_SCSI_TestUnitReady)
    USBH_MSC_SCSI_Write                      0x0800561b   Thumb Code   150  usbh_msc_scsi.o(i.USBH_MSC_SCSI_Write)
    USBH_MSC_UnitIsReady                     0x080056b5   Thumb Code    42  usbh_msc.o(i.USBH_MSC_UnitIsReady)
    USBH_MSC_Write                           0x080056df   Thumb Code   154  usbh_msc.o(i.USBH_MSC_Write)
    USBH_OpenPipe                            0x08005779   Thumb Code    30  usbh_pipes.o(i.USBH_OpenPipe)
    USBH_Process                             0x0800591d   Thumb Code   546  usbh_core.o(i.USBH_Process)
    USBH_RegisterClass                       0x08005c4d   Thumb Code    72  usbh_core.o(i.USBH_RegisterClass)
    USBH_SelectInterface                     0x08005cd5   Thumb Code   120  usbh_core.o(i.USBH_SelectInterface)
    USBH_SetAddress                          0x08005dc9   Thumb Code    28  usbh_ctlreq.o(i.USBH_SetAddress)
    USBH_SetCfg                              0x08005de5   Thumb Code    28  usbh_ctlreq.o(i.USBH_SetCfg)
    USBH_Start                               0x08005e01   Thumb Code    22  usbh_core.o(i.USBH_Start)
    USBH_initialize                          0x08005e3d   Thumb Code     4  usbh_diskio.o(i.USBH_initialize)
    USBH_ioctl                               0x08005e41   Thumb Code   106  usbh_diskio.o(i.USBH_ioctl)
    USBH_read                                0x08005eb1   Thumb Code   156  usbh_diskio.o(i.USBH_read)
    USBH_status                              0x08005f79   Thumb Code    20  usbh_diskio.o(i.USBH_status)
    USBH_write                               0x08005f91   Thumb Code   178  usbh_diskio.o(i.USBH_write)
    USB_CoreInit                             0x08006091   Thumb Code   114  stm32f4xx_ll_usb.o(i.USB_CoreInit)
    USB_DisableGlobalInt                     0x08006141   Thumb Code    12  stm32f4xx_ll_usb.o(i.USB_DisableGlobalInt)
    USB_DoPing                               0x0800614d   Thumb Code    66  stm32f4xx_ll_usb.o(i.USB_DoPing)
    USB_DriveVbus                            0x08006195   Thumb Code    64  stm32f4xx_ll_usb.o(i.USB_DriveVbus)
    USB_EnableGlobalInt                      0x080061d5   Thumb Code    12  stm32f4xx_ll_usb.o(i.USB_EnableGlobalInt)
    USB_FlushRxFifo                          0x080061e1   Thumb Code    30  stm32f4xx_ll_usb.o(i.USB_FlushRxFifo)
    USB_FlushTxFifo                          0x08006205   Thumb Code    34  stm32f4xx_ll_usb.o(i.USB_FlushTxFifo)
    USB_GetCurrentFrame                      0x0800622d   Thumb Code     8  stm32f4xx_ll_usb.o(i.USB_GetCurrentFrame)
    USB_GetHostSpeed                         0x08006235   Thumb Code    18  stm32f4xx_ll_usb.o(i.USB_GetHostSpeed)
    USB_GetMode                              0x08006247   Thumb Code     8  stm32f4xx_ll_usb.o(i.USB_GetMode)
    USB_HC_Halt                              0x0800624f   Thumb Code   340  stm32f4xx_ll_usb.o(i.USB_HC_Halt)
    USB_HC_Init                              0x080063a3   Thumb Code   254  stm32f4xx_ll_usb.o(i.USB_HC_Init)
    USB_HC_ReadInterrupt                     0x080064a1   Thumb Code    10  stm32f4xx_ll_usb.o(i.USB_HC_ReadInterrupt)
    USB_HC_StartXfer                         0x080064ad   Thumb Code   404  stm32f4xx_ll_usb.o(i.USB_HC_StartXfer)
    USB_HostInit                             0x08006645   Thumb Code   204  stm32f4xx_ll_usb.o(i.USB_HostInit)
    USB_InitFSLSPClkSel                      0x08006725   Thumb Code    58  stm32f4xx_ll_usb.o(i.USB_InitFSLSPClkSel)
    USB_ReadInterrupts                       0x0800675f   Thumb Code     8  stm32f4xx_ll_usb.o(i.USB_ReadInterrupts)
    USB_ReadPacket                           0x08006767   Thumb Code    36  stm32f4xx_ll_usb.o(i.USB_ReadPacket)
    USB_ResetPort                            0x0800678b   Thumb Code    48  stm32f4xx_ll_usb.o(i.USB_ResetPort)
    USB_SetCurrentMode                       0x080067bb   Thumb Code    46  stm32f4xx_ll_usb.o(i.USB_SetCurrentMode)
    USB_StopHost                             0x080067e9   Thumb Code   170  stm32f4xx_ll_usb.o(i.USB_StopHost)
    USB_WritePacket                          0x08006893   Thumb Code    48  stm32f4xx_ll_usb.o(i.USB_WritePacket)
    UsageFault_Handler                       0x080068c3   Thumb Code     2  stm32f4xx_it.o(i.UsageFault_Handler)
    XENCODER_TIMx_Init                       0x080068c5   Thumb Code   122  bsp_encoder.o(i.XENCODER_TIMx_Init)
    YENCODER_TIMx_Init                       0x08006949   Thumb Code   122  bsp_encoder.o(i.YENCODER_TIMx_Init)
    __0printf                                0x080069d1   Thumb Code    22  printfa.o(i.__0printf)
    __1printf                                0x080069d1   Thumb Code     0  printfa.o(i.__0printf)
    __2printf                                0x080069d1   Thumb Code     0  printfa.o(i.__0printf)
    __c89printf                              0x080069d1   Thumb Code     0  printfa.o(i.__0printf)
    printf                                   0x080069d1   Thumb Code     0  printfa.o(i.__0printf)
    __0sprintf                               0x080069f1   Thumb Code    34  printfa.o(i.__0sprintf)
    __1sprintf                               0x080069f1   Thumb Code     0  printfa.o(i.__0sprintf)
    __2sprintf                               0x080069f1   Thumb Code     0  printfa.o(i.__0sprintf)
    __c89sprintf                             0x080069f1   Thumb Code     0  printfa.o(i.__0sprintf)
    sprintf                                  0x080069f1   Thumb Code     0  printfa.o(i.__0sprintf)
    __ARM_fpclassify                         0x08006a19   Thumb Code    48  fpclassify.o(i.__ARM_fpclassify)
    __hardfp_pow                             0x08006a49   Thumb Code  3072  pow.o(i.__hardfp_pow)
    __hardfp_sqrt                            0x08007699   Thumb Code   122  sqrt.o(i.__hardfp_sqrt)
    __kernel_poly                            0x08007713   Thumb Code   248  poly.o(i.__kernel_poly)
    __mathlib_dbl_divzero                    0x08007811   Thumb Code    28  dunder.o(i.__mathlib_dbl_divzero)
    __mathlib_dbl_infnan2                    0x08007841   Thumb Code    20  dunder.o(i.__mathlib_dbl_infnan2)
    __mathlib_dbl_invalid                    0x08007859   Thumb Code    24  dunder.o(i.__mathlib_dbl_invalid)
    __mathlib_dbl_overflow                   0x08007879   Thumb Code    24  dunder.o(i.__mathlib_dbl_overflow)
    __mathlib_dbl_underflow                  0x08007899   Thumb Code    24  dunder.o(i.__mathlib_dbl_underflow)
    __scatterload_copy                       0x080078b9   Thumb Code    14  handlers.o(i.__scatterload_copy)
    __scatterload_null                       0x080078c7   Thumb Code     2  handlers.o(i.__scatterload_null)
    __scatterload_zeroinit                   0x080078c9   Thumb Code    14  handlers.o(i.__scatterload_zeroinit)
    __set_errno                              0x080078d9   Thumb Code     6  errno.o(i.__set_errno)
    clust2sect                               0x08008313   Thumb Code    30  ff.o(i.clust2sect)
    disk_initialize                          0x08008c59   Thumb Code    38  diskio.o(i.disk_initialize)
    disk_ioctl                               0x08008c85   Thumb Code    22  diskio.o(i.disk_ioctl)
    disk_read                                0x08008ca1   Thumb Code    28  diskio.o(i.disk_read)
    disk_status                              0x08008cc1   Thumb Code    18  diskio.o(i.disk_status)
    disk_write                               0x08008cd9   Thumb Code    28  diskio.o(i.disk_write)
    exf_getfree                              0x08008d21   Thumb Code    58  main.o(i.exf_getfree)
    f_close                                  0x08008d5b   Thumb Code    44  ff.o(i.f_close)
    f_getfree                                0x08008d87   Thumb Code   240  ff.o(i.f_getfree)
    f_mkdir                                  0x08008e77   Thumb Code   398  ff.o(i.f_mkdir)
    f_mount                                  0x08009005   Thumb Code    98  ff.o(i.f_mount)
    f_open                                   0x0800906d   Thumb Code   478  ff.o(i.f_open)
    f_opendir                                0x0800924b   Thumb Code   166  ff.o(i.f_opendir)
    f_readdir                                0x080092f1   Thumb Code   104  ff.o(i.f_readdir)
    f_sync                                   0x08009359   Thumb Code   200  ff.o(i.f_sync)
    f_write                                  0x08009421   Thumb Code   536  ff.o(i.f_write)
    fabs                                     0x08009639   Thumb Code    24  fabs.o(i.fabs)
    ff_convert                               0x08009651   Thumb Code    88  diskio.o(i.ff_convert)
    ff_wtoupper                              0x080096b1   Thumb Code    34  diskio.o(i.ff_wtoupper)
    fputc                                    0x08009b5d   Thumb Code    22  bsp_usartx.o(i.fputc)
    free                                     0x08009b79   Thumb Code    76  malloc.o(i.free)
    get_fat                                  0x08009c6f   Thumb Code   214  ff.o(i.get_fat)
    get_fattime                              0x08009d45   Thumb Code     4  diskio.o(i.get_fattime)
    int_abs                                  0x08009f3d   Thumb Code    12  main.o(i.int_abs)
    main                                     0x08009f69   Thumb Code  8768  main.o(i.main)
    malloc                                   0x0800c1ad   Thumb Code    92  malloc.o(i.malloc)
    put_fat                                  0x0800c54d   Thumb Code   272  ff.o(i.put_fat)
    sqrt                                     0x0800c769   Thumb Code   110  sqrt.o(i.sqrt)
    weight_ad7190_ReadAvg                    0x0800c953   Thumb Code    42  bsp_spiweight.o(i.weight_ad7190_ReadAvg)
    weight_ad7190_conf                       0x0800c97d   Thumb Code   148  bsp_spiweight.o(i.weight_ad7190_conf)
    write_file                               0x0800ca15   Thumb Code    46  main.o(i.write_file)
    AHBPrescTable                            0x0800ca54   Data          16  system_stm32f4xx.o(.constdata)
    APBPrescTable                            0x0800ca64   Data           8  system_stm32f4xx.o(.constdata)
    USBH_Driver                              0x08037770   Data          20  usbh_diskio.o(.constdata)
    __mathlib_zero                           0x08037810   Data           8  qnan.o(.constdata)
    Region$$Table$$Base                      0x0803781c   Number         0  anon$$obj.o(Region$$Table)
    Region$$Table$$Limit                     0x0803783c   Number         0  anon$$obj.o(Region$$Table)
    Appli_state                              0x20000000   Data           1  main.o(.data)
    key1_temp                                0x20000001   Data           1  main.o(.data)
    HMI_RX_flag                              0x20000002   Data           1  main.o(.data)
    model_channelx                           0x20000003   Data           1  main.o(.data)
    force_channelx                           0x20000004   Data           1  main.o(.data)
    encoder_channelx                         0x20000005   Data           1  main.o(.data)
    force_modelx                             0x20000006   Data           1  main.o(.data)
    encoder_modelx                           0x20000007   Data           1  main.o(.data)
    weight_Zero_IsInit                       0x20000008   Data           1  main.o(.data)
    Is_thres_stamp                           0x20000009   Data           1  main.o(.data)
    Is_tare_stamp                            0x2000000a   Data           1  main.o(.data)
    Is_start_stamp                           0x2000000b   Data           1  main.o(.data)
    Force_Process_Step                       0x2000000c   Data           1  main.o(.data)
    Test_Step                                0x2000000d   Data           1  main.o(.data)
    encoder_Zero_IsInit                      0x2000000e   Data           1  main.o(.data)
    Encoder_Process_Step                     0x2000000f   Data           1  main.o(.data)
    f_res                                    0x20000010   Data           1  main.o(.data)
    usart_rx_flag                            0x20000011   Data           1  main.o(.data)
    HUM_Rx_count                             0x20000012   Data           2  main.o(.data)
    coefficient_variation                    0x20000014   Data           2  main.o(.data)
    receiveLength                            0x20000016   Data           2  main.o(.data)
    receiveLength_str                        0x20000018   Data           2  main.o(.data)
    Tx_Buffer                                0x2000001a   Data           3  main.o(.data)
    Rx_Buffer                                0x2000001d   Data           3  main.o(.data)
    WriteBuffer_test                         0x20000020   Data           4  main.o(.data)
    weight_Zero_Data                         0x20000024   Data           4  main.o(.data)
    Record_weight                            0x20000028   Data           4  main.o(.data)
    weight_proportion                        0x2000002c   Data           4  main.o(.data)
    in0                                      0x20000030   Data           4  main.o(.data)
    in1                                      0x20000034   Data           4  main.o(.data)
    in2                                      0x20000038   Data           4  main.o(.data)
    in3                                      0x2000003c   Data           4  main.o(.data)
    in4                                      0x20000040   Data           4  main.o(.data)
    average                                  0x20000044   Data           4  main.o(.data)
    maximum                                  0x20000048   Data           4  main.o(.data)
    standard_deviation                       0x2000004c   Data           4  main.o(.data)
    maximum_record1                          0x20000050   Data           4  main.o(.data)
    maximum_record2                          0x20000054   Data           4  main.o(.data)
    maximum_record3                          0x20000058   Data           4  main.o(.data)
    Angle                                    0x2000005c   Data           4  main.o(.data)
    ENCODER_RESOLUTION                       0x20000060   Data           4  main.o(.data)
    encoder_Zero_Data                        0x20000064   Data           4  main.o(.data)
    Record_encoder                           0x20000068   Data           4  main.o(.data)
    DeviceID                                 0x2000006c   Data           4  main.o(.data)
    FlashID                                  0x20000070   Data           4  main.o(.data)
    Result_data                              0x20000074   Data           4  main.o(.data)
    timecount                                0x20000078   Data           4  main.o(.data)
    USBDISKPath                              0x2000007c   Data           4  main.o(.data)
    fnum                                     0x20000080   Data           4  main.o(.data)
    Record_weight1                           0x20000084   Data           4  main.o(.data)
    Record_weight2                           0x20000088   Data           4  main.o(.data)
    cali_weight                              0x2000008c   Data           4  main.o(.data)
    weight_current                           0x20000090   Data           4  main.o(.data)
    second_count                             0x20000094   Data           4  main.o(.data)
    third_count                              0x20000098   Data           4  main.o(.data)
    Record_encoder1                          0x2000009c   Data           4  main.o(.data)
    Record_encoder2                          0x200000a0   Data           4  main.o(.data)
    encoder_read                             0x200000a4   Data           4  main.o(.data)
    data_temp                                0x200000a8   Data           8  main.o(.data)
    temp                                     0x200000b0   Data           8  main.o(.data)
    scan_path                                0x200000b8   Data         255  main.o(.data)
    uwTick                                   0x200001b8   Data           4  stm32f4xx_hal.o(.data)
    SystemCoreClock                          0x200001bc   Data           4  system_stm32f4xx.o(.data)
    XOverflowCount                           0x200001c0   Data           4  bsp_encoder.o(.data)
    YOverflowCount                           0x200001c4   Data           4  bsp_encoder.o(.data)
    USBH_msc                                 0x200001c8   Data          32  usbh_msc.o(.data)
    __stdout                                 0x200001f0   Data           4  stdout.o(.data)
    __microlib_freelist                      0x200001f4   Data           4  mvars.o(.data)
    __microlib_freelist_initialised          0x200001f8   Data           4  mvars.o(.data)
    HMI_Rx_buf                               0x20000200   Data          30  main.o(.bss)
    hUSBHost                                 0x20000420   Data         968  main.o(.bss)
    fs                                       0x200007e8   Data         560  main.o(.bss)
    file                                     0x20000a18   Data         556  main.o(.bss)
    WriteBuffer_dir                          0x20000c44   Data         100  main.o(.bss)
    HMI_str                                  0x20000ca8   Data          31  main.o(.bss)
    receiveBuffer                            0x20000cc7   Data          30  main.o(.bss)
    hhcd_USB_OTG_FS                          0x20000ce8   Data         664  usbh_conf.o(.bss)
    husartx_HMI                              0x20000f80   Data          64  bsp_usartx_hmi.o(.bss)
    hspi_weight                              0x20000fc0   Data          88  bsp_spiweight.o(.bss)
    hspiflash                                0x20001018   Data          88  bsp_spiflash.o(.bss)
    husartx                                  0x20001070   Data          64  bsp_usartx.o(.bss)
    xhtimx_Encoder                           0x200010b0   Data          60  bsp_encoder.o(.bss)
    yhtimx_Encoder                           0x200010ec   Data          60  bsp_encoder.o(.bss)
    disk                                     0x20001140   Data          12  ff_gen_drv.o(.bss)
    __heap_base                              0x20001350   Data           0  startup_stm32f407xx.o(HEAP)
    __heap_limit                             0x20001550   Data           0  startup_stm32f407xx.o(HEAP)
    __initial_sp                             0x20002550   Data           0  startup_stm32f407xx.o(STACK)



==============================================================================

Memory Map of the image

  Image Entry point : 0x08000189

  Load Region LR_IROM1 (Base: 0x08000000, Size: 0x00037a3c, Max: 0x00100000, ABSOLUTE, COMPRESSED[0x00037868])

    Execution Region ER_IROM1 (Exec base: 0x08000000, Load base: 0x08000000, Size: 0x0003783c, Max: 0x00100000, ABSOLUTE)

    Exec Addr    Load Addr    Size         Type   Attr      Idx    E Section Name        Object

    0x08000000   0x08000000   0x00000188   Data   RO            3    RESET               startup_stm32f407xx.o
    0x08000188   0x08000188   0x00000000   Code   RO        10969  * .ARM.Collect$$$$00000000  mc_w.l(entry.o)
    0x08000188   0x08000188   0x00000004   Code   RO        11306    .ARM.Collect$$$$00000001  mc_w.l(entry2.o)
    0x0800018c   0x0800018c   0x00000004   Code   RO        11309    .ARM.Collect$$$$00000004  mc_w.l(entry5.o)
    0x08000190   0x08000190   0x00000000   Code   RO        11311    .ARM.Collect$$$$00000008  mc_w.l(entry7b.o)
    0x08000190   0x08000190   0x00000000   Code   RO        11313    .ARM.Collect$$$$0000000A  mc_w.l(entry8b.o)
    0x08000190   0x08000190   0x00000008   Code   RO        11314    .ARM.Collect$$$$0000000B  mc_w.l(entry9a.o)
    0x08000198   0x08000198   0x00000000   Code   RO        11316    .ARM.Collect$$$$0000000D  mc_w.l(entry10a.o)
    0x08000198   0x08000198   0x00000000   Code   RO        11318    .ARM.Collect$$$$0000000F  mc_w.l(entry11a.o)
    0x08000198   0x08000198   0x00000004   Code   RO        11307    .ARM.Collect$$$$00002712  mc_w.l(entry2.o)
    0x0800019c   0x0800019c   0x00000024   Code   RO            4    .text               startup_stm32f407xx.o
    0x080001c0   0x080001c0   0x00000062   Code   RO        10972    .text               mc_w.l(ldiv.o)
    0x08000222   0x08000222   0x00000024   Code   RO        10974    .text               mc_w.l(memcpya.o)
    0x08000246   0x08000246   0x00000024   Code   RO        10976    .text               mc_w.l(memseta.o)
    0x0800026a   0x0800026a   0x0000000e   Code   RO        10978    .text               mc_w.l(strlen.o)
    0x08000278   0x08000278   0x0000014e   Code   RO        11271    .text               mf_w.l(dadd.o)
    0x080003c6   0x080003c6   0x000000de   Code   RO        11273    .text               mf_w.l(ddiv.o)
    0x080004a4   0x080004a4   0x00000022   Code   RO        11275    .text               mf_w.l(dflti.o)
    0x080004c6   0x080004c6   0x0000003e   Code   RO        11277    .text               mf_w.l(dfixi.o)
    0x08000504   0x08000504   0x0000002c   Code   RO        11321    .text               mc_w.l(uidiv.o)
    0x08000530   0x08000530   0x00000062   Code   RO        11323    .text               mc_w.l(uldiv.o)
    0x08000592   0x08000592   0x0000001e   Code   RO        11325    .text               mc_w.l(llshl.o)
    0x080005b0   0x080005b0   0x00000020   Code   RO        11327    .text               mc_w.l(llushr.o)
    0x080005d0   0x080005d0   0x00000024   Code   RO        11329    .text               mc_w.l(llsshr.o)
    0x080005f4   0x080005f4   0x00000000   Code   RO        11340    .text               mc_w.l(iusefp.o)
    0x080005f4   0x080005f4   0x000000ba   Code   RO        11341    .text               mf_w.l(depilogue.o)
    0x080006ae   0x080006ae   0x000000e4   Code   RO        11343    .text               mf_w.l(dmul.o)
    0x08000792   0x08000792   0x0000002e   Code   RO        11347    .text               mf_w.l(dscalb.o)
    0x080007c0   0x080007c0   0x000000a2   Code   RO        11349    .text               mf_w.l(dsqrt.o)
    0x08000862   0x08000862   0x00000030   Code   RO        11351    .text               mf_w.l(dfixul.o)
    0x08000892   0x08000892   0x00000002   PAD
    0x08000894   0x08000894   0x00000030   Code   RO        11355    .text               mf_w.l(cdrcmple.o)
    0x080008c4   0x080008c4   0x00000024   Code   RO        11357    .text               mc_w.l(init.o)
    0x080008e8   0x080008e8   0x0000003a   Code   RO        11367    .text               mc_w.l(__dczerorl.o)
    0x08000922   0x08000922   0x0000002e   Code   RO         9327    i.AD7190_Calibrate  bsp_spiweight.o
    0x08000950   0x08000950   0x00000026   Code   RO         9328    i.AD7190_ChannelSelect  bsp_spiweight.o
    0x08000976   0x08000976   0x00000002   PAD
    0x08000978   0x08000978   0x00000054   Code   RO         9330    i.AD7190_GetRegisterValue  bsp_spiweight.o
    0x080009cc   0x080009cc   0x00000028   Code   RO         9331    i.AD7190_Init       bsp_spiweight.o
    0x080009f4   0x080009f4   0x0000002c   Code   RO         9332    i.AD7190_RangeSetup  bsp_spiweight.o
    0x08000a20   0x08000a20   0x0000003c   Code   RO         9333    i.AD7190_Reset      bsp_spiweight.o
    0x08000a5c   0x08000a5c   0x00000044   Code   RO         9335    i.AD7190_SetRegisterValue  bsp_spiweight.o
    0x08000aa0   0x08000aa0   0x0000001c   Code   RO         9338    i.AD7190_WaitRdyGoLow  bsp_spiweight.o
    0x08000abc   0x08000abc   0x00000002   Code   RO          691    i.BusFault_Handler  stm32f4xx_it.o
    0x08000abe   0x08000abe   0x00000042   Code   RO         9818    i.DeInitStateMachine  usbh_core.o
    0x08000b00   0x08000b00   0x00000002   Code   RO          692    i.DebugMon_Handler  stm32f4xx_it.o
    0x08000b02   0x08000b02   0x00000002   PAD
    0x08000b04   0x08000b04   0x0000005c   Code   RO           13    i.ENCODER_read_channelx  main.o
    0x08000b60   0x08000b60   0x00000006   Code   RO        10833    i.FATFS_LinkDriver  ff_gen_drv.o
    0x08000b66   0x08000b66   0x00000002   PAD
    0x08000b68   0x08000b68   0x00000048   Code   RO        10834    i.FATFS_LinkDriverEx  ff_gen_drv.o
    0x08000bb0   0x08000bb0   0x0000001e   Code   RO         1792    i.HAL_Delay         stm32f4xx_hal.o
    0x08000bce   0x08000bce   0x00000002   PAD
    0x08000bd0   0x08000bd0   0x0000021c   Code   RO         1161    i.HAL_GPIO_Init     stm32f4xx_hal_gpio.o
    0x08000dec   0x08000dec   0x0000000e   Code   RO         1163    i.HAL_GPIO_ReadPin  stm32f4xx_hal_gpio.o
    0x08000dfa   0x08000dfa   0x0000000e   Code   RO         1165    i.HAL_GPIO_WritePin  stm32f4xx_hal_gpio.o
    0x08000e08   0x08000e08   0x0000000c   Code   RO         1798    i.HAL_GetTick       stm32f4xx_hal.o
    0x08000e14   0x08000e14   0x00000008   Code   RO          813    i.HAL_HCD_Connect_Callback  usbh_conf.o
    0x08000e1c   0x08000e1c   0x00000008   Code   RO          814    i.HAL_HCD_Disconnect_Callback  usbh_conf.o
    0x08000e24   0x08000e24   0x00000006   Code   RO         4476    i.HAL_HCD_GetCurrentFrame  stm32f4xx_hal_hcd.o
    0x08000e2a   0x08000e2a   0x00000006   Code   RO         4477    i.HAL_HCD_GetCurrentSpeed  stm32f4xx_hal_hcd.o
    0x08000e30   0x08000e30   0x0000000e   Code   RO         4480    i.HAL_HCD_HC_GetURBState  stm32f4xx_hal_hcd.o
    0x08000e3e   0x08000e3e   0x0000000c   Code   RO         4481    i.HAL_HCD_HC_GetXferCount  stm32f4xx_hal_hcd.o
    0x08000e4a   0x08000e4a   0x00000024   Code   RO         4482    i.HAL_HCD_HC_Halt   stm32f4xx_hal_hcd.o
    0x08000e6e   0x08000e6e   0x00000066   Code   RO         4483    i.HAL_HCD_HC_Init   stm32f4xx_hal_hcd.o
    0x08000ed4   0x08000ed4   0x00000002   Code   RO          815    i.HAL_HCD_HC_NotifyURBChange_Callback  usbh_conf.o
    0x08000ed6   0x08000ed6   0x000000f4   Code   RO         4485    i.HAL_HCD_HC_SubmitRequest  stm32f4xx_hal_hcd.o
    0x08000fca   0x08000fca   0x00000146   Code   RO         4486    i.HAL_HCD_IRQHandler  stm32f4xx_hal_hcd.o
    0x08001110   0x08001110   0x00000096   Code   RO         4487    i.HAL_HCD_Init      stm32f4xx_hal_hcd.o
    0x080011a6   0x080011a6   0x00000002   PAD
    0x080011a8   0x080011a8   0x0000007c   Code   RO          817    i.HAL_HCD_MspInit   usbh_conf.o
    0x08001224   0x08001224   0x00000006   Code   RO         4490    i.HAL_HCD_ResetPort  stm32f4xx_hal_hcd.o
    0x0800122a   0x0800122a   0x00000008   Code   RO          818    i.HAL_HCD_SOF_Callback  usbh_conf.o
    0x08001232   0x08001232   0x0000002c   Code   RO         4492    i.HAL_HCD_Start     stm32f4xx_hal_hcd.o
    0x0800125e   0x0800125e   0x00000024   Code   RO         4493    i.HAL_HCD_Stop      stm32f4xx_hal_hcd.o
    0x08001282   0x08001282   0x00000002   PAD
    0x08001284   0x08001284   0x00000010   Code   RO         1800    i.HAL_IncTick       stm32f4xx_hal.o
    0x08001294   0x08001294   0x00000034   Code   RO         1801    i.HAL_Init          stm32f4xx_hal.o
    0x080012c8   0x080012c8   0x00000028   Code   RO         1802    i.HAL_InitTick      stm32f4xx_hal.o
    0x080012f0   0x080012f0   0x00000068   Code   RO          440    i.HAL_MspInit       stm32f4xx_hal_msp.o
    0x08001358   0x08001358   0x00000018   Code   RO         1229    i.HAL_NVIC_EnableIRQ  stm32f4xx_hal_cortex.o
    0x08001370   0x08001370   0x00000068   Code   RO         1235    i.HAL_NVIC_SetPriority  stm32f4xx_hal_cortex.o
    0x080013d8   0x080013d8   0x00000024   Code   RO         1236    i.HAL_NVIC_SetPriorityGrouping  stm32f4xx_hal_cortex.o
    0x080013fc   0x080013fc   0x00000002   Code   RO         1578    i.HAL_RCC_CSSCallback  stm32f4xx_hal_rcc.o
    0x080013fe   0x080013fe   0x00000002   PAD
    0x08001400   0x08001400   0x000001f0   Code   RO         1579    i.HAL_RCC_ClockConfig  stm32f4xx_hal_rcc.o
    0x080015f0   0x080015f0   0x0000000c   Code   RO         1582    i.HAL_RCC_EnableCSS  stm32f4xx_hal_rcc.o
    0x080015fc   0x080015fc   0x0000000c   Code   RO         1584    i.HAL_RCC_GetHCLKFreq  stm32f4xx_hal_rcc.o
    0x08001608   0x08001608   0x0000002c   Code   RO         1586    i.HAL_RCC_GetPCLK1Freq  stm32f4xx_hal_rcc.o
    0x08001634   0x08001634   0x0000002c   Code   RO         1587    i.HAL_RCC_GetPCLK2Freq  stm32f4xx_hal_rcc.o
    0x08001660   0x08001660   0x0000008c   Code   RO         1588    i.HAL_RCC_GetSysClockFreq  stm32f4xx_hal_rcc.o
    0x080016ec   0x080016ec   0x00000020   Code   RO         1590    i.HAL_RCC_NMI_IRQHandler  stm32f4xx_hal_rcc.o
    0x0800170c   0x0800170c   0x00000440   Code   RO         1591    i.HAL_RCC_OscConfig  stm32f4xx_hal_rcc.o
    0x08001b4c   0x08001b4c   0x00000082   Code   RO         7644    i.HAL_SPI_Init      stm32f4xx_hal_spi.o
    0x08001bce   0x08001bce   0x00000002   PAD
    0x08001bd0   0x08001bd0   0x000000a0   Code   RO         9446    i.HAL_SPI_MspInit   bsp_spiflash.o
    0x08001c70   0x08001c70   0x00000166   Code   RO         7647    i.HAL_SPI_Receive   stm32f4xx_hal_spi.o
    0x08001dd6   0x08001dd6   0x0000018e   Code   RO         7652    i.HAL_SPI_Transmit  stm32f4xx_hal_spi.o
    0x08001f64   0x08001f64   0x000001ea   Code   RO         7653    i.HAL_SPI_TransmitReceive  stm32f4xx_hal_spi.o
    0x0800214e   0x0800214e   0x0000001c   Code   RO         1238    i.HAL_SYSTICK_CLKSourceConfig  stm32f4xx_hal_cortex.o
    0x0800216a   0x0800216a   0x00000002   Code   RO         1239    i.HAL_SYSTICK_Callback  stm32f4xx_hal_cortex.o
    0x0800216c   0x0800216c   0x00000028   Code   RO         1240    i.HAL_SYSTICK_Config  stm32f4xx_hal_cortex.o
    0x08002194   0x08002194   0x00000008   Code   RO         1241    i.HAL_SYSTICK_IRQHandler  stm32f4xx_hal_cortex.o
    0x0800219c   0x0800219c   0x00000002   Code   RO         2034    i.HAL_TIMEx_BreakCallback  stm32f4xx_hal_tim_ex.o
    0x0800219e   0x0800219e   0x00000002   Code   RO         2035    i.HAL_TIMEx_CommutationCallback  stm32f4xx_hal_tim_ex.o
    0x080021a0   0x080021a0   0x000000ba   Code   RO         2293    i.HAL_TIM_Encoder_Init  stm32f4xx_hal_tim.o
    0x0800225a   0x0800225a   0x00000002   PAD
    0x0800225c   0x0800225c   0x000000c0   Code   RO         9664    i.HAL_TIM_Encoder_MspInit  bsp_encoder.o
    0x0800231c   0x0800231c   0x00000042   Code   RO         2296    i.HAL_TIM_Encoder_Start  stm32f4xx_hal_tim.o
    0x0800235e   0x0800235e   0x00000002   Code   RO         2304    i.HAL_TIM_IC_CaptureCallback  stm32f4xx_hal_tim.o
    0x08002360   0x08002360   0x00000174   Code   RO         2317    i.HAL_TIM_IRQHandler  stm32f4xx_hal_tim.o
    0x080024d4   0x080024d4   0x00000002   Code   RO         2320    i.HAL_TIM_OC_DelayElapsedCallback  stm32f4xx_hal_tim.o
    0x080024d6   0x080024d6   0x00000002   Code   RO         2347    i.HAL_TIM_PWM_PulseFinishedCallback  stm32f4xx_hal_tim.o
    0x080024d8   0x080024d8   0x00000044   Code   RO         9665    i.HAL_TIM_PeriodElapsedCallback  bsp_encoder.o
    0x0800251c   0x0800251c   0x00000002   Code   RO         2358    i.HAL_TIM_TriggerCallback  stm32f4xx_hal_tim.o
    0x0800251e   0x0800251e   0x00000064   Code   RO         2939    i.HAL_UART_Init     stm32f4xx_hal_uart.o
    0x08002582   0x08002582   0x00000002   PAD
    0x08002584   0x08002584   0x00000048   Code   RO         9605    i.HAL_UART_MspInit  bsp_usartx.o
    0x080025cc   0x080025cc   0x000000dc   Code   RO         2947    i.HAL_UART_Transmit  stm32f4xx_hal_uart.o
    0x080026a8   0x080026a8   0x0000024e   Code   RO         4494    i.HCD_HC_IN_IRQHandler  stm32f4xx_hal_hcd.o
    0x080028f6   0x080028f6   0x00000242   Code   RO         4495    i.HCD_HC_OUT_IRQHandler  stm32f4xx_hal_hcd.o
    0x08002b38   0x08002b38   0x000000c8   Code   RO         4496    i.HCD_Port_IRQHandler  stm32f4xx_hal_hcd.o
    0x08002c00   0x08002c00   0x00000074   Code   RO         4497    i.HCD_RXQLVL_IRQHandler  stm32f4xx_hal_hcd.o
    0x08002c74   0x08002c74   0x00000064   Code   RO         9291    i.HMI_GPIO_Init     bsp_usartx_hmi.o
    0x08002cd8   0x08002cd8   0x00000038   Code   RO           14    i.HMI_USARTx_GetString  main.o
    0x08002d10   0x08002d10   0x00000054   Code   RO         9292    i.HMI_USARTx_Init   bsp_usartx_hmi.o
    0x08002d64   0x08002d64   0x00000098   Code   RO           16    i.HMI_value_setting  main.o
    0x08002dfc   0x08002dfc   0x00000002   Code   RO          693    i.HardFault_Handler  stm32f4xx_it.o
    0x08002dfe   0x08002dfe   0x00000002   PAD
    0x08002e00   0x08002e00   0x00000038   Code   RO         9761    i.KEY1_StateRead    bsp_key.o
    0x08002e38   0x08002e38   0x00000038   Code   RO         9762    i.KEY2_StateRead    bsp_key.o
    0x08002e70   0x08002e70   0x000000b8   Code   RO         9766    i.KEY_GPIO_Init     bsp_key.o
    0x08002f28   0x08002f28   0x00000016   Code   RO         9606    i.MX_NVIC_USARTx_Init  bsp_usartx.o
    0x08002f3e   0x08002f3e   0x00000002   PAD
    0x08002f40   0x08002f40   0x00000038   Code   RO         9447    i.MX_SPIFlash_Init  bsp_spiflash.o
    0x08002f78   0x08002f78   0x00000048   Code   RO         9607    i.MX_USARTx_Init    bsp_usartx.o
    0x08002fc0   0x08002fc0   0x000000fc   Code   RO         9339    i.MX_WEIGHT_SPI_Init  bsp_spiweight.o
    0x080030bc   0x080030bc   0x00000002   Code   RO          694    i.MemManage_Handler  stm32f4xx_it.o
    0x080030be   0x080030be   0x00000004   Code   RO          695    i.NMI_Handler       stm32f4xx_it.o
    0x080030c2   0x080030c2   0x00000002   PAD
    0x080030c4   0x080030c4   0x0000000c   Code   RO          696    i.OTG_FS_IRQHandler  stm32f4xx_it.o
    0x080030d0   0x080030d0   0x00000002   Code   RO          697    i.PendSV_Handler    stm32f4xx_it.o
    0x080030d2   0x080030d2   0x00000002   Code   RO          698    i.RCC_IRQHandler    stm32f4xx_it.o
    0x080030d4   0x080030d4   0x00000024   Code   RO         7668    i.SPI_CheckFlag_BSY  stm32f4xx_hal_spi.o
    0x080030f8   0x080030f8   0x0000005c   Code   RO         9448    i.SPI_FLASH_BufferRead  bsp_spiflash.o
    0x08003154   0x08003154   0x000000e2   Code   RO         9449    i.SPI_FLASH_BufferWrite  bsp_spiflash.o
    0x08003236   0x08003236   0x00000002   PAD
    0x08003238   0x08003238   0x00000068   Code   RO         9451    i.SPI_FLASH_PageWrite  bsp_spiflash.o
    0x080032a0   0x080032a0   0x00000040   Code   RO         9453    i.SPI_FLASH_ReadDeviceID  bsp_spiflash.o
    0x080032e0   0x080032e0   0x00000048   Code   RO         9454    i.SPI_FLASH_ReadID  bsp_spiflash.o
    0x08003328   0x08003328   0x0000004c   Code   RO         9455    i.SPI_FLASH_SectorErase  bsp_spiflash.o
    0x08003374   0x08003374   0x0000002c   Code   RO         9456    i.SPI_FLASH_SendByte  bsp_spiflash.o
    0x080033a0   0x080033a0   0x00000034   Code   RO         9458    i.SPI_FLASH_WaitForWriteEnd  bsp_spiflash.o
    0x080033d4   0x080033d4   0x00000028   Code   RO         9459    i.SPI_FLASH_WriteEnable  bsp_spiflash.o
    0x080033fc   0x080033fc   0x000000aa   Code   RO         7686    i.SPI_WaitFlagStateUntilTimeout  stm32f4xx_hal_spi.o
    0x080034a6   0x080034a6   0x00000002   Code   RO          699    i.SVC_Handler       stm32f4xx_it.o
    0x080034a8   0x080034a8   0x0000000e   Code   RO          700    i.SysTick_Handler   stm32f4xx_it.o
    0x080034b6   0x080034b6   0x00000002   PAD
    0x080034b8   0x080034b8   0x0000009c   Code   RO           17    i.SystemClock_Config  main.o
    0x08003554   0x08003554   0x00000058   Code   RO         9221    i.SystemInit        system_stm32f4xx.o
    0x080035ac   0x080035ac   0x0000000c   Code   RO          701    i.TIM2_IRQHandler   stm32f4xx_it.o
    0x080035b8   0x080035b8   0x0000000c   Code   RO          702    i.TIM3_IRQHandler   stm32f4xx_it.o
    0x080035c4   0x080035c4   0x000000c8   Code   RO         2359    i.TIM_Base_SetConfig  stm32f4xx_hal_tim.o
    0x0800368c   0x0800368c   0x0000001a   Code   RO         2360    i.TIM_CCxChannelCmd  stm32f4xx_hal_tim.o
    0x080036a6   0x080036a6   0x00000002   PAD
    0x080036a8   0x080036a8   0x00000344   Code   RO         2966    i.UART_SetConfig    stm32f4xx_hal_uart.o
    0x080039ec   0x080039ec   0x00000078   Code   RO         2968    i.UART_WaitOnFlagUntilTimeout  stm32f4xx_hal_uart.o
    0x08003a64   0x08003a64   0x000000e0   Code   RO           18    i.USART2_IRQHandler  main.o
    0x08003b44   0x08003b44   0x00000024   Code   RO        10121    i.USBH_AllocPipe    usbh_pipes.o
    0x08003b68   0x08003b68   0x00000026   Code   RO        10049    i.USBH_BulkReceiveData  usbh_ioreq.o
    0x08003b8e   0x08003b8e   0x00000030   Code   RO        10050    i.USBH_BulkSendData  usbh_ioreq.o
    0x08003bbe   0x08003bbe   0x0000000a   Code   RO        10122    i.USBH_ClosePipe    usbh_pipes.o
    0x08003bc8   0x08003bc8   0x0000001e   Code   RO         9941    i.USBH_ClrFeature   usbh_ctlreq.o
    0x08003be6   0x08003be6   0x00000026   Code   RO        10051    i.USBH_CtlReceiveData  usbh_ioreq.o
    0x08003c0c   0x08003c0c   0x00000036   Code   RO         9942    i.USBH_CtlReq       usbh_ctlreq.o
    0x08003c42   0x08003c42   0x00000030   Code   RO        10052    i.USBH_CtlSendData  usbh_ioreq.o
    0x08003c72   0x08003c72   0x00000024   Code   RO        10053    i.USBH_CtlSendSetup  usbh_ioreq.o
    0x08003c96   0x08003c96   0x00000004   Code   RO          819    i.USBH_Delay        usbh_conf.o
    0x08003c9a   0x08003c9a   0x00000052   Code   RO         9820    i.USBH_FindInterface  usbh_core.o
    0x08003cec   0x08003cec   0x00000018   Code   RO        10123    i.USBH_FreePipe     usbh_pipes.o
    0x08003d04   0x08003d04   0x00000040   Code   RO         9943    i.USBH_GetDescriptor  usbh_ctlreq.o
    0x08003d44   0x08003d44   0x00000020   Code   RO        10124    i.USBH_GetFreePipe  usbh_pipes.o
    0x08003d64   0x08003d64   0x0000000e   Code   RO         9944    i.USBH_GetNextDesc  usbh_ctlreq.o
    0x08003d72   0x08003d72   0x0000002e   Code   RO         9945    i.USBH_Get_CfgDesc  usbh_ctlreq.o
    0x08003da0   0x08003da0   0x0000002e   Code   RO         9946    i.USBH_Get_DevDesc  usbh_ctlreq.o
    0x08003dce   0x08003dce   0x0000002e   Code   RO         9947    i.USBH_Get_StringDesc  usbh_ctlreq.o
    0x08003dfc   0x08003dfc   0x000001e8   Code   RO         9948    i.USBH_HandleControl  usbh_ctlreq.o
    0x08003fe4   0x08003fe4   0x00000280   Code   RO         9823    i.USBH_HandleEnum   usbh_core.o
    0x08004264   0x08004264   0x00000014   Code   RO         9824    i.USBH_HandleSof    usbh_core.o
    0x08004278   0x08004278   0x00000064   Code   RO         9825    i.USBH_Init         usbh_core.o
    0x080042dc   0x080042dc   0x0000002c   Code   RO          820    i.USBH_LL_ClosePipe  usbh_conf.o
    0x08004308   0x08004308   0x0000002a   Code   RO         9826    i.USBH_LL_Connect   usbh_core.o
    0x08004332   0x08004332   0x00000002   PAD
    0x08004334   0x08004334   0x00000064   Code   RO         9827    i.USBH_LL_Disconnect  usbh_core.o
    0x08004398   0x08004398   0x00000010   Code   RO          822    i.USBH_LL_DriverVBUS  usbh_conf.o
    0x080043a8   0x080043a8   0x00000008   Code   RO          823    i.USBH_LL_GetLastXferSize  usbh_conf.o
    0x080043b0   0x080043b0   0x00000022   Code   RO          824    i.USBH_LL_GetSpeed  usbh_conf.o
    0x080043d2   0x080043d2   0x00000020   Code   RO          825    i.USBH_LL_GetToggle  usbh_conf.o
    0x080043f2   0x080043f2   0x00000008   Code   RO          826    i.USBH_LL_GetURBState  usbh_conf.o
    0x080043fa   0x080043fa   0x0000000e   Code   RO         9828    i.USBH_LL_IncTimer  usbh_core.o
    0x08004408   0x08004408   0x00000048   Code   RO          827    i.USBH_LL_Init      usbh_conf.o
    0x08004450   0x08004450   0x00000042   Code   RO          828    i.USBH_LL_OpenPipe  usbh_conf.o
    0x08004492   0x08004492   0x0000002c   Code   RO          829    i.USBH_LL_ResetPort  usbh_conf.o
    0x080044be   0x080044be   0x00000006   Code   RO         9829    i.USBH_LL_SetTimer  usbh_core.o
    0x080044c4   0x080044c4   0x00000022   Code   RO          830    i.USBH_LL_SetToggle  usbh_conf.o
    0x080044e6   0x080044e6   0x0000002c   Code   RO          831    i.USBH_LL_Start     usbh_conf.o
    0x08004512   0x08004512   0x0000002c   Code   RO          832    i.USBH_LL_Stop      usbh_conf.o
    0x0800453e   0x0800453e   0x00000046   Code   RO          833    i.USBH_LL_SubmitURB  usbh_conf.o
    0x08004584   0x08004584   0x00000024   Code   RO        10265    i.USBH_MSC_BOT_Abort  usbh_msc_bot.o
    0x080045a8   0x080045a8   0x00000024   Code   RO        10266    i.USBH_MSC_BOT_Init  usbh_msc_bot.o
    0x080045cc   0x080045cc   0x0000023a   Code   RO        10267    i.USBH_MSC_BOT_Process  usbh_msc_bot.o
    0x08004806   0x08004806   0x00000016   Code   RO        10268    i.USBH_MSC_BOT_REQ_GetMaxLUN  usbh_msc_bot.o
    0x0800481c   0x0800481c   0x00000018   Code   RO        10269    i.USBH_MSC_BOT_REQ_Reset  usbh_msc_bot.o
    0x08004834   0x08004834   0x000000a4   Code   RO        10168    i.USBH_MSC_ClassRequest  usbh_msc.o
    0x080048d8   0x080048d8   0x0000004c   Code   RO        10270    i.USBH_MSC_DecodeCSW  usbh_msc_bot.o
    0x08004924   0x08004924   0x00000070   Code   RO        10169    i.USBH_MSC_GetLUNInfo  usbh_msc.o
    0x08004994   0x08004994   0x0000004c   Code   RO        10171    i.USBH_MSC_InterfaceDeInit  usbh_msc.o
    0x080049e0   0x080049e0   0x00000154   Code   RO        10172    i.USBH_MSC_InterfaceInit  usbh_msc.o
    0x08004b34   0x08004b34   0x000005fa   Code   RO        10174    i.USBH_MSC_Process  usbh_msc.o
    0x0800512e   0x0800512e   0x00000002   PAD
    0x08005130   0x08005130   0x00000174   Code   RO        10175    i.USBH_MSC_RdWrProcess  usbh_msc.o
    0x080052a4   0x080052a4   0x0000009a   Code   RO        10176    i.USBH_MSC_Read     usbh_msc.o
    0x0800533e   0x0800533e   0x000000d2   Code   RO        10321    i.USBH_MSC_SCSI_Inquiry  usbh_msc_scsi.o
    0x08005410   0x08005410   0x00000098   Code   RO        10322    i.USBH_MSC_SCSI_Read  usbh_msc_scsi.o
    0x080054a8   0x080054a8   0x0000008c   Code   RO        10323    i.USBH_MSC_SCSI_ReadCapacity  usbh_msc_scsi.o
    0x08005534   0x08005534   0x00000098   Code   RO        10324    i.USBH_MSC_SCSI_RequestSense  usbh_msc_scsi.o
    0x080055cc   0x080055cc   0x0000004e   Code   RO        10325    i.USBH_MSC_SCSI_TestUnitReady  usbh_msc_scsi.o
    0x0800561a   0x0800561a   0x00000096   Code   RO        10326    i.USBH_MSC_SCSI_Write  usbh_msc_scsi.o
    0x080056b0   0x080056b0   0x00000004   Code   RO        10177    i.USBH_MSC_SOFProcess  usbh_msc.o
    0x080056b4   0x080056b4   0x0000002a   Code   RO        10178    i.USBH_MSC_UnitIsReady  usbh_msc.o
    0x080056de   0x080056de   0x0000009a   Code   RO        10179    i.USBH_MSC_Write    usbh_msc.o
    0x08005778   0x08005778   0x0000001e   Code   RO        10125    i.USBH_OpenPipe     usbh_pipes.o
    0x08005796   0x08005796   0x000000b2   Code   RO         9949    i.USBH_ParseCfgDesc  usbh_ctlreq.o
    0x08005848   0x08005848   0x00000058   Code   RO         9950    i.USBH_ParseDevDesc  usbh_ctlreq.o
    0x080058a0   0x080058a0   0x00000020   Code   RO         9951    i.USBH_ParseEPDesc  usbh_ctlreq.o
    0x080058c0   0x080058c0   0x00000026   Code   RO         9952    i.USBH_ParseInterfaceDesc  usbh_ctlreq.o
    0x080058e6   0x080058e6   0x00000034   Code   RO         9953    i.USBH_ParseStringDesc  usbh_ctlreq.o
    0x0800591a   0x0800591a   0x00000002   PAD
    0x0800591c   0x0800591c   0x00000330   Code   RO         9830    i.USBH_Process      usbh_core.o
    0x08005c4c   0x08005c4c   0x00000088   Code   RO         9832    i.USBH_RegisterClass  usbh_core.o
    0x08005cd4   0x08005cd4   0x000000f4   Code   RO         9833    i.USBH_SelectInterface  usbh_core.o
    0x08005dc8   0x08005dc8   0x0000001c   Code   RO         9954    i.USBH_SetAddress   usbh_ctlreq.o
    0x08005de4   0x08005de4   0x0000001c   Code   RO         9955    i.USBH_SetCfg       usbh_ctlreq.o
    0x08005e00   0x08005e00   0x00000016   Code   RO         9834    i.USBH_Start        usbh_core.o
    0x08005e16   0x08005e16   0x00000002   PAD
    0x08005e18   0x08005e18   0x00000024   Code   RO           19    i.USBH_UserProcess  main.o
    0x08005e3c   0x08005e3c   0x00000004   Code   RO        10883    i.USBH_initialize   usbh_diskio.o
    0x08005e40   0x08005e40   0x00000070   Code   RO        10884    i.USBH_ioctl        usbh_diskio.o
    0x08005eb0   0x08005eb0   0x000000c8   Code   RO        10885    i.USBH_read         usbh_diskio.o
    0x08005f78   0x08005f78   0x00000018   Code   RO        10886    i.USBH_status       usbh_diskio.o
    0x08005f90   0x08005f90   0x00000100   Code   RO        10887    i.USBH_write        usbh_diskio.o
    0x08006090   0x08006090   0x00000072   Code   RO         8856    i.USB_CoreInit      stm32f4xx_ll_usb.o
    0x08006102   0x08006102   0x00000002   PAD
    0x08006104   0x08006104   0x0000003c   Code   RO         8857    i.USB_CoreReset     stm32f4xx_ll_usb.o
    0x08006140   0x08006140   0x0000000c   Code   RO         8863    i.USB_DisableGlobalInt  stm32f4xx_ll_usb.o
    0x0800614c   0x0800614c   0x00000048   Code   RO         8864    i.USB_DoPing        stm32f4xx_ll_usb.o
    0x08006194   0x08006194   0x00000040   Code   RO         8865    i.USB_DriveVbus     stm32f4xx_ll_usb.o
    0x080061d4   0x080061d4   0x0000000c   Code   RO         8871    i.USB_EnableGlobalInt  stm32f4xx_ll_usb.o
    0x080061e0   0x080061e0   0x00000024   Code   RO         8872    i.USB_FlushRxFifo   stm32f4xx_ll_usb.o
    0x08006204   0x08006204   0x00000028   Code   RO         8873    i.USB_FlushTxFifo   stm32f4xx_ll_usb.o
    0x0800622c   0x0800622c   0x00000008   Code   RO         8874    i.USB_GetCurrentFrame  stm32f4xx_ll_usb.o
    0x08006234   0x08006234   0x00000012   Code   RO         8876    i.USB_GetHostSpeed  stm32f4xx_ll_usb.o
    0x08006246   0x08006246   0x00000008   Code   RO         8877    i.USB_GetMode       stm32f4xx_ll_usb.o
    0x0800624e   0x0800624e   0x00000154   Code   RO         8878    i.USB_HC_Halt       stm32f4xx_ll_usb.o
    0x080063a2   0x080063a2   0x000000fe   Code   RO         8879    i.USB_HC_Init       stm32f4xx_ll_usb.o
    0x080064a0   0x080064a0   0x0000000a   Code   RO         8880    i.USB_HC_ReadInterrupt  stm32f4xx_ll_usb.o
    0x080064aa   0x080064aa   0x00000002   PAD
    0x080064ac   0x080064ac   0x00000198   Code   RO         8881    i.USB_HC_StartXfer  stm32f4xx_ll_usb.o
    0x08006644   0x08006644   0x000000e0   Code   RO         8882    i.USB_HostInit      stm32f4xx_ll_usb.o
    0x08006724   0x08006724   0x0000003a   Code   RO         8883    i.USB_InitFSLSPClkSel  stm32f4xx_ll_usb.o
    0x0800675e   0x0800675e   0x00000008   Code   RO         8888    i.USB_ReadInterrupts  stm32f4xx_ll_usb.o
    0x08006766   0x08006766   0x00000024   Code   RO         8889    i.USB_ReadPacket    stm32f4xx_ll_usb.o
    0x0800678a   0x0800678a   0x00000030   Code   RO         8890    i.USB_ResetPort     stm32f4xx_ll_usb.o
    0x080067ba   0x080067ba   0x0000002e   Code   RO         8891    i.USB_SetCurrentMode  stm32f4xx_ll_usb.o
    0x080067e8   0x080067e8   0x000000aa   Code   RO         8895    i.USB_StopHost      stm32f4xx_ll_usb.o
    0x08006892   0x08006892   0x00000030   Code   RO         8896    i.USB_WritePacket   stm32f4xx_ll_usb.o
    0x080068c2   0x080068c2   0x00000002   Code   RO          703    i.UsageFault_Handler  stm32f4xx_it.o
    0x080068c4   0x080068c4   0x00000084   Code   RO         9666    i.XENCODER_TIMx_Init  bsp_encoder.o
    0x08006948   0x08006948   0x00000088   Code   RO         9667    i.YENCODER_TIMx_Init  bsp_encoder.o
    0x080069d0   0x080069d0   0x00000020   Code   RO        11215    i.__0printf         mc_w.l(printfa.o)
    0x080069f0   0x080069f0   0x00000028   Code   RO        11217    i.__0sprintf        mc_w.l(printfa.o)
    0x08006a18   0x08006a18   0x00000030   Code   RO        11301    i.__ARM_fpclassify  m_wm.l(fpclassify.o)
    0x08006a48   0x08006a48   0x00000c50   Code   RO        10943    i.__hardfp_pow      m_wm.l(pow.o)
    0x08007698   0x08007698   0x0000007a   Code   RO        10957    i.__hardfp_sqrt     m_wm.l(sqrt.o)
    0x08007712   0x08007712   0x000000f8   Code   RO        11303    i.__kernel_poly     m_wm.l(poly.o)
    0x0800780a   0x0800780a   0x00000006   PAD
    0x08007810   0x08007810   0x00000030   Code   RO        11281    i.__mathlib_dbl_divzero  m_wm.l(dunder.o)
    0x08007840   0x08007840   0x00000014   Code   RO        11283    i.__mathlib_dbl_infnan2  m_wm.l(dunder.o)
    0x08007854   0x08007854   0x00000004   PAD
    0x08007858   0x08007858   0x00000020   Code   RO        11284    i.__mathlib_dbl_invalid  m_wm.l(dunder.o)
    0x08007878   0x08007878   0x00000020   Code   RO        11285    i.__mathlib_dbl_overflow  m_wm.l(dunder.o)
    0x08007898   0x08007898   0x00000020   Code   RO        11287    i.__mathlib_dbl_underflow  m_wm.l(dunder.o)
    0x080078b8   0x080078b8   0x0000000e   Code   RO        11361    i.__scatterload_copy  mc_w.l(handlers.o)
    0x080078c6   0x080078c6   0x00000002   Code   RO        11362    i.__scatterload_null  mc_w.l(handlers.o)
    0x080078c8   0x080078c8   0x0000000e   Code   RO        11363    i.__scatterload_zeroinit  mc_w.l(handlers.o)
    0x080078d6   0x080078d6   0x00000002   PAD
    0x080078d8   0x080078d8   0x0000000c   Code   RO        11335    i.__set_errno       mc_w.l(errno.o)
    0x080078e4   0x080078e4   0x00000184   Code   RO        11222    i._fp_digits        mc_w.l(printfa.o)
    0x08007a68   0x08007a68   0x000006dc   Code   RO        11223    i._printf_core      mc_w.l(printfa.o)
    0x08008144   0x08008144   0x00000024   Code   RO        11224    i._printf_post_padding  mc_w.l(printfa.o)
    0x08008168   0x08008168   0x0000002e   Code   RO        11225    i._printf_pre_padding  mc_w.l(printfa.o)
    0x08008196   0x08008196   0x0000000a   Code   RO        11227    i._sputc            mc_w.l(printfa.o)
    0x080081a0   0x080081a0   0x00000090   Code   RO        10462    i.check_fs          ff.o
    0x08008230   0x08008230   0x00000010   Code   RO        10463    i.chk_chr           ff.o
    0x08008240   0x08008240   0x0000007c   Code   RO        10464    i.chk_lock          ff.o
    0x080082bc   0x080082bc   0x00000028   Code   RO        10465    i.clear_lock        ff.o
    0x080082e4   0x080082e4   0x0000002e   Code   RO        10466    i.clmt_clust        ff.o
    0x08008312   0x08008312   0x0000001e   Code   RO        10467    i.clust2sect        ff.o
    0x08008330   0x08008330   0x00000088   Code   RO        10468    i.cmp_lfn           ff.o
    0x080083b8   0x080083b8   0x000000c6   Code   RO        10469    i.create_chain      ff.o
    0x0800847e   0x0800847e   0x00000002   PAD
    0x08008480   0x08008480   0x00000258   Code   RO        10470    i.create_name       ff.o
    0x080086d8   0x080086d8   0x00000038   Code   RO        10471    i.dec_lock          ff.o
    0x08008710   0x08008710   0x0000004a   Code   RO        10472    i.dir_alloc         ff.o
    0x0800875a   0x0800875a   0x000000da   Code   RO        10473    i.dir_find          ff.o
    0x08008834   0x08008834   0x00000162   Code   RO        10474    i.dir_next          ff.o
    0x08008996   0x08008996   0x000000d0   Code   RO        10475    i.dir_read          ff.o
    0x08008a66   0x08008a66   0x00000002   PAD
    0x08008a68   0x08008a68   0x00000140   Code   RO        10476    i.dir_register      ff.o
    0x08008ba8   0x08008ba8   0x000000ae   Code   RO        10478    i.dir_sdi           ff.o
    0x08008c56   0x08008c56   0x00000002   PAD
    0x08008c58   0x08008c58   0x0000002c   Code   RO        10375    i.disk_initialize   diskio.o
    0x08008c84   0x08008c84   0x0000001c   Code   RO        10376    i.disk_ioctl        diskio.o
    0x08008ca0   0x08008ca0   0x00000020   Code   RO        10377    i.disk_read         diskio.o
    0x08008cc0   0x08008cc0   0x00000018   Code   RO        10378    i.disk_status       diskio.o
    0x08008cd8   0x08008cd8   0x00000020   Code   RO        10379    i.disk_write        diskio.o
    0x08008cf8   0x08008cf8   0x00000028   Code   RO        10479    i.enq_lock          ff.o
    0x08008d20   0x08008d20   0x0000003a   Code   RO           20    i.exf_getfree       main.o
    0x08008d5a   0x08008d5a   0x0000002c   Code   RO        10481    i.f_close           ff.o
    0x08008d86   0x08008d86   0x000000f0   Code   RO        10483    i.f_getfree         ff.o
    0x08008e76   0x08008e76   0x0000018e   Code   RO        10486    i.f_mkdir           ff.o
    0x08009004   0x08009004   0x00000068   Code   RO        10488    i.f_mount           ff.o
    0x0800906c   0x0800906c   0x000001de   Code   RO        10489    i.f_open            ff.o
    0x0800924a   0x0800924a   0x000000a6   Code   RO        10490    i.f_opendir         ff.o
    0x080092f0   0x080092f0   0x00000068   Code   RO        10495    i.f_readdir         ff.o
    0x08009358   0x08009358   0x000000c8   Code   RO        10498    i.f_sync            ff.o
    0x08009420   0x08009420   0x00000218   Code   RO        10502    i.f_write           ff.o
    0x08009638   0x08009638   0x00000018   Code   RO        11297    i.fabs              m_wm.l(fabs.o)
    0x08009650   0x08009650   0x00000060   Code   RO        10380    i.ff_convert        diskio.o
    0x080096b0   0x080096b0   0x0000002c   Code   RO        10381    i.ff_wtoupper       diskio.o
    0x080096dc   0x080096dc   0x00000388   Code   RO        10503    i.find_volume       ff.o
    0x08009a64   0x08009a64   0x00000074   Code   RO        10504    i.fit_lfn           ff.o
    0x08009ad8   0x08009ad8   0x00000082   Code   RO        10505    i.follow_path       ff.o
    0x08009b5a   0x08009b5a   0x00000002   PAD
    0x08009b5c   0x08009b5c   0x0000001c   Code   RO         9609    i.fputc             bsp_usartx.o
    0x08009b78   0x08009b78   0x00000050   Code   RO        11243    i.free              mc_w.l(malloc.o)
    0x08009bc8   0x08009bc8   0x000000a6   Code   RO        10506    i.gen_numname       ff.o
    0x08009c6e   0x08009c6e   0x000000d6   Code   RO        10507    i.get_fat           ff.o
    0x08009d44   0x08009d44   0x00000004   Code   RO        10382    i.get_fattime       diskio.o
    0x08009d48   0x08009d48   0x000000f2   Code   RO        10508    i.get_fileinfo      ff.o
    0x08009e3a   0x08009e3a   0x0000004e   Code   RO        10509    i.get_ldnumber      ff.o
    0x08009e88   0x08009e88   0x000000b4   Code   RO        10510    i.inc_lock          ff.o
    0x08009f3c   0x08009f3c   0x0000000c   Code   RO           21    i.int_abs           main.o
    0x08009f48   0x08009f48   0x00000020   Code   RO        10511    i.ld_clust          ff.o
    0x08009f68   0x08009f68   0x00002244   Code   RO           22    i.main              main.o
    0x0800c1ac   0x0800c1ac   0x0000006c   Code   RO        11244    i.malloc            mc_w.l(malloc.o)
    0x0800c218   0x0800c218   0x00000018   Code   RO        10512    i.mem_cmp           ff.o
    0x0800c230   0x0800c230   0x00000012   Code   RO        10513    i.mem_cpy           ff.o
    0x0800c242   0x0800c242   0x00000010   Code   RO        10514    i.mem_set           ff.o
    0x0800c252   0x0800c252   0x00000038   Code   RO        10515    i.move_window       ff.o
    0x0800c28a   0x0800c28a   0x00000002   PAD
    0x0800c28c   0x0800c28c   0x00000084   Code   RO        10516    i.pick_lfn          ff.o
    0x0800c310   0x0800c310   0x0000023c   Code   RO           23    i.printf_fatfs_error  main.o
    0x0800c54c   0x0800c54c   0x00000110   Code   RO        10517    i.put_fat           ff.o
    0x0800c65c   0x0800c65c   0x00000074   Code   RO        10519    i.remove_chain      ff.o
    0x0800c6d0   0x0800c6d0   0x00000098   Code   RO           24    i.scan_files        main.o
    0x0800c768   0x0800c768   0x0000006e   Code   RO        10959    i.sqrt              m_wm.l(sqrt.o)
    0x0800c7d6   0x0800c7d6   0x00000010   Code   RO        10520    i.st_clust          ff.o
    0x0800c7e6   0x0800c7e6   0x0000001a   Code   RO        10521    i.sum_sfn           ff.o
    0x0800c800   0x0800c800   0x000000ba   Code   RO        10522    i.sync_fs           ff.o
    0x0800c8ba   0x0800c8ba   0x00000064   Code   RO        10523    i.sync_window       ff.o
    0x0800c91e   0x0800c91e   0x00000034   Code   RO        10524    i.validate          ff.o
    0x0800c952   0x0800c952   0x0000002a   Code   RO         9340    i.weight_ad7190_ReadAvg  bsp_spiweight.o
    0x0800c97c   0x0800c97c   0x00000098   Code   RO         9341    i.weight_ad7190_conf  bsp_spiweight.o
    0x0800ca14   0x0800ca14   0x00000040   Code   RO           25    i.write_file        main.o
    0x0800ca54   0x0800ca54   0x00000010   Data   RO         9222    .constdata          system_stm32f4xx.o
    0x0800ca64   0x0800ca64   0x00000008   Data   RO         9223    .constdata          system_stm32f4xx.o
    0x0800ca6c   0x0800ca6c   0x0002acc8   Data   RO        10383    .constdata          diskio.o
    0x08037734   0x08037734   0x0000003a   Data   RO        10526    .constdata          ff.o
    0x0803776e   0x0803776e   0x00000002   PAD
    0x08037770   0x08037770   0x00000014   Data   RO        10889    .constdata          usbh_diskio.o
    0x08037784   0x08037784   0x00000004   PAD
    0x08037788   0x08037788   0x00000088   Data   RO        10946    .constdata          m_wm.l(pow.o)
    0x08037810   0x08037810   0x00000008   Data   RO        11305    .constdata          m_wm.l(qnan.o)
    0x08037818   0x08037818   0x00000004   Data   RO        10180    .conststring        usbh_msc.o
    0x0803781c   0x0803781c   0x00000020   Data   RO        11359    Region$$Table       anon$$obj.o


    Execution Region RW_IRAM1 (Exec base: 0x20000000, Load base: 0x0803783c, Size: 0x00002550, Max: 0x00020000, ABSOLUTE, COMPRESSED[0x0000002c])

    Exec Addr    Load Addr    Size         Type   Attr      Idx    E Section Name        Object

    0x20000000   COMPRESSED   0x000001b7   Data   RW           29    .data               main.o
    0x200001b7   COMPRESSED   0x00000001   PAD
    0x200001b8   COMPRESSED   0x00000004   Data   RW         1807    .data               stm32f4xx_hal.o
    0x200001bc   COMPRESSED   0x00000004   Data   RW         9224    .data               system_stm32f4xx.o
    0x200001c0   COMPRESSED   0x00000008   Data   RW         9669    .data               bsp_encoder.o
    0x200001c8   COMPRESSED   0x00000020   Data   RW        10181    .data               usbh_msc.o
    0x200001e8   COMPRESSED   0x00000008   Data   RW        10527    .data               ff.o
    0x200001f0   COMPRESSED   0x00000004   Data   RW        11320    .data               mc_w.l(stdout.o)
    0x200001f4   COMPRESSED   0x00000004   Data   RW        11331    .data               mc_w.l(mvars.o)
    0x200001f8   COMPRESSED   0x00000004   Data   RW        11332    .data               mc_w.l(mvars.o)
    0x200001fc   COMPRESSED   0x00000004   Data   RW        11336    .data               mc_w.l(errno.o)
    0x20000200        -       0x00000ae5   Zero   RW           27    .bss                main.o
    0x20000ce5   COMPRESSED   0x00000003   PAD
    0x20000ce8        -       0x00000298   Zero   RW          834    .bss                usbh_conf.o
    0x20000f80        -       0x00000040   Zero   RW         9293    .bss                bsp_usartx_hmi.o
    0x20000fc0        -       0x00000058   Zero   RW         9342    .bss                bsp_spiweight.o
    0x20001018        -       0x00000058   Zero   RW         9462    .bss                bsp_spiflash.o
    0x20001070        -       0x00000040   Zero   RW         9610    .bss                bsp_usartx.o
    0x200010b0        -       0x00000078   Zero   RW         9668    .bss                bsp_encoder.o
    0x20001128        -       0x00000018   Zero   RW        10525    .bss                ff.o
    0x20001140        -       0x0000000c   Zero   RW        10837    .bss                ff_gen_drv.o
    0x2000114c        -       0x00000200   Zero   RW        10888    .bss                usbh_diskio.o
    0x2000134c   COMPRESSED   0x00000004   PAD
    0x20001350        -       0x00000200   Zero   RW            2    HEAP                startup_stm32f407xx.o
    0x20001550        -       0x00001000   Zero   RW            1    STACK               startup_stm32f407xx.o


==============================================================================

Image component sizes


      Code (inc. data)   RO Data    RW Data    ZI Data      Debug   Object Name

       528         56          0          8        120       3470   bsp_encoder.o
       296         22          0          0          0       3138   bsp_key.o
       986         68          0          0         88       8907   bsp_spiflash.o
       854         60          0          0         88       8565   bsp_spiweight.o
       194         30          0          0         64       2790   bsp_usartx.o
       184         20          0          0         64       1724   bsp_usartx_hmi.o
       304         44     175304          0          0      10970   diskio.o
      8124         96         58          8         24      49100   ff.o
        78          6          0          0         12       1583   ff_gen_drv.o
     10346       3114          0        439       2789      97054   main.o
        36          8        392          0       4608        836   startup_stm32f407xx.o
       150         22          0          4          0       4419   stm32f4xx_hal.o
       242         16          0          0          0      31853   stm32f4xx_hal_cortex.o
       568         22          0          0          0       3227   stm32f4xx_hal_gpio.o
      2466          6          0          0          0      13705   stm32f4xx_hal_hcd.o
       104          0          0          0          0     682386   stm32f4xx_hal_msp.o
      1870        100          0          0          0       8079   stm32f4xx_hal_rcc.o
      1582          0          0          0          0       6902   stm32f4xx_hal_spi.o
       858         22          0          0          0       6874   stm32f4xx_hal_tim.o
         4          0          0          0          0       1578   stm32f4xx_hal_tim_ex.o
      1276         14          0          0          0       3992   stm32f4xx_hal_uart.o
        70         18          0          0          0       5947   stm32f4xx_it.o
      2094         48          0          0          0      17091   stm32f4xx_ll_usb.o
        88         24         24          4          0       1159   system_stm32f4xx.o
       670         22          0          0        664      20220   usbh_conf.o
      2288        704          0          0          0      10354   usbh_core.o
      1232         42          0          0          0      11904   usbh_ctlreq.o
       596        132         20          0        512       5067   usbh_diskio.o
       208          0          0          0          0       4412   usbh_ioreq.o
      2948        438          4         32          0      14985   usbh_msc.o
       764         26          0          0          0       7032   usbh_msc_bot.o
       882          0          0          0          0       6243   usbh_msc_scsi.o
       132          0          0          0          0       3922   usbh_pipes.o

    ----------------------------------------------------------------------
     43076       5180     175840        496       9040    1059488   Object Totals
         0          0         32          0          0          0   (incl. Generated)
        54          0          6          1          7          0   (incl. Padding)

    ----------------------------------------------------------------------

      Code (inc. data)   RO Data    RW Data    ZI Data      Debug   Library Member Name

       164         44          0          0          0        620   dunder.o
        24          0          0          0          0        124   fabs.o
        48          0          0          0          0        124   fpclassify.o
       248          0          0          0          0        152   poly.o
      3152        296        136          0          0        352   pow.o
         0          0          8          0          0          0   qnan.o
       232          0          0          0          0        296   sqrt.o
        58          0          0          0          0          0   __dczerorl.o
         0          0          0          0          0          0   entry.o
         0          0          0          0          0          0   entry10a.o
         0          0          0          0          0          0   entry11a.o
         8          4          0          0          0          0   entry2.o
         4          0          0          0          0          0   entry5.o
         0          0          0          0          0          0   entry7b.o
         0          0          0          0          0          0   entry8b.o
         8          4          0          0          0          0   entry9a.o
        12          6          0          4          0         68   errno.o
        30          0          0          0          0          0   handlers.o
        36          8          0          0          0         68   init.o
         0          0          0          0          0          0   iusefp.o
        98          0          0          0          0         84   ldiv.o
        30          0          0          0          0         68   llshl.o
        36          0          0          0          0         68   llsshr.o
        32          0          0          0          0         68   llushr.o
       188         20          0          0          0        160   malloc.o
        36          0          0          0          0         68   memcpya.o
        36          0          0          0          0        108   memseta.o
         0          0          0          8          0          0   mvars.o
      2308         96          0          0          0        604   printfa.o
         0          0          0          4          0          0   stdout.o
        14          0          0          0          0         68   strlen.o
        44          0          0          0          0         80   uidiv.o
        98          0          0          0          0         92   uldiv.o
        48          0          0          0          0         68   cdrcmple.o
       334          0          0          0          0        148   dadd.o
       222          0          0          0          0        100   ddiv.o
       186          0          0          0          0        176   depilogue.o
        62          0          0          0          0         80   dfixi.o
        48          0          0          0          0         68   dfixul.o
        34          0          0          0          0         76   dflti.o
       228          0          0          0          0         96   dmul.o
        46          0          0          0          0         80   dscalb.o
       162          0          0          0          0        100   dsqrt.o

    ----------------------------------------------------------------------
      8328        478        144         16          0       4264   Library Totals
        14          0          0          0          0          0   (incl. Padding)

    ----------------------------------------------------------------------

      Code (inc. data)   RO Data    RW Data    ZI Data      Debug   Library Name

      3868        340        144          0          0       1668   m_wm.l
      3076        138          0         16          0       1604   mc_w.l
      1370          0          0          0          0        992   mf_w.l

    ----------------------------------------------------------------------
      8328        478        144         16          0       4264   Library Totals

    ----------------------------------------------------------------------

==============================================================================


      Code (inc. data)   RO Data    RW Data    ZI Data      Debug   

     51404       5658     175984        512       9040    1033484   Grand Totals
     51404       5658     175984         44       9040    1033484   ELF Image Totals (compressed)
     51404       5658     175984         44          0          0   ROM Totals

==============================================================================

    Total RO  Size (Code + RO Data)               227388 ( 222.06kB)
    Total RW  Size (RW Data + ZI Data)              9552 (   9.33kB)
    Total ROM Size (Code + RO Data + RW Data)     227432 ( 222.10kB)

==============================================================================

