<html>
<body>
<pre>
<h1>礦ision Build Log</h1>
<h2>Tool Versions:</h2>
IDE-Version: μVision V5.26.2.0
Copyright (C) 2018 ARM Ltd and ARM Germany GmbH. All rights reserved.
License Information: L LTC, LTC, LIC=MGX8T-RBPQ9-LUD4M-XRVLD-36TJF-BCQI8
 
Tool Versions:
Toolchain:       MDK-ARM Professional  Version: 5.26.2.0
Toolchain Path:  E:\ZYAPP\Keil_v5\ARM\ARMCC\Bin
C Compiler:      Armcc.exe V5.06 update 6 (build 750)
Assembler:       Armasm.exe V5.06 update 6 (build 750)
Linker/Locator:  ArmLink.exe V5.06 update 6 (build 750)
Library Manager: ArmAr.exe V5.06 update 6 (build 750)
Hex Converter:   FromElf.exe V5.06 update 6 (build 750)
CPU DLL:         SARMCM3.DLL V5.26.2.0
Dialog DLL:      DCM.DLL V1.17.2.0
Target DLL:      STLink\ST-LINKIII-KEIL_SWO.dll V3.0.5.0
Dialog DLL:      TCM.DLL V1.36.1.0
 
<h2>Project:</h2>
D:\APPDATE\微信文件\WeChat Files\wxid_jip8kleh9bzj12\FileStorage\File\2021-01\【正点原子】LORA模块ATK-LORA-01资料\3，程序源码\（标准库版本，适合探索者STM32F407开发板）扩展实验23 ATK-LORA-01模块实验\USER\LORA.uvprojx
Project File Date:  01/21/2021

<h2>Output:</h2>
*** Using Compiler 'V5.06 update 6 (build 750)', folder: 'E:\ZYAPP\Keil_v5\ARM\ARMCC\Bin'
Build target 'LORA'
compiling key.c...
compiling stm32f4xx_it.c...
compiling spi.c...
compiling led.c...
compiling system_stm32f4xx.c...
compiling main.c...
compiling lcd.c...
compiling 24cxx.c...
compiling myiic.c...
compiling w25qxx.c...
compiling timer.c...
compiling usart3.c...
compiling ctiic.c...
compiling sdio_sdcard.c...
compiling gt9147.c...
compiling delay.c...
compiling ott2001a.c...
compiling ft5206.c...
compiling sys.c...
compiling usart.c...
assembling startup_stm32f40_41xxx.s...
compiling touch.c...
compiling misc.c...
compiling stm32f4xx_gpio.c...
compiling stm32f4xx_syscfg.c...
compiling stm32f4xx_fsmc.c...
compiling stm32f4xx_dma.c...
compiling stm32f4xx_sdio.c...
compiling stm32f4xx_rcc.c...
compiling stm32f4xx_usart.c...
compiling stm32f4xx_exti.c...
compiling malloc.c...
compiling usmart_config.c...
compiling stm32f4xx_spi.c...
compiling usmart.c...
compiling stm32f4xx_tim.c...
compiling ff.c...
compiling usmart_str.c...
compiling diskio.c...
compiling mycc936.c...
compiling exfuns.c...
compiling fattester.c...
compiling fontupd.c...
compiling text.c...
compiling lora_app.c...
compiling lora_ui.c...
linking...
Program Size: Code=89808 RO-data=9032 RW-data=996 ZI-data=1226996  
FromELF: creating hex file...
"..\OBJ\LORA.axf" - 0 Error(s), 0 Warning(s).

<h2>Software Packages used:</h2>

Package Vendor: Keil
                http://www.keil.com/pack/Keil.STM32F4xx_DFP.2.13.0.pack
                Keil.STM32F4xx_DFP.2.13.0
                STMicroelectronics STM32F4 Series Device Support, Drivers and Examples

<h2>Collection of Component include folders:</h2>
  .\RTE\_LORA
  E:\ZYAPP\Keil_v5\ARM\PACK\Keil\STM32F4xx_DFP\2.13.0\Drivers\CMSIS\Device\ST\STM32F4xx\Include

<h2>Collection of Component Files used:</h2>
Build Time Elapsed:  00:00:10
</pre>
</body>
</html>
