<html>
<body>
<pre>
<h1>礦ision Build Log</h1>
<h2>Project:</h2>
C:\网站资料\encoder\STM32\例程19 SPI实验\USER\SPI.uvproj
Project File Date:  07/14/2020

<h2>Output:</h2>
Rebuild target 'SPI'
compiling main.c...
compiling stm32f4xx_it.c...
compiling system_stm32f4xx.c...
compiling led.c...
compiling lcd.c...
compiling key.c...
compiling spi.c...
compiling w25qxx.c...
compiling delay.c...
compiling sys.c...
compiling usart.c...
assembling startup_stm32f40_41xxx.s...
compiling misc.c...
compiling stm32f4xx_gpio.c...
compiling stm32f4xx_fsmc.c...
compiling stm32f4xx_rcc.c...
compiling stm32f4xx_spi.c...
compiling stm32f4xx_syscfg.c...
compiling stm32f4xx_usart.c...
linking...
Program Size: Code=7746 RO-data=466 RW-data=48 ZI-data=1832  
FromELF: creating hex file...
"..\OBJ\SPI.axf" - 0 Errors, 0 Warning(s).
